05-28 06:06:32.415 I/healthd (  291): type=1400 audit(0.0:348): avc: denied { read } for name="capacity" dev="fuse" ino=8 scontext=u:r:init:s0 tcontext=u:object_r:fuse:s0 tclass=file permissive=1
05-28 06:06:32.415 I/healthd (  291): type=1400 audit(0.0:349): avc: denied { open } for path="/dev/pipe/battery/BAT0/capacity" dev="fuse" ino=8 scontext=u:r:init:s0 tcontext=u:object_r:fuse:s0 tclass=file permissive=1
05-28 06:06:32.415 I/healthd (  291): type=1400 audit(0.0:350): avc: denied { call } for scontext=u:r:init:s0 tcontext=u:r:system_server:s0 tclass=binder permissive=1
05-28 06:06:32.423 W/System  ( 1044): ClassLoader referenced unknown path: /system/priv-app/ContactsProvider/lib/x86_64
05-28 06:06:32.424 W/LocationProviderProxy-network(  593): Odd, no component found for service com.android.location.service.v3.NetworkLocationProvider
05-28 06:06:32.424 W/GeocoderProxy(  593): Odd, no component found for service com.android.location.service.GeocodeProvider
05-28 06:06:32.424 W/GeofenceProxy(  593): Odd, no component found for service com.android.location.service.GeofenceProvider
05-28 06:06:32.424 W/ActivityRecognitionProxy(  593): Odd, no component found for service com.android.location.service.ActivityRecognitionProvider
05-28 06:06:32.456 E/OMXNodeInstance(  285): getExtensionIndex(11d000e:google.vp8.decoder, OMX.google.android.index.configureVideoTunnelMode) ERROR: UnsupportedIndex(0x8000101a)
05-28 06:06:32.456 W/OMXNodeInstance(  285): [11d000e:google.vp8.decoder] component does not support metadata mode; using fallback
05-28 06:06:32.470 I/MediaPlayerService(  288): MediaPlayerService::getOMX
05-28 06:06:32.470 I/OMXClient(  288): MuxOMX ctor
05-28 06:06:32.470 I/OMXMaster(  285): makeComponentInstance(OMX.google.vp9.decoder) in mediacodec process
05-28 06:06:32.485 E/OMXNodeInstance(  285): getExtensionIndex(11d000f:google.vp9.decoder, OMX.google.android.index.configureVideoTunnelMode) ERROR: UnsupportedIndex(0x8000101a)
05-28 06:06:32.485 W/OMXNodeInstance(  285): [11d000f:google.vp9.decoder] component does not support metadata mode; using fallback
05-28 06:06:32.486 I/MediaPlayerService(  288): MediaPlayerService::getOMX
05-28 06:06:32.486 I/OMXClient(  288): MuxOMX ctor
05-28 06:06:32.486 I/OMXMaster(  285): makeComponentInstance(OMX.google.hevc.decoder) in mediacodec process
05-28 06:06:32.488 I/vol.Events(  673): writeEvent level_changed STREAM_ALARM 6
05-28 06:06:32.488 I/vol.Events(  673): writeEvent level_changed STREAM_BLUETOOTH_SCO 7
05-28 06:06:32.488 I/vol.Events(  673): writeEvent level_changed STREAM_MUSIC 11
05-28 06:06:32.489 I/vol.Events(  673): writeEvent level_changed STREAM_RING 5
05-28 06:06:32.489 I/vol.Events(  673): writeEvent level_changed STREAM_SYSTEM 5
05-28 06:06:32.489 I/vol.Events(  673): writeEvent level_changed STREAM_VOICE_CALL 4
05-28 06:06:32.507 I/rild    (  293): type=1400 audit(0.0:351): avc: denied { read } for path="socket:[13809]" dev="sockfs" ino=13809 scontext=u:r:rild:s0 tcontext=u:r:init:s0 tclass=unix_stream_socket permissive=1
05-28 06:06:32.507 I/rild    (  293): type=1400 audit(0.0:352): avc: denied { write } for path="socket:[13809]" dev="sockfs" ino=13809 scontext=u:r:rild:s0 tcontext=u:r:init:s0 tclass=unix_stream_socket permissive=1
05-28 06:06:32.512 I/org.webrtc.Logging(  758): PeerConnectionFactory: PeerConnectionFactory was initialized without an injected Loggable. Any existing Loggable will be deleted.
05-28 06:06:32.517 I/Telephony(  743): TtyManager: updateUiTtyMode -1 -> 0
05-28 06:06:32.523 I/genybaseband(  296): type=1400 audit(0.0:353): avc: denied { read } for path="socket:[9388]" dev="sockfs" ino=9388 scontext=u:r:logwrapper:s0 tcontext=u:r:init:s0 tclass=unix_stream_socket permissive=1
05-28 06:06:32.523 I/genybaseband(  296): type=1400 audit(0.0:354): avc: denied { sendto } for path="/dev/socket/logdw" scontext=u:r:logwrapper:s0 tcontext=u:r:init:s0 tclass=unix_dgram_socket permissive=1
05-28 06:06:32.523 I/genybaseband(  296): type=1400 audit(0.0:355): avc: denied { write } for path="socket:[9383]" dev="sockfs" ino=9383 scontext=u:r:logwrapper:s0 tcontext=u:r:logwrapper:s0 tclass=tcp_socket permissive=1
05-28 06:06:32.523 I/genybaseband(  296): type=1400 audit(0.0:356): avc: denied { read } for path="socket:[9383]" dev="sockfs" ino=9383 scontext=u:r:logwrapper:s0 tcontext=u:r:logwrapper:s0 tclass=tcp_socket permissive=1
05-28 06:06:32.525 I/org.webrtc.Logging(  758): WebRtcAudioManagerExternal: Sample rate is set to 44100 Hz
05-28 06:06:32.526 I/org.webrtc.Logging(  758): WebRtcAudioManagerExternal: Sample rate is set to 44100 Hz
05-28 06:06:32.526 I/org.webrtc.Logging(  758): JavaAudioDeviceModule: createAudioDeviceModule
05-28 06:06:32.526 I/org.webrtc.Logging(  758): JavaAudioDeviceModule: HW NS will not be used.
05-28 06:06:32.526 I/org.webrtc.Logging(  758): JavaAudioDeviceModule: HW AEC will not be used.
05-28 06:06:32.526 I/org.webrtc.Logging(  758): WebRtcAudioEffectsExternal: ctor@[name=Thread-2, id=36]
05-28 06:06:32.526 I/org.webrtc.Logging(  758): WebRtcAudioRecordExternal: ctor@[name=Thread-2, id=36]
05-28 06:06:32.526 I/org.webrtc.Logging(  758): WebRtcAudioTrackExternal: ctor@[name=Thread-2, id=36]
05-28 06:06:32.527 I/droid.deskclock(  871): type=1400 audit(0.0:357): avc: denied { sendto } for path="/dev/socket/logdw" scontext=u:r:untrusted_app:s0:c512,c768 tcontext=u:r:init:s0 tclass=unix_dgram_socket permissive=1
05-28 06:06:32.527 I/Binder:279_1(  562): type=1400 audit(0.0:358): avc: denied { sendto } for path="/dev/socket/logdw" scontext=u:r:audioserver:s0 tcontext=u:r:init:s0 tclass=unix_dgram_socket permissive=1
05-28 06:06:32.527 I/GnssLocationProvider(  593): WakeLock acquired by sendMessage(12, 0, null)
05-28 06:06:32.527 I/GnssLocationProvider(  593): WakeLock released by handleMessage(12, 0, null)
05-28 06:06:32.527 I/AlarmClock(  871): AlarmInitReceiver android.intent.action.LOCKED_BOOT_COMPLETED
05-28 06:06:32.531 I/genybaseband( 1076): type=1400 audit(0.0:359): avc: denied { write } for path="socket:[9388]" dev="sockfs" ino=9388 scontext=u:r:logwrapper:s0 tcontext=u:r:init:s0 tclass=unix_stream_socket permissive=1
05-28 06:06:32.531 I/genybaseband(  296): type=1400 audit(0.0:360): avc: denied { read } for path="socket:[9388]" dev="sockfs" ino=9388 scontext=u:r:logwrapper:s0 tcontext=u:r:init:s0 tclass=unix_stream_socket permissive=1
05-28 06:06:32.557 W/art     (  673): Suspending all threads took: 35.507ms
05-28 06:06:32.559 I/art     (  673): Background sticky concurrent mark sweep GC freed 12190(1269KB) AllocSpace objects, 2(40KB) LOS objects, 33% free, 2MB/3MB, paused 36.199ms total 91.587ms
05-28 06:06:32.561 E/OMXNodeInstance(  285): getExtensionIndex(11d0010:google.hevc.decoder, OMX.google.android.index.configureVideoTunnelMode) ERROR: UnsupportedIndex(0x8000101a)
05-28 06:06:32.561 W/OMXNodeInstance(  285): [11d0010:google.hevc.decoder] component does not support metadata mode; using fallback
05-28 06:06:32.562 I/MediaPlayerService(  288): MediaPlayerService::getOMX
05-28 06:06:32.562 I/OMXClient(  288): MuxOMX ctor
05-28 06:06:32.562 I/OMXMaster(  285): makeComponentInstance(OMX.google.mpeg2v.decoder) in mediacodec process
05-28 06:06:32.562 E/OMX     (  285): FAILED to allocate omx component 'OMX.google.mpeg2v.decoder' err=InvalidComponentName(0x80001002)
05-28 06:06:32.563 I/MediaPlayerService(  288): MediaPlayerService::getOMX
05-28 06:06:32.563 I/OMXClient(  288): MuxOMX ctor
05-28 06:06:32.563 I/OMXMaster(  285): makeComponentInstance(OMX.ffmpeg.mpeg4.decoder) in mediacodec process
05-28 06:06:32.568 E/linker  (  285): library /system/lib/libavcodec.so with text relocation is whitelisted
05-28 06:06:32.568 W/linker  (  285): /system/lib/libavcodec.so has text relocations. This is wasting memory and prevents security hardening. Please fix.
05-28 06:06:32.568 E/linker  (  285): library /system/lib/libavcodec.so with text relocation is whitelisted
05-28 06:06:32.568 E/linker  (  285): library /system/lib/libswscale.so with text relocation is whitelisted
05-28 06:06:32.568 W/linker  (  285): /system/lib/libswscale.so has text relocations. This is wasting memory and prevents security hardening. Please fix.
05-28 06:06:32.568 E/linker  (  285): library /system/lib/libswscale.so with text relocation is whitelisted
05-28 06:06:32.607 I/Thread-2( 1091): type=1400 audit(0.0:361): avc: denied { write } for name="audio_out" dev="tmpfs" ino=8922 scontext=u:r:system_app:s0 tcontext=u:object_r:socket_device:s0 tclass=sock_file permissive=1
05-28 06:06:32.607 I/audioserver(  556): type=1400 audit(0.0:362): avc: denied { getopt } for path="/dev/socket/audio_out" scontext=u:r:audioserver:s0 tcontext=u:r:init:s0 tclass=unix_stream_socket permissive=1
05-28 06:06:32.607 I/audioserver(  556): type=1400 audit(0.0:363): avc: denied { setopt } for path="/dev/socket/audio_out" scontext=u:r:audioserver:s0 tcontext=u:r:init:s0 tclass=unix_stream_socket permissive=1
05-28 06:06:32.608 E/linker  (  285): library /system/lib/libswresample.so with text relocation is whitelisted
05-28 06:06:32.608 W/linker  (  285): /system/lib/libswresample.so has text relocations. This is wasting memory and prevents security hardening. Please fix.
05-28 06:06:32.608 E/linker  (  285): library /system/lib/libswresample.so with text relocation is whitelisted
05-28 06:06:32.611 I/genymotion_audio(  279): pcm server connected
05-28 06:06:32.611 I/genymotion_audio(  279): pcm server starting
05-28 06:06:32.630 I/ActivityManager(  593): Start proc 1095:com.genymobile.genymotionacme/1000 for broadcast com.genymobile.genymotionacme/.BootBroadcastReceiver
05-28 06:06:32.635 W/System  (  994): ClassLoader referenced unknown path: 
05-28 06:06:32.635 W/System  (  994): ClassLoader referenced unknown path: /system/app/QuickSearchBox/lib/x86_64
05-28 06:06:32.638 W/art     ( 1095): Unexpected CPU variant for X86 using defaults: x86_64
05-28 06:06:32.639 E/OMXNodeInstance(  285): getParameter(11d0011:ffmpeg.mpeg4.decoder, ParamVideoProfileLevelQuerySupported(0x600000f)) ERROR: UnsupportedIndex(0x8000101a)
05-28 06:06:32.639 E/OMXNodeInstance(  285): getExtensionIndex(11d0011:ffmpeg.mpeg4.decoder, OMX.google.android.index.configureVideoTunnelMode) ERROR: UnsupportedIndex(0x8000101a)
05-28 06:06:32.639 W/OMXNodeInstance(  285): [11d0011:ffmpeg.mpeg4.decoder] component does not support metadata mode; using fallback
05-28 06:06:32.639 E/OMXNodeInstance(  285): getExtensionIndex(11d0011:ffmpeg.mpeg4.decoder, OMX.google.android.index.prepareForAdaptivePlayback) ERROR: UnsupportedIndex(0x8000101a)
05-28 06:06:32.657 I/MediaPlayerService(  288): MediaPlayerService::getOMX
05-28 06:06:32.658 I/OMXClient(  288): MuxOMX ctor
05-28 06:06:32.658 I/OMXMaster(  285): makeComponentInstance(OMX.google.aac.encoder) in mediacodec process
05-28 06:06:32.666 I/MediaPlayerService(  288): MediaPlayerService::getOMX
05-28 06:06:32.666 I/OMXClient(  288): MuxOMX ctor
05-28 06:06:32.666 I/OMXMaster(  285): makeComponentInstance(OMX.google.amrnb.encoder) in mediacodec process
05-28 06:06:32.689 W/System  ( 1095): ClassLoader referenced unknown path: /system/priv-app/GenymotionAcme/lib/x86_64
05-28 06:06:32.706 I/MediaPlayerService(  288): MediaPlayerService::getOMX
05-28 06:06:32.706 I/OMXClient(  288): MuxOMX ctor
05-28 06:06:32.706 I/OMXMaster(  285): makeComponentInstance(OMX.google.amrwb.encoder) in mediacodec process
05-28 06:06:32.707 W/System  ( 1044): ClassLoader referenced unknown path: /system/priv-app/BlockedNumberProvider/lib/x86_64
05-28 06:06:32.712 I/MediaPlayerService(  288): MediaPlayerService::getOMX
05-28 06:06:32.712 I/OMXClient(  288): MuxOMX ctor
05-28 06:06:32.712 I/OMXMaster(  285): makeComponentInstance(OMX.google.h263.encoder) in mediacodec process
05-28 06:06:32.721 W/System  ( 1044): ClassLoader referenced unknown path: /system/app/UserDictionaryProvider/lib/x86_64
05-28 06:06:32.723 E/PhoneInterfaceManager(  743): [PhoneIntfMgr] getIccId: No UICC
05-28 06:06:32.725 I/Telecom (  593): PhoneAccountRegistrar: New phone account registered: [[ ] PhoneAccount: ComponentInfo{com.android.phone/com.android.services.telephony.TelephonyConnectionService}, [e0184adedf913b076626646d3f52c3b49c39ad6d], UserHandle{0} Capabilities: CallProvider MultiUser PlaceEmerg SimSub  Schemes: tel voicemail  Extras: null]: TSI.rPA@AAU
05-28 06:06:32.726 I/Telecom (  593): : Sending phone-account registered intent as user: TSI.rPA@AAU
05-28 06:06:32.727 I/Telephony(  743): AccountEntry: Registered phoneAccount: [[ ] PhoneAccount: ComponentInfo{com.android.phone/com.android.services.telephony.TelephonyConnectionService}, [e0184adedf913b076626646d3f52c3b49c39ad6d], UserHandle{0} Capabilities: CallProvider MultiUser PlaceEmerg SimSub  Schemes: tel voicemail  Extras: null] with handle: ComponentInfo{com.android.phone/com.android.services.telephony.TelephonyConnectionService}, [e0184adedf913b076626646d3f52c3b49c39ad6d], UserHandle{0}
05-28 06:06:32.728 I/Telephony(  743): PstnIncomingCallNotifier: Registering: Handler (com.android.internal.telephony.GsmCdmaPhone) {f265b68}
05-28 06:06:32.732 I/Telephony(  743): TelecomAccountRegistry: Unregistering phone account ComponentInfo{com.android.phone/com.android.services.telephony.TelephonyConnectionService}, [5fef04621e9a9b41849c3df35e75799299008300], UserHandle{0}.
05-28 06:06:32.733 I/Telecom (  593): : Sending phone-account unregistered intent as user: TSI.uPA@AAc
05-28 06:06:32.737 I/SoftMPEG4Encoder(  285): Construct SoftMPEG4Encoder
05-28 06:06:32.739 W/ACodec  (  288): do not know color format 0x7f000789 = 2130708361
05-28 06:06:32.739 E/OMXNodeInstance(  285): getConfig(11d0015:google.h263.encoder, ConfigAndroidIntraRefresh(0x6f60000a)) ERROR: Undefined(0x80001001)
05-28 06:06:32.742 I/GnssLocationProvider(  593): WakeLock acquired by sendMessage(12, 0, null)
05-28 06:06:32.744 I/GnssLocationProvider(  593): WakeLock released by handleMessage(12, 0, null)
05-28 06:06:32.745 I/WifiService(  593): WifiService trying to set country code to us with persist set to true
05-28 06:06:32.746 I/MediaPlayerService(  288): MediaPlayerService::getOMX
05-28 06:06:32.746 I/OMXClient(  288): MuxOMX ctor
05-28 06:06:32.747 I/OMXMaster(  285): makeComponentInstance(OMX.google.h264.encoder) in mediacodec process
05-28 06:06:32.778 W/ACodec  (  288): do not know color format 0x7f000789 = 2130708361
05-28 06:06:32.792 I/MediaPlayerService(  288): MediaPlayerService::getOMX
05-28 06:06:32.793 I/OMXClient(  288): MuxOMX ctor
05-28 06:06:32.793 I/OMXMaster(  285): makeComponentInstance(OMX.google.mpeg4.encoder) in mediacodec process
05-28 06:06:32.822 I/Telephony(  743): PstnIncomingCallNotifier: Unregistering: Handler (com.android.internal.telephony.GsmCdmaPhone) {f265b68}
05-28 06:06:32.822 E/PhoneInterfaceManager(  743): [PhoneIntfMgr] getIccId: No UICC
05-28 06:06:32.826 I/SoftMPEG4Encoder(  285): Construct SoftMPEG4Encoder
05-28 06:06:32.826 W/ACodec  (  288): do not know color format 0x7f000789 = 2130708361
05-28 06:06:32.826 E/OMXNodeInstance(  285): getConfig(11d0017:google.mpeg4.encoder, ConfigAndroidIntraRefresh(0x6f60000a)) ERROR: Undefined(0x80001001)
05-28 06:06:32.843 I/MediaPlayerService(  288): MediaPlayerService::getOMX
05-28 06:06:32.844 I/OMXClient(  288): MuxOMX ctor
05-28 06:06:32.846 I/OMXMaster(  285): makeComponentInstance(OMX.google.flac.encoder) in mediacodec process
05-28 06:06:32.847 I/Telecom (  593): PhoneAccountRegistrar: [ComponentInfo{com.android.phone/com.android.services.telephony.TelephonyConnectionService}, [e0184adedf913b076626646d3f52c3b49c39ad6d], UserHandle{0}(icon: Icon(typ=BITMAP size=19x24) -> Icon(typ=BITMAP size=19x24))]: TSI.rPA@AAo
05-28 06:06:32.847 I/Telecom (  593): : Sending phone-account registered intent as user: TSI.rPA@AAo
05-28 06:06:32.848 I/Telephony(  743): AccountEntry: Registered phoneAccount: [[ ] PhoneAccount: ComponentInfo{com.android.phone/com.android.services.telephony.TelephonyConnectionService}, [e0184adedf913b076626646d3f52c3b49c39ad6d], UserHandle{0} Capabilities: CallProvider MultiUser PlaceEmerg SimSub  Schemes: tel voicemail  Extras: null] with handle: ComponentInfo{com.android.phone/com.android.services.telephony.TelephonyConnectionService}, [e0184adedf913b076626646d3f52c3b49c39ad6d], UserHandle{0}
05-28 06:06:32.848 I/Telephony(  743): PstnIncomingCallNotifier: Registering: Handler (com.android.internal.telephony.GsmCdmaPhone) {f265b68}
05-28 06:06:32.855 I/StatusBarManagerService(  593): registerStatusBar bar=com.android.internal.statusbar.IStatusBar$Stub$Proxy@db2932b
05-28 06:06:32.869 I/OpenGLRenderer(  994): Initialized EGL, version 1.4
05-28 06:06:32.982 I/ActivityManager(  593): Start proc 1171:android.process.media/u0a10 for broadcast com.android.providers.downloads/.DownloadReceiver
05-28 06:06:32.988 I/MediaPlayerService(  288): MediaPlayerService::getOMX
05-28 06:06:32.988 I/OMXClient(  288): MuxOMX ctor
05-28 06:06:32.988 I/OMXMaster(  285): makeComponentInstance(OMX.google.vp8.encoder) in mediacodec process
05-28 06:06:33.000 W/art     ( 1171): Unexpected CPU variant for X86 using defaults: x86_64
05-28 06:06:33.024 E/AcmeService( 1095): Failed to parse userdata json
05-28 06:06:33.024 E/AcmeService( 1095): org.json.JSONException: End of input at character 0 of 
05-28 06:06:33.024 E/AcmeService( 1095): 	at org.json.JSONTokener.syntaxError(JSONTokener.java:449)
05-28 06:06:33.024 E/AcmeService( 1095): 	at org.json.JSONTokener.nextValue(JSONTokener.java:97)
05-28 06:06:33.024 E/AcmeService( 1095): 	at org.json.JSONObject.<init>(JSONObject.java:156)
05-28 06:06:33.024 E/AcmeService( 1095): 	at org.json.JSONObject.<init>(JSONObject.java:173)
05-28 06:06:33.024 E/AcmeService( 1095): 	at com.genymobile.genymotionacme.AcmeService.grabDomainNamesJsonFromUserData(AcmeService.java:308)
05-28 06:06:33.024 E/AcmeService( 1095): 	at com.genymobile.genymotionacme.AcmeService.grabDomainNamesJson(AcmeService.java:268)
05-28 06:06:33.024 E/AcmeService( 1095): 	at com.genymobile.genymotionacme.AcmeService.onHandleIntent(AcmeService.java:94)
05-28 06:06:33.024 E/AcmeService( 1095): 	at android.app.IntentService$ServiceHandler.handleMessage(IntentService.java:67)
05-28 06:06:33.024 E/AcmeService( 1095): 	at android.os.Handler.dispatchMessage(Handler.java:102)
05-28 06:06:33.024 E/AcmeService( 1095): 	at android.os.Looper.loop(Looper.java:154)
05-28 06:06:33.024 E/AcmeService( 1095): 	at android.os.HandlerThread.run(HandlerThread.java:61)
05-28 06:06:33.032 W/WindowManager(  593): Keyguard drawn timeout. Setting mKeyguardDrawComplete
05-28 06:06:33.051 W/System  (  673): ClassLoader referenced unknown path: 
05-28 06:06:33.058 W/System  ( 1171): ClassLoader referenced unknown path: /system/priv-app/DownloadProvider/lib/x86_64
05-28 06:06:33.068 W/ACodec  (  288): do not know color format 0x7f000789 = 2130708361
05-28 06:06:33.068 E/OMXNodeInstance(  285): getConfig(11d0019:google.vp8.encoder, ConfigAndroidIntraRefresh(0x6f60000a)) ERROR: Undefined(0x80001001)
05-28 06:06:33.068 I/MediaPlayerService(  288): MediaPlayerService::getOMX
05-28 06:06:33.069 I/OMXClient(  288): MuxOMX ctor
05-28 06:06:33.069 W/MediaCodecList(  288): unable to open media codecs configuration xml file: /etc/media_codecs_performance.xml
05-28 06:06:33.069 I/MediaPlayerService(  288): MediaPlayerService::getOMX
05-28 06:06:33.069 I/OMXClient(  288): MuxOMX ctor
05-28 06:06:33.071 W/MediaCodecList(  288): unable to open media codecs configuration xml file: /data/misc/media/media_codecs_profiling_results.xml
05-28 06:06:33.071 I/MediaPlayerService(  288): MediaPlayerService::getOMX
05-28 06:06:33.071 I/MediaPlayerService(  288): MediaPlayerService::getOMX
05-28 06:06:33.072 W/System  ( 1171): ClassLoader referenced unknown path: /system/priv-app/MediaProvider/lib/x86_64
05-28 06:06:33.072 I/OMXClient(  673): MuxOMX ctor
05-28 06:06:33.072 I/OMXClient(  593): MuxOMX ctor
05-28 06:06:33.072 I/OMXMaster(  285): makeComponentInstance(OMX.google.vorbis.decoder) in mediacodec process
05-28 06:06:33.089 W/AudioCapabilities(  758): Unsupported mime audio/x-pcm
05-28 06:06:33.109 I/ContactLocale( 1044): AddressBook Labels [[en_US]]: [, A, B, C, D, E, F, G, H, I, J, K, L, M, N, O, P, Q, R, S, T, U, V, W, X, Y, Z, , , , , , , , , , , , , , , , , , , , , , , , , , , , , , , , , , , , , , , , , , , , , , , , , , , , , , , , , , , , , , , , , , , , , , , , , , , , , , , , , , , , , , , , , , , , , , , , , , , , , , , , , , , , , , , , , , , , , , , , , , , , , , , , , , , , , , , , , , , , , , , , , , , , , , , , , , , , , , , , , , , , , , , , , , , , , , , , , , , , , , , , , , , #, ]
05-28 06:06:33.122 I/VideoCapabilities(  758): Unsupported profile 4 for video/mp4v-es
05-28 06:06:33.124 I/OMXMaster(  285): makeComponentInstance(OMX.google.vorbis.decoder) in mediacodec process
05-28 06:06:33.191 I/FFmpegExtractor(  287): android-source:0xed7dd000
05-28 06:06:33.207 I/FFMPEG  (  287): Input #0, ogg, from 'android-source:0xed7dd000':
05-28 06:06:33.207 I/FFMPEG  (  287):   Duration: 00:00:00.19, start: 0.000000, bitrate: 332 kb/s
05-28 06:06:33.207 I/FFMPEG  (  287):     Stream #0:0: Audio: vorbis, 44100 Hz, stereo, fltp, 160 kb/s
05-28 06:06:33.207 I/FFmpegExtractor(  287): FFmpegExtrator, url: android-source:0xed7dd000, format_name: ogg, format_long_name: Ogg
05-28 06:06:33.207 I/FFmpegExtractor(  287): list the formats suppoted by ffmpeg: 
05-28 06:06:33.207 I/FFmpegExtractor(  287): ========================================
05-28 06:06:33.207 I/FFmpegExtractor(  287): ========================================
05-28 06:06:33.207 I/FFmpegExtractor(  287): adjust mime(application/ogg -> audio/vorbis)
05-28 06:06:33.207 I/FFmpegExtractor(  287): sniff through BetterSniffFFMPEG success
05-28 06:06:33.209 I/FFmpegExtractor(  287): android-source:0xeefdc000
05-28 06:06:33.210 I/FFMPEG  (  287): Input #0, ogg, from 'android-source:0xeefdc000':
05-28 06:06:33.210 I/FFMPEG  (  287):   Duration: 00:00:00.11, start: 0.000000, bitrate: 431 kb/s
05-28 06:06:33.210 I/FFMPEG  (  287):     Stream #0:0: Audio: vorbis, 48000 Hz, mono, fltp, 140 kb/s
05-28 06:06:33.210 I/FFmpegExtractor(  287): FFmpegExtrator, url: android-source:0xeefdc000, format_name: ogg, format_long_name: Ogg
05-28 06:06:33.210 I/FFmpegExtractor(  287): list the formats suppoted by ffmpeg: 
05-28 06:06:33.210 I/FFmpegExtractor(  287): ========================================
05-28 06:06:33.210 I/FFmpegExtractor(  287): ========================================
05-28 06:06:33.210 I/FFmpegExtractor(  287): adjust mime(application/ogg -> audio/vorbis)
05-28 06:06:33.210 I/FFmpegExtractor(  287): sniff through BetterSniffFFMPEG success
05-28 06:06:33.217 I/MediaPlayerService(  288): MediaPlayerService::getOMX
05-28 06:06:33.217 I/OMXClient(  593): MuxOMX ctor
05-28 06:06:33.217 I/OMXMaster(  285): makeComponentInstance(OMX.google.vorbis.decoder) in mediacodec process
05-28 06:06:33.225 I/org.webrtc.Logging(  758): PeerConnectionFactory: onNetworkThreadReady
05-28 06:06:33.225 I/org.webrtc.Logging(  758): PeerConnectionFactory: onSignalingThreadReady
05-28 06:06:33.225 I/org.webrtc.Logging(  758): PeerConnectionFactory: onWorkerThreadReady
05-28 06:06:33.268 I/MediaPlayerService(  288): MediaPlayerService::getOMX
05-28 06:06:33.268 I/OMXClient(  673): MuxOMX ctor
05-28 06:06:33.268 I/OMXMaster(  285): makeComponentInstance(OMX.google.vorbis.decoder) in mediacodec process
05-28 06:06:33.277 I/FFmpegExtractor(  287): android-source:0xed7dda00
05-28 06:06:33.279 I/FFMPEG  (  287): Input #0, ogg, from 'android-source:0xed7dda00':
05-28 06:06:33.279 I/FFMPEG  (  287):   Duration: 00:00:00.11, start: 0.000000, bitrate: 440 kb/s
05-28 06:06:33.279 I/FFMPEG  (  287):     Stream #0:0: Audio: vorbis, 48000 Hz, mono, fltp, 140 kb/s
05-28 06:06:33.279 I/FFmpegExtractor(  287): FFmpegExtrator, url: android-source:0xed7dda00, format_name: ogg, format_long_name: Ogg
05-28 06:06:33.279 I/FFmpegExtractor(  287): list the formats suppoted by ffmpeg: 
05-28 06:06:33.279 I/FFmpegExtractor(  287): ========================================
05-28 06:06:33.279 I/FFmpegExtractor(  287): ========================================
05-28 06:06:33.279 I/FFmpegExtractor(  287): adjust mime(application/ogg -> audio/vorbis)
05-28 06:06:33.279 I/FFmpegExtractor(  287): sniff through BetterSniffFFMPEG success
05-28 06:06:33.301 I/MediaPlayerService(  288): MediaPlayerService::getOMX
05-28 06:06:33.302 I/OMXClient(  593): MuxOMX ctor
05-28 06:06:33.302 I/OMXMaster(  285): makeComponentInstance(OMX.google.vorbis.decoder) in mediacodec process
05-28 06:06:33.319 I/FFmpegExtractor(  287): android-source:0xeefdd400
05-28 06:06:33.320 I/FFMPEG  (  287): Input #0, ogg, from 'android-source:0xeefdd400':
05-28 06:06:33.320 I/FFMPEG  (  287):   Duration: 00:00:00.11, start: 0.000000, bitrate: 431 kb/s
05-28 06:06:33.320 I/FFMPEG  (  287):     Stream #0:0: Audio: vorbis, 48000 Hz, mono, fltp, 140 kb/s
05-28 06:06:33.320 I/FFmpegExtractor(  287): FFmpegExtrator, url: android-source:0xeefdd400, format_name: ogg, format_long_name: Ogg
05-28 06:06:33.320 I/FFmpegExtractor(  287): list the formats suppoted by ffmpeg: 
05-28 06:06:33.320 I/FFmpegExtractor(  287): ========================================
05-28 06:06:33.320 I/FFmpegExtractor(  287): ========================================
05-28 06:06:33.320 I/FFmpegExtractor(  287): adjust mime(application/ogg -> audio/vorbis)
05-28 06:06:33.320 I/FFmpegExtractor(  287): sniff through BetterSniffFFMPEG success
05-28 06:06:33.335 I/MediaPlayerService(  288): MediaPlayerService::getOMX
05-28 06:06:33.336 I/OMXClient(  593): MuxOMX ctor
05-28 06:06:33.336 I/FFmpegExtractor(  287): android-source:0xed7dd000
05-28 06:06:33.336 I/OMXMaster(  285): makeComponentInstance(OMX.google.vorbis.decoder) in mediacodec process
05-28 06:06:33.355 I/FFMPEG  (  287): Input #0, ogg, from 'android-source:0xed7dd000':
05-28 06:06:33.355 I/FFMPEG  (  287):   Duration: 00:00:00.08, start: 0.000000, bitrate: 571 kb/s
05-28 06:06:33.355 I/FFMPEG  (  287):     Stream #0:0: Audio: vorbis, 48000 Hz, stereo, fltp, 160 kb/s
05-28 06:06:33.355 I/FFmpegExtractor(  287): FFmpegExtrator, url: android-source:0xed7dd000, format_name: ogg, format_long_name: Ogg
05-28 06:06:33.355 I/FFmpegExtractor(  287): list the formats suppoted by ffmpeg: 
05-28 06:06:33.355 I/FFmpegExtractor(  287): ========================================
05-28 06:06:33.355 I/FFmpegExtractor(  287): ========================================
05-28 06:06:33.355 I/FFmpegExtractor(  287): adjust mime(application/ogg -> audio/vorbis)
05-28 06:06:33.355 I/FFmpegExtractor(  287): sniff through BetterSniffFFMPEG success
05-28 06:06:33.364 I/WindowManager(  593): Destroying surface Surface(name=Android is starting) called by com.android.server.wm.WindowStateAnimator.destroySurface:2016 com.android.server.wm.WindowStateAnimator.destroySurfaceLocked:882 com.android.server.wm.WindowState.destroyOrSaveSurface:2100 com.android.server.wm.WindowSurfacePlacer.performSurfacePlacementInner:429 com.android.server.wm.WindowSurfacePlacer.performSurfacePlacementLoop:232 com.android.server.wm.WindowSurfacePlacer.performSurfacePlacement:180 com.android.server.wm.WindowManagerService$H.handleMessage:8092 android.os.Handler.dispatchMessage:102 
05-28 06:06:33.368 I/MediaPlayerService(  288): MediaPlayerService::getOMX
05-28 06:06:33.368 I/OMXClient(  673): MuxOMX ctor
05-28 06:06:33.368 I/OMXMaster(  285): makeComponentInstance(OMX.google.vorbis.decoder) in mediacodec process
05-28 06:06:33.374 I/FFmpegExtractor(  287): android-source:0xed7dee00
05-28 06:06:33.375 I/surfaceflinger(  276): type=1400 audit(0.0:383): avc: denied { sendto } for path="/dev/socket/logdw" scontext=u:r:surfaceflinger:s0 tcontext=u:r:init:s0 tclass=unix_dgram_socket permissive=1
05-28 06:06:33.394 I/FFMPEG  (  287): Input #0, ogg, from 'android-source:0xed7dee00':
05-28 06:06:33.394 I/FFMPEG  (  287):   Duration: 00:00:00.11, start: 0.000000, bitrate: 462 kb/s
05-28 06:06:33.394 I/FFMPEG  (  287):     Stream #0:0: Audio: vorbis, 48000 Hz, mono, fltp, 140 kb/s
05-28 06:06:33.394 I/FFmpegExtractor(  287): FFmpegExtrator, url: android-source:0xed7dee00, format_name: ogg, format_long_name: Ogg
05-28 06:06:33.394 I/FFmpegExtractor(  287): list the formats suppoted by ffmpeg: 
05-28 06:06:33.394 I/FFmpegExtractor(  287): ========================================
05-28 06:06:33.394 I/FFmpegExtractor(  287): ========================================
05-28 06:06:33.394 I/FFmpegExtractor(  287): adjust mime(application/ogg -> audio/vorbis)
05-28 06:06:33.394 I/FFmpegExtractor(  287): sniff through BetterSniffFFMPEG success
05-28 06:06:33.400 I/ActivityManager(  593): Config changes=3 {1.0 310mcc270mnc [en_US] ldltr sw600dp w600dp h952dp 160dpi lrg port -touch qwerty/v/v -nav/h s.5}
05-28 06:06:33.409 W/art     (  593): Long monitor contention with owner Binder:593_1 (604) at void com.android.server.am.ActivityManagerService.updateConfiguration(android.content.res.Configuration)(ActivityManagerService.java:18789) waiters=1 in void com.android.server.am.ActivityStack$ActivityStackHandler.handleMessage(android.os.Message) for 134ms
05-28 06:06:33.424 I/MediaPlayerService(  288): MediaPlayerService::getOMX
05-28 06:06:33.425 I/org.webrtc.Logging(  758): EglBase14Impl: Using OpenGL ES version 2
05-28 06:06:33.431 I/system_server(  593): type=1400 audit(0.0:384): avc: denied { sendto } for path="/dev/socket/logdw" scontext=u:r:system_server:s0 tcontext=u:r:init:s0 tclass=unix_dgram_socket permissive=1
05-28 06:06:33.433 I/GnssLocationProvider(  593): WakeLock acquired by sendMessage(12, 0, null)
05-28 06:06:33.434 I/GnssLocationProvider(  593): WakeLock released by handleMessage(12, 0, null)
05-28 06:06:33.434 I/OMXClient(  593): MuxOMX ctor
05-28 06:06:33.435 I/OMXMaster(  285): makeComponentInstance(OMX.google.vorbis.decoder) in mediacodec process
05-28 06:06:33.437 E/BluetoothAdapter(  673): Bluetooth binder is null
05-28 06:06:33.439 I/Telephony(  743): PstnIncomingCallNotifier: Unregistering: Handler (com.android.internal.telephony.GsmCdmaPhone) {f265b68}
05-28 06:06:33.440 E/PhoneInterfaceManager(  743): [PhoneIntfMgr] getIccId: No UICC
05-28 06:06:33.440 I/Telecom (  593): PhoneAccountRegistrar: [ComponentInfo{com.android.phone/com.android.services.telephony.TelephonyConnectionService}, [e0184adedf913b076626646d3f52c3b49c39ad6d], UserHandle{0}(addr: tel:*********** -> tel:)(icon: Icon(typ=BITMAP size=19x24) -> Icon(typ=BITMAP size=19x24))(subAddr: tel:*********** -> tel:)]: TSI.rPA@AA4
05-28 06:06:33.441 I/Telecom (  593): : Sending phone-account registered intent as user: TSI.rPA@AA4
05-28 06:06:33.441 I/Telephony(  743): AccountEntry: Registered phoneAccount: [[ ] PhoneAccount: ComponentInfo{com.android.phone/com.android.services.telephony.TelephonyConnectionService}, [e0184adedf913b076626646d3f52c3b49c39ad6d], UserHandle{0} Capabilities: CallProvider MultiUser PlaceEmerg SimSub  Schemes: tel voicemail  Extras: null] with handle: ComponentInfo{com.android.phone/com.android.services.telephony.TelephonyConnectionService}, [e0184adedf913b076626646d3f52c3b49c39ad6d], UserHandle{0}
05-28 06:06:33.441 I/Telephony(  743): PstnIncomingCallNotifier: Registering: Handler (com.android.internal.telephony.GsmCdmaPhone) {f265b68}
05-28 06:06:33.450 I/GnssLocationProvider(  593): WakeLock acquired by sendMessage(12, 0, null)
05-28 06:06:33.451 I/cameraserver(  280): type=1400 audit(0.0:385): avc: denied { sendto } for path="/dev/socket/logdw" scontext=u:r:cameraserver:s0 tcontext=u:r:init:s0 tclass=unix_dgram_socket permissive=1
05-28 06:06:33.451 I/GnssLocationProvider(  593): WakeLock released by handleMessage(12, 0, null)
05-28 06:06:33.452 I/Telephony(  743): PstnIncomingCallNotifier: Unregistering: Handler (com.android.internal.telephony.GsmCdmaPhone) {f265b68}
05-28 06:06:33.452 E/PhoneInterfaceManager(  743): [PhoneIntfMgr] getIccId: No UICC
05-28 06:06:33.453 I/CameraManagerGlobal(  673): Connecting to camera service
05-28 06:06:33.453 I/CameraService(  280): getCameraCharacteristics: Switching to HAL1 shim implementation...
05-28 06:06:33.453 I/CameraService(  280): CameraService::connect call (PID -1 "cameraserver", camera ID 0) for HAL version default and Camera API version 1
05-28 06:06:33.454 E/CameraService(  280): getCameraPriorityFromProcState: Received invalid process state -1 from ActivityManagerService!
05-28 06:06:33.455 I/Binder:288_2(  822): type=1400 audit(0.0:386): avc: denied { execmod } for path="/system/lib/libavcodec.so" dev="xvda5" ino=2166 scontext=u:r:mediaserver:s0 tcontext=u:object_r:system_file:s0 tclass=file permissive=1
05-28 06:06:33.456 I/DisplayManagerService(  593): Display device added: DisplayDeviceInfo{"WebRTC_ScreenCapture": uniqueId="virtual:com.genymobile.webrtcd,1000,WebRTC_ScreenCapture,0", 600 x 1024, modeId 2, defaultModeId 2, supportedModes [{id=2, width=600, height=1024, fps=60.0}], colorTransformId 0, defaultColorTransformId 0, supportedColorTransforms [], HdrCapabilities null, density 400, 400.0 x 400.0 dpi, appVsyncOff 0, presDeadline 16666666, touch NONE, rotation 0, type VIRTUAL, state ON, owner com.genymobile.webrtcd (uid 1000), FLAG_SECURE, FLAG_PRIVATE}
05-28 06:06:33.457 I/org.webrtc.Logging(  758): SurfaceTextureHelper: Setting listener to org.webrtc.ScreenCapturerAndroid@3efeb5
05-28 06:06:33.457 E/linker  (  288): library /system/lib/libavcodec.so with text relocation is whitelisted
05-28 06:06:33.457 W/linker  (  288): /system/lib/libavcodec.so has text relocations. This is wasting memory and prevents security hardening. Please fix.
05-28 06:06:33.457 E/linker  (  288): library /system/lib/libavcodec.so with text relocation is whitelisted
05-28 06:06:33.458 I/Telecom (  593): PhoneAccountRegistrar: [ComponentInfo{com.android.phone/com.android.services.telephony.TelephonyConnectionService}, [e0184adedf913b076626646d3f52c3b49c39ad6d], UserHandle{0}(icon: Icon(typ=BITMAP size=19x24) -> Icon(typ=BITMAP size=19x24))]: TSI.rPA@ABI
05-28 06:06:33.458 I/Telecom (  593): : Sending phone-account registered intent as user: TSI.rPA@ABI
05-28 06:06:33.458 E/linker  (  288): library /system/lib/libswresample.so with text relocation is whitelisted
05-28 06:06:33.458 W/linker  (  288): /system/lib/libswresample.so has text relocations. This is wasting memory and prevents security hardening. Please fix.
05-28 06:06:33.458 E/linker  (  288): library /system/lib/libswresample.so with text relocation is whitelisted
05-28 06:06:33.459 I/Telephony(  743): AccountEntry: Registered phoneAccount: [[ ] PhoneAccount: ComponentInfo{com.android.phone/com.android.services.telephony.TelephonyConnectionService}, [e0184adedf913b076626646d3f52c3b49c39ad6d], UserHandle{0} Capabilities: CallProvider MultiUser PlaceEmerg SimSub  Schemes: tel voicemail  Extras: null] with handle: ComponentInfo{com.android.phone/com.android.services.telephony.TelephonyConnectionService}, [e0184adedf913b076626646d3f52c3b49c39ad6d], UserHandle{0}
05-28 06:06:33.459 I/Telephony(  743): PstnIncomingCallNotifier: Registering: Handler (com.android.internal.telephony.GsmCdmaPhone) {f265b68}
05-28 06:06:33.460 I/Webrtcd.Screencapturer(  758): Start frame loop
05-28 06:06:33.483 I/m.android.phone(  743): type=1400 audit(0.0:387): avc: denied { sendto } for path="/dev/socket/logdw" scontext=u:r:radio:s0 tcontext=u:r:init:s0 tclass=unix_dgram_socket permissive=1
05-28 06:06:33.483 I/diskeventd(  259): type=1400 audit(0.0:388): avc: denied { read } for scontext=u:r:init:s0 tcontext=u:r:init:s0 tclass=netlink_kobject_uevent_socket permissive=1
05-28 06:06:33.487 I/ueventd (   88): type=1400 audit(0.0:389): avc: denied { create } for name="mouse1" scontext=u:r:init:s0 tcontext=u:object_r:input_device:s0 tclass=chr_file permissive=1
05-28 06:06:33.491 E/WVMExtractor(  288): Failed to open libwvm.so: dlopen failed: library "libwvm.so" not found
05-28 06:06:33.491 E/EventHub(  593): could not get driver version for /dev/input/mouse1, Not a typewriter
05-28 06:06:33.492 I/FFmpegExtractor(  287): android-source:0xeefdd400
05-28 06:06:33.493 I/FFMPEG  (  287): Input #0, ogg, from 'android-source:0xeefdd400':
05-28 06:06:33.493 I/FFMPEG  (  287):   Duration: 00:00:00.42, start: 0.000000, bitrate: 113 kb/s
05-28 06:06:33.493 I/FFMPEG  (  287):     Stream #0:0: Audio: vorbis, 48000 Hz, mono, fltp, 48 kb/s
05-28 06:06:33.493 I/FFMPEG  (  287):     Metadata:
05-28 06:06:33.493 I/FFMPEG  (  287):       TITLE           : Camera Shutter
05-28 06:06:33.493 I/FFMPEG  (  287):       ARTIST          : (c) 2012 Android Open Source Project
05-28 06:06:33.493 I/FFmpegExtractor(  287): FFmpegExtrator, url: android-source:0xeefdd400, format_name: ogg, format_long_name: Ogg
05-28 06:06:33.493 I/FFmpegExtractor(  287): list the formats suppoted by ffmpeg: 
05-28 06:06:33.493 I/FFmpegExtractor(  287): ========================================
05-28 06:06:33.493 I/FFmpegExtractor(  287): ========================================
05-28 06:06:33.493 I/FFmpegExtractor(  287): adjust mime(application/ogg -> audio/vorbis)
05-28 06:06:33.493 I/FFmpegExtractor(  287): sniff through BetterSniffFFMPEG success
05-28 06:06:33.499 I/com.genymobile.webrtcd( 1256): type=1400 audit(0.0:390): avc: denied { sendto } for comm=4E616E6F4874747064204D61696E20 path="/dev/socket/logdw" scontext=u:r:system_app:s0 tcontext=u:r:init:s0 tclass=unix_dgram_socket permissive=1
05-28 06:06:33.502 I/FFmpegExtractor(  287): android-source:0xeefdca00
05-28 06:06:33.503 I/FFMPEG  (  287): Input #0, ogg, from 'android-source:0xeefdca00':
05-28 06:06:33.503 I/FFMPEG  (  287):   Duration: 00:00:00.54, start: 0.000000, bitrate: 95 kb/s
05-28 06:06:33.503 I/FFMPEG  (  287):     Stream #0:0: Audio: vorbis, 48000 Hz, mono, fltp, 48 kb/s
05-28 06:06:33.503 I/FFMPEG  (  287):     Metadata:
05-28 06:06:33.503 I/FFMPEG  (  287):       TITLE           : Video Record
05-28 06:06:33.503 I/FFMPEG  (  287):       ARTIST          : (c) 2012 Android Open Source Project
05-28 06:06:33.503 I/FFmpegExtractor(  287): FFmpegExtrator, url: android-source:0xeefdca00, format_name: ogg, format_long_name: Ogg
05-28 06:06:33.503 I/FFmpegExtractor(  287): list the formats suppoted by ffmpeg: 
05-28 06:06:33.503 I/FFmpegExtractor(  287): ========================================
05-28 06:06:33.503 I/FFmpegExtractor(  287): ========================================
05-28 06:06:33.503 I/FFmpegExtractor(  287): adjust mime(application/ogg -> audio/vorbis)
05-28 06:06:33.503 I/FFmpegExtractor(  287): sniff through BetterSniffFFMPEG success
05-28 06:06:33.517 W/EventHub(  593): Unable to disable kernel key repeat for /dev/input/event4: Function not implemented
05-28 06:06:33.517 I/EventHub(  593): New device: id=4, fd=213, path='/dev/input/event4', name='Genymotion Virtual Input', classes=0x17, configuration='/system/usr/idc/Genymotion_Virtual_Input.idc', keyLayout='/system/usr/keylayout/Genymotion_Virtual_Input.kl', keyCharacterMap='/system/usr/keychars/Genymotion_Virtual_Input.kcm', builtinKeyboard=false, wakeMechanism=EPOLLWAKEUP, usingClockIoctl=true
05-28 06:06:33.517 I/InputReader(  593): Device reconfigured: id=4, name='Genymotion Virtual Input', size 600x1024, orientation 0, mode 1, display id 0
05-28 06:06:33.517 I/InputReader(  593): Device added: id=4, name='Genymotion Virtual Input', sources=0x00001103
05-28 06:06:33.517 I/ActivityManager(  593): Config changes=8 {1.0 310mcc270mnc [en_US] ldltr sw600dp w600dp h952dp 160dpi lrg port finger qwerty/v/v -nav/h s.6}
05-28 06:06:33.523 W/art     (  758): Suspending all threads took: 8.082ms
05-28 06:06:33.525 I/art     (  758): Background sticky concurrent mark sweep GC freed 22510(1411KB) AllocSpace objects, 5(304KB) LOS objects, 0% free, 4MB/4MB, paused 8.371ms total 66.417ms
05-28 06:06:33.545 I/FFmpegExtractor(  287): android-source:0xeefde800
05-28 06:06:33.546 I/FFMPEG  (  287): Input #0, ogg, from 'android-source:0xeefde800':
05-28 06:06:33.546 I/FFMPEG  (  287):   Duration: 00:00:00.51, start: 0.000000, bitrate: 101 kb/s
05-28 06:06:33.546 I/FFMPEG  (  287):     Stream #0:0: Audio: vorbis, 48000 Hz, mono, fltp, 48 kb/s
05-28 06:06:33.546 I/FFMPEG  (  287):     Metadata:
05-28 06:06:33.546 I/FFMPEG  (  287):       TITLE           : Video Stop
05-28 06:06:33.546 I/FFMPEG  (  287):       ARTIST          : (c) 2012 Android Open Source Project
05-28 06:06:33.546 I/FFmpegExtractor(  287): FFmpegExtrator, url: android-source:0xeefde800, format_name: ogg, format_long_name: Ogg
05-28 06:06:33.546 I/FFmpegExtractor(  287): list the formats suppoted by ffmpeg: 
05-28 06:06:33.546 I/FFmpegExtractor(  287): ========================================
05-28 06:06:33.546 I/FFmpegExtractor(  287): ========================================
05-28 06:06:33.546 I/FFmpegExtractor(  287): adjust mime(application/ogg -> audio/vorbis)
05-28 06:06:33.546 I/FFmpegExtractor(  287): sniff through BetterSniffFFMPEG success
05-28 06:06:33.548 I/CameraFlashlight(  280): Opening camera 0
05-28 06:06:33.549 I/CameraFlashlight(  280): Destroying camera 0
05-28 06:06:33.550 I/FFmpegExtractor(  287): android-source:0xed7e0200
05-28 06:06:33.551 I/FFMPEG  (  287): Input #0, ogg, from 'android-source:0xed7e0200':
05-28 06:06:33.551 I/FFMPEG  (  287):   Duration: 00:00:00.18, start: 0.000000, bitrate: 431 kb/s
05-28 06:06:33.551 I/FFMPEG  (  287):     Stream #0:0: Audio: vorbis, 44100 Hz, mono, fltp, 239 kb/s
05-28 06:06:33.551 I/FFMPEG  (  287):     Metadata:
05-28 06:06:33.551 I/FFMPEG  (  287):       ARTIST          : Copyright 2013 Android Open Source Project
05-28 06:06:33.551 I/FFmpegExtractor(  287): FFmpegExtrator, url: android-source:0xed7e0200, format_name: ogg, format_long_name: Ogg
05-28 06:06:33.551 I/FFmpegExtractor(  287): list the formats suppoted by ffmpeg: 
05-28 06:06:33.551 I/FFmpegExtractor(  287): ========================================
05-28 06:06:33.551 I/FFmpegExtractor(  287): ========================================
05-28 06:06:33.551 I/FFmpegExtractor(  287): adjust mime(application/ogg -> audio/vorbis)
05-28 06:06:33.551 I/FFmpegExtractor(  287): sniff through BetterSniffFFMPEG success
05-28 06:06:33.563 I/MediaPlayerService(  288): MediaPlayerService::getOMX
05-28 06:06:33.563 I/OMXClient(  593): MuxOMX ctor
05-28 06:06:33.563 I/CameraService(  280): disconnect: Disconnected client for camera 0 for PID 280
05-28 06:06:33.564 I/CameraService(  280): getCameraCharacteristics: Switching to HAL1 shim implementation...
05-28 06:06:33.564 I/CameraService(  280): CameraService::connect call (PID -1 "cameraserver", camera ID 1) for HAL version default and Camera API version 1
05-28 06:06:33.566 I/AndroidLoggerFactory(  758): Logger name 'io.swagger.v3.parser.OpenAPIV3Parser' exceeds maximum length of 23 characters, using 'i*.s*.v*.p*.OpenAPIV3P*' instead.
05-28 06:06:33.566 I/OMXMaster(  285): makeComponentInstance(OMX.google.vorbis.decoder) in mediacodec process
05-28 06:06:33.567 I/droid.launcher3(  994): type=1400 audit(0.0:391): avc: denied { sendto } for path="/dev/socket/logdw" scontext=u:r:priv_app:s0:c512,c768 tcontext=u:r:init:s0 tclass=unix_dgram_socket permissive=1
05-28 06:06:33.567 E/CameraService(  280): getCameraPriorityFromProcState: Received invalid process state -1 from ActivityManagerService!
05-28 06:06:33.571 I/Choreographer(  994): Skipped 40 frames!  The application may be doing too much work on its main thread.
05-28 06:06:33.581 I/GnssLocationProvider(  593): WakeLock acquired by sendMessage(12, 0, null)
05-28 06:06:33.584 W/Launcher.Model(  994): LoaderTask running with no launcher (loadAllApps)
05-28 06:06:33.586 I/WindowManager(  593): Destroying surface Surface(name=com.android.launcher3/com.android.launcher3.Launcher) called by com.android.server.wm.WindowStateAnimator.destroySurface:2016 com.android.server.wm.WindowStateAnimator.destroySurfaceLocked:882 com.android.server.wm.WindowState.removeLocked:1456 com.android.server.wm.WindowManagerService.removeWindowInnerLocked:2485 com.android.server.wm.WindowManagerService.removeWindowLocked:2443 com.android.server.wm.WindowManagerService.removeWindowLocked:2312 com.android.server.wm.WindowManagerService.removeWindow:2307 com.android.server.wm.Session.remove:202 
05-28 06:06:33.597 E/GnssLocationProvider(  593): no AGPS interface in set_agps_server
05-28 06:06:33.597 I/GnssLocationProvider(  593): WakeLock released by handleMessage(12, 0, null)
05-28 06:06:33.611 I/main    (  277): type=1400 audit(0.0:392): avc: denied { getattr } for path="/sys/kernel/debug/tracing/trace_marker" dev="tracefs" ino=1054 scontext=u:r:zygote:s0 tcontext=u:object_r:debugfs_tracing:s0 tclass=file permissive=1
05-28 06:06:33.611 I/main    ( 1269): type=1400 audit(0.0:393): avc: denied { write } for name="trace_marker" dev="tracefs" ino=1054 scontext=u:r:zygote:s0 tcontext=u:object_r:debugfs_tracing:s0 tclass=file permissive=1
05-28 06:06:33.611 I/main    ( 1269): type=1400 audit(0.0:394): avc: denied { open } for path="/sys/kernel/debug/tracing/trace_marker" dev="tracefs" ino=1054 scontext=u:r:zygote:s0 tcontext=u:object_r:debugfs_tracing:s0 tclass=file permissive=1
05-28 06:06:33.611 I/main    (  277): type=1400 audit(0.0:395): avc: denied { write } for path="/dev/socket/zygote" scontext=u:r:zygote:s0 tcontext=u:r:init:s0 tclass=unix_stream_socket permissive=1
05-28 06:06:33.615 I/FFmpegExtractor(  287): android-source:0xeefdca00
05-28 06:06:33.617 I/FFMPEG  (  287): Input #0, ogg, from 'android-source:0xeefdca00':
05-28 06:06:33.617 I/FFMPEG  (  287):   Duration: 00:00:00.42, start: 0.000000, bitrate: 113 kb/s
05-28 06:06:33.617 I/FFMPEG  (  287):     Stream #0:0: Audio: vorbis, 48000 Hz, mono, fltp, 48 kb/s
05-28 06:06:33.617 I/FFMPEG  (  287):     Metadata:
05-28 06:06:33.617 I/FFMPEG  (  287):       TITLE           : Camera Shutter
05-28 06:06:33.617 I/FFMPEG  (  287):       ARTIST          : (c) 2012 Android Open Source Project
05-28 06:06:33.617 I/FFmpegExtractor(  287): FFmpegExtrator, url: android-source:0xeefdca00, format_name: ogg, format_long_name: Ogg
05-28 06:06:33.617 I/FFmpegExtractor(  287): list the formats suppoted by ffmpeg: 
05-28 06:06:33.617 I/FFmpegExtractor(  287): ========================================
05-28 06:06:33.617 I/FFmpegExtractor(  287): ========================================
05-28 06:06:33.617 I/FFmpegExtractor(  287): adjust mime(application/ogg -> audio/vorbis)
05-28 06:06:33.617 I/FFmpegExtractor(  287): sniff through BetterSniffFFMPEG success
05-28 06:06:33.621 I/ActivityManager(  593): Start proc 1269:com.android.quicksearchbox/u0a57 for broadcast com.android.quicksearchbox/.SearchWidgetProvider
05-28 06:06:33.627 I/.quicksearchbo( 1269): type=1400 audit(0.0:396): avc: denied { sendto } for path="/dev/socket/logdw" scontext=u:r:untrusted_app:s0:c512,c768 tcontext=u:r:init:s0 tclass=unix_dgram_socket permissive=1
05-28 06:06:33.628 W/art     ( 1269): Unexpected CPU variant for X86 using defaults: x86_64
05-28 06:06:33.650 I/FFmpegExtractor(  287): android-source:0xeefde800
05-28 06:06:33.654 I/FFMPEG  (  287): Input #0, ogg, from 'android-source:0xeefde800':
05-28 06:06:33.654 I/FFMPEG  (  287):   Duration: 00:00:00.54, start: 0.000000, bitrate: 95 kb/s
05-28 06:06:33.654 I/FFMPEG  (  287):     Stream #0:0: Audio: vorbis, 48000 Hz, mono, fltp, 48 kb/s
05-28 06:06:33.654 I/FFMPEG  (  287):     Metadata:
05-28 06:06:33.654 I/FFMPEG  (  287):       TITLE           : Video Record
05-28 06:06:33.654 I/FFMPEG  (  287):       ARTIST          : (c) 2012 Android Open Source Project
05-28 06:06:33.654 I/FFmpegExtractor(  287): FFmpegExtrator, url: android-source:0xeefde800, format_name: ogg, format_long_name: Ogg
05-28 06:06:33.654 I/FFmpegExtractor(  287): list the formats suppoted by ffmpeg: 
05-28 06:06:33.654 I/FFmpegExtractor(  287): ========================================
05-28 06:06:33.654 I/FFmpegExtractor(  287): ========================================
05-28 06:06:33.654 I/FFmpegExtractor(  287): adjust mime(application/ogg -> audio/vorbis)
05-28 06:06:33.654 I/FFmpegExtractor(  287): sniff through BetterSniffFFMPEG success
05-28 06:06:33.670 I/FFmpegExtractor(  287): android-source:0xed7dee00
05-28 06:06:33.671 I/FFMPEG  (  287): Input #0, ogg, from 'android-source:0xed7dee00':
05-28 06:06:33.671 I/FFMPEG  (  287):   Duration: 00:00:00.51, start: 0.000000, bitrate: 101 kb/s
05-28 06:06:33.671 I/FFMPEG  (  287):     Stream #0:0: Audio: vorbis, 48000 Hz, mono, fltp, 48 kb/s
05-28 06:06:33.671 I/FFMPEG  (  287):     Metadata:
05-28 06:06:33.671 I/FFMPEG  (  287):       TITLE           : Video Stop
05-28 06:06:33.671 I/FFMPEG  (  287):       ARTIST          : (c) 2012 Android Open Source Project
05-28 06:06:33.671 I/FFmpegExtractor(  287): FFmpegExtrator, url: android-source:0xed7dee00, format_name: ogg, format_long_name: Ogg
05-28 06:06:33.671 I/FFmpegExtractor(  287): list the formats suppoted by ffmpeg: 
05-28 06:06:33.671 I/FFmpegExtractor(  287): ========================================
05-28 06:06:33.671 I/FFmpegExtractor(  287): ========================================
05-28 06:06:33.671 I/FFmpegExtractor(  287): adjust mime(application/ogg -> audio/vorbis)
05-28 06:06:33.671 I/FFmpegExtractor(  287): sniff through BetterSniffFFMPEG success
05-28 06:06:33.673 I/CameraFlashlight(  280): Opening camera 1
05-28 06:06:33.673 I/CameraFlashlight(  280): Destroying camera 1
05-28 06:06:33.673 W/Java7Support(  758): Unable to load JDK7 types (annotations, java.nio.file.Path): no Java7 support added
05-28 06:06:33.674 I/CameraService(  280): disconnect: Disconnected client for camera 1 for PID 280
05-28 06:06:33.675 I/ndroid.systemui(  673): type=1400 audit(0.0:397): avc: denied { sendto } for path="/dev/socket/logdw" scontext=u:r:platform_app:s0:c512,c768 tcontext=u:r:init:s0 tclass=unix_dgram_socket permissive=1
05-28 06:06:33.678 I/StatusBar(  673): isKeyguardShowing() called before startKeyguard(), returning true
05-28 06:06:33.679 W/StatusBar(  673): isKeyguardSecure() called before startKeyguard(), returning false
05-28 06:06:33.679 W/StatusBar(  673): java.lang.Throwable
