--------- beginning of main
05-28 06:05:49.651 W/auditd  (  111): type=2000 audit(0.0:1): initialized
05-28 06:05:50.387 I/auditd  (  111): type=1403 audit(0.0:2): policy loaded auid=4294967295 ses=4294967295
05-28 06:05:50.503 I/init    (   88): type=1400 audit(0.0:3): avc: denied { execute_no_trans } for path="/init" dev="rootfs" ino=7801 scontext=u:r:init:s0 tcontext=u:object_r:init_exec:s0 tclass=file permissive=1
05-28 06:05:50.539 I/ueventd (   88): type=1400 audit(0.0:4): avc: denied { create } for name="__kmsg__" scontext=u:r:init:s0 tcontext=u:object_r:device:s0 tclass=chr_file permissive=1
05-28 06:05:50.563 I/ueventd (   88): type=1400 audit(0.0:5): avc: denied { unlink } for name="__kmsg__" dev="tmpfs" ino=7843 scontext=u:r:init:s0 tcontext=u:object_r:device:s0 tclass=chr_file permissive=1
05-28 06:05:50.595 I/ueventd (   88): type=1400 audit(0.0:6): avc: denied { create } for scontext=u:r:init:s0 tcontext=u:r:init:s0 tclass=netlink_kobject_uevent_socket permissive=1
05-28 06:05:50.639 I/ueventd (   88): type=1400 audit(0.0:7): avc: denied { setopt } for scontext=u:r:init:s0 tcontext=u:r:init:s0 tclass=netlink_kobject_uevent_socket permissive=1
05-28 06:05:50.671 I/ueventd (   88): type=1400 audit(0.0:8): avc: denied { bind } for scontext=u:r:init:s0 tcontext=u:r:init:s0 tclass=netlink_kobject_uevent_socket permissive=1
05-28 06:05:50.687 I/ueventd (   88): type=1400 audit(0.0:9): avc: denied { read } for scontext=u:r:init:s0 tcontext=u:r:init:s0 tclass=netlink_kobject_uevent_socket permissive=1
05-28 06:05:50.699 I/ueventd (   88): type=1400 audit(0.0:10): avc: denied { create } for name="rtc0" scontext=u:r:init:s0 tcontext=u:object_r:rtc_device:s0 tclass=chr_file permissive=1
05-28 06:05:54.735 I/e2fsck  (  103): type=1400 audit(0.0:59): avc: denied { getattr } for path="/dev/block/xvda6" dev="tmpfs" ino=189 scontext=u:r:fsck:s0 tcontext=u:object_r:block_device:s0 tclass=blk_file permissive=1
05-28 06:05:54.751 I/e2fsck  (  103): type=1400 audit(0.0:60): avc: denied { read } for name="xvda6" dev="tmpfs" ino=189 scontext=u:r:fsck:s0 tcontext=u:object_r:block_device:s0 tclass=blk_file permissive=1
05-28 06:05:54.763 I/e2fsck  (  103): type=1400 audit(0.0:61): avc: denied { open } for path="/dev/block/xvda6" dev="tmpfs" ino=189 scontext=u:r:fsck:s0 tcontext=u:object_r:block_device:s0 tclass=blk_file permissive=1
05-28 06:05:54.779 I/e2fsck  (  103): type=1400 audit(0.0:62): avc: denied { write } for name="xvda6" dev="tmpfs" ino=189 scontext=u:r:fsck:s0 tcontext=u:object_r:block_device:s0 tclass=blk_file permissive=1
05-28 06:05:54.795 I/e2fsck  (  103): type=1400 audit(0.0:63): avc: denied { ioctl } for path="/dev/block/xvda6" dev="tmpfs" ino=189 ioctlcmd=127c scontext=u:r:fsck:s0 tcontext=u:object_r:block_device:s0 tclass=blk_file permissive=1
05-28 06:05:56.675 I/logd    (  111): type=1400 audit(0.0:64): avc: denied { read write } for path="socket:[398]" dev="sockfs" ino=398 scontext=u:r:logd:s0 tcontext=u:r:init:s0 tclass=unix_stream_socket permissive=1
05-28 06:05:56.687 I/logd    (  111): type=1400 audit(0.0:65): avc: denied { read write } for path="socket:[410]" dev="sockfs" ino=410 scontext=u:r:logd:s0 tcontext=u:r:init:s0 tclass=unix_dgram_socket permissive=1
05-28 06:05:56.731 I/init    (    1): type=1400 audit(0.0:66): avc: denied { sys_module } for capability=16 scontext=u:r:init:s0 tcontext=u:r:init:s0 tclass=capability permissive=1
05-28 06:05:56.835 I/logd    (  111): type=1400 audit(0.0:67): avc: denied { listen } for path="/dev/socket/logdr" scontext=u:r:logd:s0 tcontext=u:r:init:s0 tclass=unix_stream_socket permissive=1
05-28 06:05:56.835 I/logd    (  111): type=1400 audit(0.0:68): avc: denied { setopt } for path="/dev/socket/logdw" scontext=u:r:logd:s0 tcontext=u:r:init:s0 tclass=unix_dgram_socket permissive=1
05-28 06:05:56.987 I/vold    (  120): type=1400 audit(0.0:70): avc: denied { read write } for path="socket:[7957]" dev="sockfs" ino=7957 scontext=u:r:vold:s0 tcontext=u:r:init:s0 tclass=unix_stream_socket permissive=1
05-28 06:05:57.347 I/debuggerd64(  119): type=1400 audit(0.0:71): avc: denied { sendto } for path="/dev/socket/logdw" scontext=u:r:debuggerd:s0 tcontext=u:r:init:s0 tclass=unix_dgram_socket permissive=1
05-28 06:05:57.350 I/        (  119): debuggerd: starting
05-28 06:05:57.759 I/vold    (  120): type=1400 audit(0.0:72): avc: denied { sendto } for path="/dev/socket/logdw" scontext=u:r:vold:s0 tcontext=u:r:init:s0 tclass=unix_dgram_socket permissive=1
--------- beginning of system
05-28 06:05:57.761 I/vold    (  120): Vold 3.0 (the awakening) firing up
05-28 06:05:58.011 I/ueventd (   88): type=1400 audit(0.0:73): avc: denied { relabelfrom } for name="ram0" dev="tmpfs" ino=296 scontext=u:r:init:s0 tcontext=u:object_r:ram_device:s0 tclass=blk_file permissive=1
05-28 06:05:58.011 I/ueventd (   88): type=1400 audit(0.0:74): avc: denied { relabelto } for name="ram0" dev="tmpfs" ino=296 scontext=u:r:init:s0 tcontext=u:object_r:ram_device:s0 tclass=blk_file permissive=1
05-28 06:05:58.011 I/vold    (  120): type=1400 audit(0.0:75): avc: denied { listen } for path="/dev/socket/vold" scontext=u:r:vold:s0 tcontext=u:r:init:s0 tclass=unix_stream_socket permissive=1
05-28 06:05:58.011 I/vdc     (  123): type=1400 audit(0.0:76): avc: denied { connectto } for path="/dev/socket/cryptd" scontext=u:r:vdc:s0 tcontext=u:r:init:s0 tclass=unix_stream_socket permissive=1
05-28 06:05:58.011 I/vold    (  127): type=1400 audit(0.0:77): avc: denied { accept } for path="/dev/socket/cryptd" scontext=u:r:vold:s0 tcontext=u:r:init:s0 tclass=unix_stream_socket permissive=1
05-28 06:05:58.011 I/vold    (  127): type=1400 audit(0.0:78): avc: denied { getopt } for path="/dev/socket/cryptd" scontext=u:r:vold:s0 tcontext=u:r:init:s0 tclass=unix_stream_socket permissive=1
05-28 06:05:58.011 I/ueventd (   88): type=1400 audit(0.0:79): avc: denied { relabelfrom } for name="xvda" dev="tmpfs" ino=181 scontext=u:r:init:s0 tcontext=u:object_r:block_device:s0 tclass=blk_file permissive=1
05-28 06:05:58.011 I/ueventd (   88): type=1400 audit(0.0:80): avc: denied { relabelto } for name="xvda" dev="tmpfs" ino=181 scontext=u:r:init:s0 tcontext=u:object_r:block_device:s0 tclass=blk_file permissive=1
05-28 06:05:58.165 I/vdc     (    1): 200 123 Command succeeded
05-28 06:05:58.175 I/tzdatacheck(  128): type=1400 audit(0.0:81): avc: denied { sendto } for path="/dev/socket/logdw" scontext=u:r:tzdatacheck:s0 tcontext=u:r:init:s0 tclass=unix_dgram_socket permissive=1
05-28 06:05:58.203 I/ueventd (   88): type=1400 audit(0.0:82): avc: denied { read } for scontext=u:r:init:s0 tcontext=u:r:init:s0 tclass=netlink_kobject_uevent_socket permissive=1
05-28 06:05:58.203 I/ueventd (   88): type=1400 audit(0.0:83): avc: denied { relabelfrom } for name="loop0" dev="tmpfs" ino=306 scontext=u:r:init:s0 tcontext=u:object_r:loop_device:s0 tclass=blk_file permissive=1
05-28 06:05:58.203 I/ueventd (   88): type=1400 audit(0.0:84): avc: denied { relabelto } for name="loop0" dev="tmpfs" ino=306 scontext=u:r:init:s0 tcontext=u:object_r:loop_device:s0 tclass=blk_file permissive=1
05-28 06:05:58.204 I//system/bin/tzdatacheck(  128): tzdata file /data/misc/zoneinfo/current/tzdata does not exist. No action required.
05-28 06:05:58.370 I/        (  118): debuggerd: starting
05-28 06:05:58.391 I/init    (    1): type=1400 audit(0.0:85): avc: denied { read } for name="httpd" dev="xvda5" ino=3526 scontext=u:r:init:s0 tcontext=u:object_r:httpd_exec:s0 tclass=lnk_file permissive=1
05-28 06:05:58.391 I/init    (    1): type=1400 audit(0.0:86): avc: denied { getattr } for path="/system/xbin/busybox" dev="xvda5" ino=3451 scontext=u:r:init:s0 tcontext=u:object_r:busybox_exec:s0 tclass=file permissive=1
05-28 06:05:58.439 I/init    (  133): type=1400 audit(0.0:87): avc: denied { execute } for name="busybox" dev="xvda5" ino=3451 scontext=u:r:init:s0 tcontext=u:object_r:busybox_exec:s0 tclass=file permissive=1
05-28 06:05:58.463 I/init    (  133): type=1400 audit(0.0:88): avc: denied { read open } for path="/system/xbin/busybox" dev="xvda5" ino=3451 scontext=u:r:init:s0 tcontext=u:object_r:busybox_exec:s0 tclass=file permissive=1
05-28 06:05:58.463 I/init    (  133): type=1400 audit(0.0:89): avc: denied { execute_no_trans } for path="/system/xbin/busybox" dev="xvda5" ino=3451 scontext=u:r:init:s0 tcontext=u:object_r:busybox_exec:s0 tclass=file permissive=1
05-28 06:05:58.507 I/cp      (  134): type=1400 audit(0.0:90): avc: denied { read } for name="www" dev="xvda7" ino=7939 scontext=u:r:toolbox:s0 tcontext=u:object_r:system_data_file:s0 tclass=dir permissive=1
05-28 06:05:58.507 I/cp      (  134): type=1400 audit(0.0:91): avc: denied { open } for path="/data/www" dev="xvda7" ino=7939 scontext=u:r:toolbox:s0 tcontext=u:object_r:system_data_file:s0 tclass=dir permissive=1
05-28 06:05:58.543 I/cp      (  134): type=1400 audit(0.0:92): avc: denied { write } for name="definition.v1.yaml" dev="xvda7" ino=7941 scontext=u:r:toolbox:s0 tcontext=u:object_r:system_data_file:s0 tclass=file permissive=1
05-28 06:05:58.543 I/cp      (  134): type=1400 audit(0.0:93): avc: denied { open } for path="/data/www/api/definition.v1.yaml" dev="xvda7" ino=7941 scontext=u:r:toolbox:s0 tcontext=u:object_r:system_data_file:s0 tclass=file permissive=1
05-28 06:05:58.655 I/sshd    (  131): type=1400 audit(0.0:94): avc: denied { sendto } for path="/dev/socket/logdw" scontext=u:r:start-ssh:s0 tcontext=u:r:init:s0 tclass=unix_dgram_socket permissive=1
05-28 06:05:58.657 I//system/bin/sshd(  131): Server listening on :: port 22.
05-28 06:05:58.657 I//system/bin/sshd(  131): Server listening on 0.0.0.0 port 22.
05-28 06:05:58.657 E//system/bin/sshd(  131): error: Couldn't create pid file "/var/run/sshd.pid": No such file or directory
05-28 06:05:58.675 I/httpd   (  133): type=1400 audit(0.0:95): avc: denied { create } for scontext=u:r:init:s0 tcontext=u:r:init:s0 tclass=tcp_socket permissive=1
05-28 06:05:58.675 I/httpd   (  133): type=1400 audit(0.0:96): avc: denied { setopt } for scontext=u:r:init:s0 tcontext=u:r:init:s0 tclass=tcp_socket permissive=1
05-28 06:05:58.675 I/httpd   (  133): type=1400 audit(0.0:97): avc: denied { bind } for scontext=u:r:init:s0 tcontext=u:r:init:s0 tclass=tcp_socket permissive=1
05-28 06:05:58.675 I/httpd   (  133): type=1400 audit(0.0:98): avc: denied { name_bind } for src=80 scontext=u:r:init:s0 tcontext=u:object_r:port:s0 tclass=tcp_socket permissive=1
05-28 06:05:58.675 I/httpd   (  133): type=1400 audit(0.0:99): avc: denied { node_bind } for src=80 scontext=u:r:init:s0 tcontext=u:object_r:node:s0 tclass=tcp_socket permissive=1
05-28 06:05:58.675 I/httpd   (  133): type=1400 audit(0.0:100): avc: denied { net_bind_service } for capability=10 scontext=u:r:init:s0 tcontext=u:r:init:s0 tclass=capability permissive=1
05-28 06:05:58.675 I/httpd   (  133): type=1400 audit(0.0:101): avc: denied { listen } for lport=80 scontext=u:r:init:s0 tcontext=u:r:init:s0 tclass=tcp_socket permissive=1
05-28 06:05:58.699 I/httpd   (  133): type=1400 audit(0.0:102): avc: denied { accept } for lport=80 scontext=u:r:init:s0 tcontext=u:r:init:s0 tclass=tcp_socket permissive=1
05-28 06:06:01.799 I/logd    (  116): type=1400 audit(0.0:104): avc: denied { getopt } for path="/dev/socket/logd" scontext=u:r:logd:s0 tcontext=u:r:init:s0 tclass=unix_stream_socket permissive=1
05-28 06:06:01.799 I/logd.control(  116): type=1400 audit(0.0:105): avc: denied { sendto } for path="/dev/socket/logdw" scontext=u:r:logd:s0 tcontext=u:r:init:s0 tclass=unix_dgram_socket permissive=1
05-28 06:06:01.907 I/gatekeeperd(  140): type=1400 audit(0.0:106): avc: denied { sendto } for path="/dev/socket/logdw" scontext=u:r:gatekeeperd:s0 tcontext=u:r:init:s0 tclass=unix_dgram_socket permissive=1
05-28 06:06:01.911 I/perfprofd(  141): type=1400 audit(0.0:107): avc: denied { sendto } for path="/dev/socket/logdw" scontext=u:r:perfprofd:s0 tcontext=u:r:init:s0 tclass=unix_dgram_socket permissive=1
05-28 06:06:01.911 I/gatekeeperd(  140): Starting gatekeeperd...
05-28 06:06:01.914 I/perfprofd(  141): starting Android Wide Profiling daemon
05-28 06:06:01.925 E/perfprofd(  141): unable to open configuration file /data/data/com.google.android.gms/files/perfprofd.conf
05-28 06:06:01.925 I/perfprofd(  141): random seed set to 2240686646
05-28 06:06:01.947 I/init    (  145): type=1400 audit(0.0:108): avc: denied { execute_no_trans } for path="/sbin/adbd" dev="rootfs" ino=7815 scontext=u:r:init:s0 tcontext=u:object_r:rootfs:s0 tclass=file permissive=1
05-28 06:06:01.947 I/adbd    (  145): type=1400 audit(0.0:109): avc: denied { write } for name="property_service" dev="tmpfs" ino=167 scontext=u:r:init:s0 tcontext=u:object_r:property_socket:s0 tclass=sock_file permissive=1
05-28 06:06:02.775 I/ueventd (   88): type=1400 audit(0.0:110): avc: denied { create } for name="fb0" scontext=u:r:init:s0 tcontext=u:object_r:graphics_device:s0 tclass=chr_file permissive=1
05-28 06:06:02.963 I/diskeventd(  258): type=1400 audit(0.0:111): avc: denied { create } for scontext=u:r:init:s0 tcontext=u:r:init:s0 tclass=netlink_kobject_uevent_socket permissive=1
05-28 06:06:02.963 I/diskeventd(  258): type=1400 audit(0.0:112): avc: denied { setopt } for scontext=u:r:init:s0 tcontext=u:r:init:s0 tclass=netlink_kobject_uevent_socket permissive=1
05-28 06:06:02.963 I/diskeventd(  258): type=1400 audit(0.0:113): avc: denied { bind } for scontext=u:r:init:s0 tcontext=u:r:init:s0 tclass=netlink_kobject_uevent_socket permissive=1
05-28 06:06:02.963 I/diskeventd(  258): type=1400 audit(0.0:114): avc: denied { getopt } for scontext=u:r:init:s0 tcontext=u:r:init:s0 tclass=netlink_kobject_uevent_socket permissive=1
05-28 06:06:03.035 I/logwrapper(  261): type=1400 audit(0.0:115): avc: denied { read write } for path="socket:[9317]" dev="sockfs" ino=9317 scontext=u:r:logwrapper:s0 tcontext=u:r:init:s0 tclass=unix_stream_socket permissive=1
05-28 06:06:03.035 I/logwrapper(  261): type=1400 audit(0.0:116): avc: denied { read write } for name="0" dev="devpts" ino=3 scontext=u:r:logwrapper:s0 tcontext=u:object_r:devpts:s0 tclass=chr_file permissive=1
05-28 06:06:03.035 I/logwrapper(  261): type=1400 audit(0.0:117): avc: denied { open } for path="/dev/pts/0" dev="devpts" ino=3 scontext=u:r:logwrapper:s0 tcontext=u:object_r:devpts:s0 tclass=chr_file permissive=1
05-28 06:06:03.039 I/logwrapper(  262): type=1400 audit(0.0:118): avc: denied { execute } for name="genybaseband" dev="xvda5" ino=339 scontext=u:r:logwrapper:s0 tcontext=u:object_r:genybaseband_exec:s0 tclass=file permissive=1
05-28 06:06:03.039 I/logwrapper(  262): type=1400 audit(0.0:119): avc: denied { read open } for path="/system/bin/genybaseband" dev="xvda5" ino=339 scontext=u:r:logwrapper:s0 tcontext=u:object_r:genybaseband_exec:s0 tclass=file permissive=1
05-28 06:06:03.039 I/logwrapper(  262): type=1400 audit(0.0:120): avc: denied { execute_no_trans } for path="/system/bin/genybaseband" dev="xvda5" ino=339 scontext=u:r:logwrapper:s0 tcontext=u:object_r:genybaseband_exec:s0 tclass=file permissive=1
05-28 06:06:03.095 I/genybaseband(  262): type=1400 audit(0.0:121): avc: denied { getattr } for path="/system/bin/genybaseband" dev="xvda5" ino=339 scontext=u:r:logwrapper:s0 tcontext=u:object_r:genybaseband_exec:s0 tclass=file permissive=1
05-28 06:06:03.123 I/genybaseband(  262): type=1400 audit(0.0:122): avc: denied { create } for scontext=u:r:logwrapper:s0 tcontext=u:r:logwrapper:s0 tclass=tcp_socket permissive=1
05-28 06:06:03.123 I/genybaseband(  262): type=1400 audit(0.0:123): avc: denied { connect } for scontext=u:r:logwrapper:s0 tcontext=u:r:logwrapper:s0 tclass=tcp_socket permissive=1
05-28 06:06:03.123 I/genybaseband(  262): type=1400 audit(0.0:124): avc: denied { name_connect } for dest=6379 scontext=u:r:logwrapper:s0 tcontext=u:object_r:port:s0 tclass=tcp_socket permissive=1
05-28 06:06:03.123 I/genybaseband(  262): type=1400 audit(0.0:125): avc: denied { getopt } for laddr=127.0.0.1 lport=56418 faddr=127.0.0.1 fport=6379 scontext=u:r:logwrapper:s0 tcontext=u:r:logwrapper:s0 tclass=tcp_socket permissive=1
05-28 06:06:03.123 I/genybaseband(  262): type=1400 audit(0.0:126): avc: denied { setopt } for laddr=127.0.0.1 lport=56418 faddr=127.0.0.1 fport=6379 scontext=u:r:logwrapper:s0 tcontext=u:r:logwrapper:s0 tclass=tcp_socket permissive=1
05-28 06:06:03.123 I/genybaseband(  262): type=1400 audit(0.0:127): avc: denied { listen } for path="/dev/socket/baseband_ril" scontext=u:r:logwrapper:s0 tcontext=u:r:init:s0 tclass=unix_stream_socket permissive=1
05-28 06:06:03.123 I/genybaseband(  262): type=1400 audit(0.0:128): avc: denied { accept } for path="/dev/socket/baseband_ril" scontext=u:r:logwrapper:s0 tcontext=u:r:init:s0 tclass=unix_stream_socket permissive=1
05-28 06:06:03.123 I/genybaseband(  264): type=1400 audit(0.0:129): avc: denied { sendto } for path="/dev/socket/logdw" scontext=u:r:logwrapper:s0 tcontext=u:r:init:s0 tclass=unix_dgram_socket permissive=1
05-28 06:06:03.123 I/genybaseband(  264): type=1400 audit(0.0:130): avc: denied { write } for path="socket:[9395]" dev="sockfs" ino=9395 scontext=u:r:logwrapper:s0 tcontext=u:r:logwrapper:s0 tclass=tcp_socket permissive=1
05-28 06:06:03.123 I/genybaseband(  264): type=1400 audit(0.0:131): avc: denied { read } for path="socket:[9395]" dev="sockfs" ino=9395 scontext=u:r:logwrapper:s0 tcontext=u:r:logwrapper:s0 tclass=tcp_socket permissive=1
05-28 06:06:03.125 W/baseband-redis(  262): Redis message not properly formated
05-28 06:06:03.203 I/crond   (  268): type=1400 audit(0.0:132): avc: denied { read } for name="crontab" dev="xvda7" ino=119043 scontext=u:r:vbox86-setup:s0 tcontext=u:object_r:system_data_file:s0 tclass=dir permissive=1
05-28 06:06:03.203 I/crond   (  268): type=1400 audit(0.0:133): avc: denied { open } for path="/data/crontab" dev="xvda7" ino=119043 scontext=u:r:vbox86-setup:s0 tcontext=u:object_r:system_data_file:s0 tclass=dir permissive=1
05-28 06:06:03.203 I/crond   (  268): type=1400 audit(0.0:134): avc: denied { read } for name="root" dev="xvda7" ino=119044 scontext=u:r:vbox86-setup:s0 tcontext=u:object_r:system_data_file:s0 tclass=file permissive=1
05-28 06:06:03.203 I/crond   (  268): type=1400 audit(0.0:135): avc: denied { open } for path="/data/crontab/root" dev="xvda7" ino=119044 scontext=u:r:vbox86-setup:s0 tcontext=u:object_r:system_data_file:s0 tclass=file permissive=1
05-28 06:06:03.203 I/crond   (  268): type=1400 audit(0.0:136): avc: denied { getattr } for path="/data/crontab/root" dev="xvda7" ino=119044 scontext=u:r:vbox86-setup:s0 tcontext=u:object_r:system_data_file:s0 tclass=file permissive=1
05-28 06:06:03.205 I/crond   (  268): crond: crond (busybox 1.22.1 bionic) started, log level 8
05-28 06:06:03.411 I/init    (    1): type=1400 audit(0.0:137): avc: denied { getattr } for path="/system/xbin/su" dev="xvda5" ino=3656 scontext=u:r:init:s0 tcontext=u:object_r:su_exec:s0 tclass=file permissive=1
05-28 06:06:03.415 I/healthd (  291): type=1400 audit(0.0:138): avc: denied { block_suspend } for capability=36 scontext=u:r:init:s0 tcontext=u:r:init:s0 tclass=capability2 permissive=1
05-28 06:06:03.415 I/init    (  282): type=1400 audit(0.0:139): avc: denied { execute } for name="su" dev="xvda5" ino=3656 scontext=u:r:init:s0 tcontext=u:object_r:su_exec:s0 tclass=file permissive=1
05-28 06:06:03.415 I/init    (  282): type=1400 audit(0.0:140): avc: denied { read open } for path="/system/xbin/su" dev="xvda5" ino=3656 scontext=u:r:init:s0 tcontext=u:object_r:su_exec:s0 tclass=file permissive=1
05-28 06:06:03.415 I/init    (  282): type=1400 audit(0.0:141): avc: denied { execute_no_trans } for path="/system/xbin/su" dev="xvda5" ino=3656 scontext=u:r:init:s0 tcontext=u:object_r:su_exec:s0 tclass=file permissive=1
05-28 06:06:03.415 I/init    (  279): type=1400 audit(0.0:142): avc: denied { create } for name="audio_out" scontext=u:r:init:s0 tcontext=u:object_r:socket_device:s0 tclass=sock_file permissive=1
05-28 06:06:03.415 I/init    (  279): type=1400 audit(0.0:143): avc: denied { setattr } for name="audio_out" dev="tmpfs" ino=8922 scontext=u:r:init:s0 tcontext=u:object_r:socket_device:s0 tclass=sock_file permissive=1
05-28 06:06:03.419 I/rild    (  290): type=1400 audit(0.0:144): avc: denied { read write } for path="socket:[8867]" dev="sockfs" ino=8867 scontext=u:r:rild:s0 tcontext=u:r:init:s0 tclass=unix_stream_socket permissive=1
05-28 06:06:03.419 I/audioserver(  279): type=1400 audit(0.0:145): avc: denied { read write } for path="socket:[8913]" dev="sockfs" ino=8913 scontext=u:r:audioserver:s0 tcontext=u:r:init:s0 tclass=unix_stream_socket permissive=1
05-28 06:06:03.419 I/app_process64(  277): type=1400 audit(0.0:146): avc: denied { read write } for path="socket:[8938]" dev="sockfs" ino=8938 scontext=u:r:zygote:s0 tcontext=u:r:init:s0 tclass=unix_stream_socket permissive=1
05-28 06:06:03.419 I/installd(  283): type=1400 audit(0.0:147): avc: denied { read write } for path="socket:[8900]" dev="sockfs" ino=8900 scontext=u:r:installd:s0 tcontext=u:r:init:s0 tclass=unix_stream_socket permissive=1
05-28 06:06:03.423 I/installd(  283): type=1400 audit(0.0:148): avc: denied { sendto } for path="/dev/socket/logdw" scontext=u:r:installd:s0 tcontext=u:r:init:s0 tclass=unix_dgram_socket permissive=1
05-28 06:06:03.426 I/        (  283): installd firing up
05-28 06:06:03.430 I/lowmemorykiller(  271): Using in-kernel low memory killer interface
05-28 06:06:03.431 W/vinput  (  275): Empty command, we ignore it
05-28 06:06:03.435 W/vinput  (  275): Vinput: Publish command vinput status ready configured:0 has no receiver
05-28 06:06:03.478 E/network_profile_handler(  272): init_all_network_profile_state: wlan: wlan0 phone:rmnet0
05-28 06:06:03.478 I/network_profile(  272): Redis connect
05-28 06:06:03.478 I/network_profile(  272): Redis PUB: network_profile status ready
05-28 06:06:03.479 I/network_profile(  272): Redis read thread
05-28 06:06:03.479 I/network_profile(  272): Redis read wait
05-28 06:06:03.479 W/network_profile(  272): message not properly formated
05-28 06:06:03.518 I/Netd    (  289): Netd 1.0 starting
05-28 06:06:03.569 I/keystore(  284): Found keymaster0 module Keymaster OpenSSL HAL, version 2
05-28 06:06:03.569 I/SoftKeymaster(  284): system/keymaster/soft_keymaster_device.cpp, Line 131: Creating device
05-28 06:06:03.569 I/keystore(  284): Keymaster0 module is software-only.  Using SoftKeymasterDevice instead.
05-28 06:06:03.569 I/SoftKeymaster(  284): system/keymaster/soft_keymaster_device.cpp, Line 131: Creating device
05-28 06:06:03.831 I/SurfaceFlinger(  276): SurfaceFlinger is starting
05-28 06:06:03.847 I/SurfaceFlinger(  276): SurfaceFlinger's main thread ready to run. Initializing graphics H/W...
05-28 06:06:03.848 E/libEGL  (  276): load_driver(/vendor/lib64/egl/libGLES_swiftshader.so): dlopen failed: library "/vendor/lib64/egl/libGLES_swiftshader.so" not found
05-28 06:06:03.919 W/gatekeeperd(  140): falling back to software GateKeeper
05-28 06:06:04.086 I/iptables(  289): iptables v1.4.20: Couldn't find target `fw_dozable'
05-28 06:06:04.086 I/iptables(  289): 
05-28 06:06:04.086 I/iptables(  289): Try `iptables -h' or 'iptables --help' for more information.
05-28 06:06:04.086 I/iptables(  289): iptables terminated by exit(2)
05-28 06:06:04.086 E/Netd    (  289): exec() res=0, status=512 for /system/bin/iptables -w -t filter -D fw_INPUT -j fw_dozable 
05-28 06:06:04.088 I/ip6tables(  289): ip6tables v1.4.20: Couldn't find target `fw_dozable'
05-28 06:06:04.088 I/ip6tables(  289): 
05-28 06:06:04.088 I/ip6tables(  289): Try `ip6tables -h' or 'ip6tables --help' for more information.
05-28 06:06:04.088 I/ip6tables(  289): ip6tables terminated by exit(2)
05-28 06:06:04.088 E/Netd    (  289): exec() res=0, status=512 for /system/bin/ip6tables -w -t filter -D fw_INPUT -j fw_dozable 
05-28 06:06:04.099 E/Netd    (  289): /system/bin/iptables-restore failed with res=0, status=256
05-28 06:06:04.124 E/Netd    (  289): /system/bin/ip6tables-restore failed with res=0, status=256
05-28 06:06:04.129 I/iptables(  289): iptables v1.4.20: Couldn't find target `fw_standby'
05-28 06:06:04.129 I/iptables(  289): 
05-28 06:06:04.129 I/iptables(  289): Try `iptables -h' or 'iptables --help' for more information.
05-28 06:06:04.139 I/iptables(  289): iptables terminated by exit(2)
05-28 06:06:04.139 E/Netd    (  289): exec() res=0, status=512 for /system/bin/iptables -w -t filter -D fw_INPUT -j fw_standby 
05-28 06:06:04.142 I/ip6tables(  289): ip6tables v1.4.20: Couldn't find target `fw_standby'
05-28 06:06:04.142 I/ip6tables(  289): 
05-28 06:06:04.142 I/ip6tables(  289): Try `ip6tables -h' or 'ip6tables --help' for more information.
05-28 06:06:04.144 I/ip6tables(  289): ip6tables terminated by exit(2)
05-28 06:06:04.144 E/Netd    (  289): exec() res=0, status=512 for /system/bin/ip6tables -w -t filter -D fw_INPUT -j fw_standby 
05-28 06:06:04.147 I/cameraserver(  280): type=1400 audit(0.0:187): avc: denied { sendto } for path="/dev/socket/logdw" scontext=u:r:cameraserver:s0 tcontext=u:r:init:s0 tclass=unix_dgram_socket permissive=1
05-28 06:06:04.147 I/mediacodec(  285): type=1400 audit(0.0:188): avc: denied { sendto } for path="/dev/socket/logdw" scontext=u:r:mediacodec:s0 tcontext=u:r:init:s0 tclass=unix_dgram_socket permissive=1
05-28 06:06:04.148 I/cameraserver(  280): ServiceManager: 0xf639afc0
05-28 06:06:04.149 I/mediacodec(  285): @@@ mediacodecservice starting
05-28 06:06:04.162 W/        (  285): No seccomp filter defined for this architecture.
05-28 06:06:04.162 I/CameraService(  280): CameraService started (pid=280)
05-28 06:06:04.162 I/CameraService(  280): CameraService process starting
05-28 06:06:04.163 W/BatteryNotifier(  280): batterystats service unavailable!
05-28 06:06:04.165 I/iptables(  289): iptables v1.4.20: Couldn't find target `fw_powersave'
05-28 06:06:04.165 I/iptables(  289): 
05-28 06:06:04.165 I/iptables(  289): Try `iptables -h' or 'iptables --help' for more information.
05-28 06:06:04.165 I/iptables(  289): iptables terminated by exit(2)
05-28 06:06:04.165 E/Netd    (  289): exec() res=0, status=512 for /system/bin/iptables -w -t filter -D fw_INPUT -j fw_powersave 
05-28 06:06:04.167 I/ip6tables(  289): ip6tables v1.4.20: Couldn't find target `fw_powersave'
05-28 06:06:04.167 I/ip6tables(  289): 
05-28 06:06:04.167 I/ip6tables(  289): Try `ip6tables -h' or 'ip6tables --help' for more information.
05-28 06:06:04.175 I/ip6tables(  289): ip6tables terminated by exit(2)
05-28 06:06:04.175 E/Netd    (  289): exec() res=0, status=512 for /system/bin/ip6tables -w -t filter -D fw_INPUT -j fw_powersave 
05-28 06:06:04.176 W/BatteryNotifier(  280): batterystats service unavailable!
05-28 06:06:04.178 E/Netd    (  289): /system/bin/iptables-restore failed with res=0, status=256
05-28 06:06:04.188 E/Netd    (  289): /system/bin/ip6tables-restore failed with res=0, status=256
05-28 06:06:04.215 I/audioserver(  279): type=1400 audit(0.0:189): avc: denied { sendto } for path="/dev/socket/logdw" scontext=u:r:audioserver:s0 tcontext=u:r:init:s0 tclass=unix_dgram_socket permissive=1
05-28 06:06:04.234 I/        (  279): sMaxFastTracks = 8
05-28 06:06:04.234 I/audioserver(  279): ServiceManager: 0xeb49afc0
05-28 06:06:04.234 W/BatteryNotifier(  279): batterystats service unavailable!
05-28 06:06:04.234 I/AudioFlinger(  279): Using default 3000 mSec as standby time.
05-28 06:06:04.235 I/AudioPolicyService(  279): AudioPolicyService CSTOR in new mode
05-28 06:06:04.236 I/APM::ConfigParsingUtils(  279): loadAudioPolicyConfig() loaded /system/etc/audio_policy.conf
05-28 06:06:04.238 E/Netd    (  289): /system/bin/iptables-restore failed with res=0, status=256
05-28 06:06:04.239 I/cameraserver(  280): type=1400 audit(0.0:190): avc: denied { create } for scontext=u:r:cameraserver:s0 tcontext=u:r:cameraserver:s0 tclass=tcp_socket permissive=1
05-28 06:06:04.239 I/cameraserver(  280): type=1400 audit(0.0:191): avc: denied { write } for name="fwmarkd" dev="tmpfs" ino=8898 scontext=u:r:cameraserver:s0 tcontext=u:object_r:fwmarkd_socket:s0 tclass=sock_file permissive=1
05-28 06:06:04.239 I/cameraserver(  280): type=1400 audit(0.0:192): avc: denied { connect } for scontext=u:r:cameraserver:s0 tcontext=u:r:cameraserver:s0 tclass=tcp_socket permissive=1
05-28 06:06:04.239 I/cameraserver(  280): type=1400 audit(0.0:193): avc: denied { name_connect } for dest=24801 scontext=u:r:cameraserver:s0 tcontext=u:object_r:port:s0 tclass=tcp_socket permissive=1
05-28 06:06:04.239 I/cameraserver(  280): type=1400 audit(0.0:194): avc: denied { setopt } for laddr=127.0.0.1 lport=33834 faddr=127.0.0.1 fport=24801 scontext=u:r:cameraserver:s0 tcontext=u:r:cameraserver:s0 tclass=tcp_socket permissive=1
05-28 06:06:04.241 E/EmulatedCamera_Factory(  280): 2 cameras are being emulated.
05-28 06:06:04.241 E/EmulatedCamera_HotplugThread(  280): createFileIfNotExists: Could not create file '/data/misc/media/emulator.camera.hotplug.0', error: 'Permission denied' (13)
05-28 06:06:04.241 E/EmulatedCamera_HotplugThread(  280): createFileIfNotExists: Could not create file '/data/misc/media/emulator.camera.hotplug.1', error: 'Permission denied' (13)
05-28 06:06:04.241 E/cutils-trace(  280): Error opening trace file: Permission denied (13)
05-28 06:06:04.241 I/CameraService(  280): Loaded "Emulated Camera Module" camera module
05-28 06:06:04.241 E/CameraService(  280): setUpVendorTags: Vendor tag operations not fully defined. Ignoring definitions.
05-28 06:06:04.241 I/CameraFlashlight(  280): Opening camera 0
05-28 06:06:04.243 I/ServiceManager(  280): Waiting for service SurfaceFlinger...
05-28 06:06:04.244 E/Netd    (  289): /system/bin/ip6tables-restore failed with res=0, status=256
05-28 06:06:04.251 I/netd    (  289): type=1400 audit(0.0:195): avc: denied { sys_module } for capability=16 scontext=u:r:netd:s0 tcontext=u:r:netd:s0 tclass=capability permissive=1
05-28 06:06:04.251 I/netd    (  289): type=1400 audit(0.0:196): avc: denied { listen } for path="/dev/socket/dnsproxyd" scontext=u:r:netd:s0 tcontext=u:r:init:s0 tclass=unix_stream_socket permissive=1
05-28 06:06:04.251 I/logd.writer(  115): type=1400 audit(0.0:197): avc: denied { read } for path="/dev/socket/logdw" scontext=u:r:logd:s0 tcontext=u:r:init:s0 tclass=unix_dgram_socket permissive=1
05-28 06:06:04.255 E/Netd    (  289): cannot find interface dummy0
05-28 06:06:04.255 E/Netd    (  289): Unable to create netlink socket: Protocol not supported
05-28 06:06:04.255 E/Netd    (  289): Unable to open quota socket
05-28 06:06:04.296 E/genymotion_audio(  279): Fail to get mixer ctl: Master Playback Switch
05-28 06:06:04.296 E/genymotion_audio(  279): Fail to get mixer ctl: Master Playback Volume
05-28 06:06:04.296 E/genymotion_audio(  279): Fail to get mixer ctl: PCM Playback Switch
05-28 06:06:04.296 E/genymotion_audio(  279): Fail to get mixer ctl: PCM Playback Volume
05-28 06:06:04.296 E/genymotion_audio(  279): Fail to get mixer ctl: Capture Switch
05-28 06:06:04.296 E/genymotion_audio(  279): Fail to get mixer ctl: Capture Volume
05-28 06:06:04.296 I/genymotion_audio(  279): Starting audio input server
05-28 06:06:04.296 I/genymotion_audio(  279): Starting input server...
05-28 06:06:04.296 I/genymotion_audio(  279): pcm dump: lock server init ret: 0
05-28 06:06:04.296 I/genymotion_audio(  279): pcm dump: init input buffer with 1764 frames of 4 bytes
05-28 06:06:04.296 I/genymotion_audio(  279): Starting input pcm server
05-28 06:06:04.296 I/AudioFlinger(  279): loadHwModule() Loaded primary audio interface from Generic audio HW HAL (audio) handle 10
05-28 06:06:04.296 I/AudioFlinger(  279): openOutput(), module 10 Device 2, SamplingRate 44100, Format 0x000001, Channels 3, flags 2
05-28 06:06:04.296 I/genymotion_audio(  279): Starting pcm out server
05-28 06:06:04.296 W/AudioFlinger(  279): HAL output buffer size is 661 frames but AudioMixer requires multiples of 16 frames
05-28 06:06:04.296 I/AudioFlinger(  279): HAL output buffer size 661 frames, normal sink buffer size 1056 frames
05-28 06:06:04.327 I/audioserver(  554): type=1400 audit(0.0:198): avc: denied { listen } for path="/dev/socket/audio_in" scontext=u:r:audioserver:s0 tcontext=u:r:init:s0 tclass=unix_stream_socket permissive=1
05-28 06:06:04.327 I/audioserver(  554): type=1400 audit(0.0:199): avc: denied { accept } for path="/dev/socket/audio_in" scontext=u:r:audioserver:s0 tcontext=u:r:init:s0 tclass=unix_stream_socket permissive=1
05-28 06:06:04.327 I/genymotion_audio(  279): Input server: Trying to get unix socket
05-28 06:06:04.327 I/genymotion_audio(  279): Input server: done, checking...
05-28 06:06:04.327 I/genymotion_audio(  279): Input server: socket is okay, listening on it...
05-28 06:06:04.327 I/genymotion_audio(  279): Input server: done listening
05-28 06:06:04.327 I/genymotion_audio(  279): Input server waiting for connection
05-28 06:06:04.327 I/genymotion_audio(  279): out sampling rate 0
05-28 06:06:04.349 I/BufferProvider(  279): found effect "Multichannel Downmix To Stereo" from The Android Open Source Project
05-28 06:06:04.349 I/AudioFlinger(  279): Using module 10 has the primary audio interface
05-28 06:06:04.371 I/AudioFlinger(  279): AudioFlinger's thread 0xeaf1bcc0 ready to run
05-28 06:06:04.382 W/BatteryNotifier(  279): batterystats service unavailable!
05-28 06:06:04.382 W/BatteryNotifier(  279): batterystats service unavailable!
05-28 06:06:04.395 I/mediaextractor(  287): type=1400 audit(0.0:200): avc: denied { sendto } for path="/dev/socket/logdw" scontext=u:r:mediaextractor:s0 tcontext=u:r:init:s0 tclass=unix_dgram_socket permissive=1
05-28 06:06:04.399 W//system/bin/mediaextractor(  287): libminijail: allowing syscall: socketcall
05-28 06:06:04.399 W//system/bin/mediaextractor(  287): libminijail: allowing syscall: writev
05-28 06:06:04.399 W//system/bin/mediaextractor(  287): libminijail: allowing syscall: fcntl64
05-28 06:06:04.399 W//system/bin/mediaextractor(  287): libminijail: allowing syscall: clock_gettime
05-28 06:06:04.399 W/BatteryNotifier(  279): batterystats service unavailable!
05-28 06:06:04.399 W/AudioFlinger(  279): no wake lock to update, system not ready yet
05-28 06:06:04.399 E/cutils-trace(  279): Error opening trace file: Permission denied (13)
05-28 06:06:04.400 I/genymotion_audio(  279): pcm dump: lock init ret: 0
05-28 06:06:04.400 I/genymotion_audio(  279): pcm dump: in->pcm_config.rate: 44100
05-28 06:06:04.400 I/genymotion_audio(  279): pcm dump: in->pcm_config.period_size: 441
05-28 06:06:04.400 I/genymotion_audio(  279): pcm dump: in->pcm_config.period_count: 4
05-28 06:06:04.400 I/genymotion_audio(  279): pcm dump: in->pcm_config.channels: 2
05-28 06:06:04.400 I/genymotion_audio(  279): pcm dump: to byte: 2
05-28 06:06:04.400 W//system/bin/mediaextractor(  287): libminijail: logging seccomp filter failures
05-28 06:06:04.400 I/genymotion_audio(  279): in_read_worker: Start.  channels 2 format 0 rate 44100
05-28 06:06:04.400 I/genymotion_audio(  279): in_read_worker dump: in->pcm_config.period_size: 441
05-28 06:06:04.400 I/genymotion_audio(  279): in_read_worker dump: in->pcm_config.period_count: 4
05-28 06:06:04.400 I/genymotion_audio(  279): in_read_worker dump: in->pcm_config.channels: 2
05-28 06:06:04.400 I/genymotion_audio(  279): in_read_worker dump: to byte: 2
05-28 06:06:04.400 I/genymotion_audio(  279): in_read_worker standby/restart
05-28 06:06:04.400 I/AudioFlinger(  279): AudioFlinger's thread 0xea803b00 ready to run
05-28 06:06:04.400 E/FastThread(  279): did not receive expected priority boost
05-28 06:06:04.403 I/RadioService(  279): RadioService
05-28 06:06:04.403 I/RadioService(  279): onFirstRef
05-28 06:06:04.403 E/RadioService(  279): couldn't load radio module radio.primary (No such file or directory)
05-28 06:06:04.403 E/SoundTriggerHwService(  279): couldn't load sound trigger module sound_trigger.primary (No such file or directory)
05-28 06:06:04.415 I/healthd (  291): type=1400 audit(0.0:201): avc: denied { call } for scontext=u:r:init:s0 tcontext=u:r:servicemanager:s0 tclass=binder permissive=1
05-28 06:06:04.415 I/healthd (  291): type=1400 audit(0.0:202): avc: denied { transfer } for scontext=u:r:init:s0 tcontext=u:r:servicemanager:s0 tclass=binder permissive=1
05-28 06:06:04.415 I/servicemanager(  273): type=1400 audit(0.0:203): avc: denied { search } for name="291" dev="proc" ino=9418 scontext=u:r:servicemanager:s0 tcontext=u:r:init:s0 tclass=dir permissive=1
05-28 06:06:04.415 I/servicemanager(  273): type=1400 audit(0.0:204): avc: denied { read } for name="current" dev="proc" ino=11621 scontext=u:r:servicemanager:s0 tcontext=u:r:init:s0 tclass=file permissive=1
05-28 06:06:04.415 I/servicemanager(  273): type=1400 audit(0.0:205): avc: denied { open } for path="/proc/291/attr/current" dev="proc" ino=11621 scontext=u:r:servicemanager:s0 tcontext=u:r:init:s0 tclass=file permissive=1
05-28 06:06:04.415 I/servicemanager(  273): type=1400 audit(0.0:206): avc: denied { getattr } for scontext=u:r:servicemanager:s0 tcontext=u:r:init:s0 tclass=process permissive=1
05-28 06:06:04.417 E/SELinux (  273): avc:  denied  { add } for service=batteryproperties pid=291 uid=0 scontext=u:r:init:s0 tcontext=u:object_r:batteryproperties_service:s0 tclass=service_manager permissive=1
05-28 06:06:04.461 I/mediaserver(  288): ServiceManager: 0xf3cbc040
05-28 06:06:04.462 I/mediaserver(  286): ServiceManager: 0xeb9bc040
05-28 06:06:04.552 W/BatteryNotifier(  288): batterystats service unavailable!
05-28 06:06:05.244 I/ServiceManager(  280): Waiting for service SurfaceFlinger...
05-28 06:06:05.600 I/gralloc (  276): using (fd=11)
05-28 06:06:05.600 I/gralloc (  276): id           = Virtual FB
05-28 06:06:05.600 I/gralloc (  276): xres         = 600 px
05-28 06:06:05.600 I/gralloc (  276): yres         = 1024 px
05-28 06:06:05.600 I/gralloc (  276): xres_virtual = 600 px
05-28 06:06:05.600 I/gralloc (  276): yres_virtual = 2048 px
05-28 06:06:05.600 I/gralloc (  276): bpp          = 32
05-28 06:06:05.600 I/gralloc (  276): r            = 16:8
05-28 06:06:05.600 I/gralloc (  276): g            =  8:8
05-28 06:06:05.600 I/gralloc (  276): b            =  0:8
05-28 06:06:05.600 I/gralloc (  276): width        = 95 mm (160.421051 dpi)
05-28 06:06:05.600 I/gralloc (  276): height       = 162 mm (160.553085 dpi)
05-28 06:06:05.600 I/gralloc (  276): refresh rate = 60.00 Hz
05-28 06:06:05.601 E/SurfaceFlinger(  276): hwcomposer module not found
05-28 06:06:05.601 I/SurfaceFlinger(  276): Trying a simpler query for non-RGBA_8888
05-28 06:06:05.602 I/SurfaceFlinger(  276): EGL information: format=0x5
05-28 06:06:05.602 I/SurfaceFlinger(  276): vendor    : Android
05-28 06:06:05.602 I/SurfaceFlinger(  276): version   : 1.4 Android META-EGL
05-28 06:06:05.602 I/SurfaceFlinger(  276): extensions: EGL_KHR_get_all_proc_addresses EGL_ANDROID_presentation_time EGL_KHR_swap_buffers_with_damage EGL_ANDROID_create_native_client_buffer EGL_ANDROID_front_buffer_auto_refresh EGL_KHR_image_base EGL_KHR_gl_texture_2D_image EGL_KHR_gl_texture_cubemap_image EGL_KHR_gl_renderbuffer_image EGL_KHR_fence_sync EGL_KHR_create_context EGL_ANDROID_recordable 
05-28 06:06:05.602 I/SurfaceFlinger(  276): Client API: OpenGL_ES
05-28 06:06:05.602 I/SurfaceFlinger(  276): EGLSurface: 8-8-8-8, config=0x2f
05-28 06:06:05.607 I/SurfaceFlinger(  276): OpenGL ES informations: format=0x5
05-28 06:06:05.607 I/SurfaceFlinger(  276): vendor    : Google Inc.
05-28 06:06:05.607 I/SurfaceFlinger(  276): renderer  : Google SwiftShader
05-28 06:06:05.607 I/SurfaceFlinger(  276): version   : OpenGL ES 2.0 SwiftShader 3.3.0.2
05-28 06:06:05.607 I/SurfaceFlinger(  276): extensions: GL_OES_compressed_ETC1_RGB8_texture GL_OES_depth24 GL_OES_depth32 GL_OES_depth_texture GL_OES_depth_texture_cube_map GL_OES_EGL_image GL_OES_EGL_image_external GL_OES_EGL_sync GL_OES_element_index_uint GL_OES_framebuffer_object GL_OES_packed_depth_stencil GL_OES_rgb8_rgba8 GL_OES_standard_derivatives GL_OES_texture_float GL_OES_texture_float_linear GL_OES_texture_half_float GL_OES_texture_half_float_linear GL_OES_texture_npot GL_OES_texture_3D GL_OES_vertex_half_float GL_EXT_blend_minmax GL_EXT_color_buffer_half_float GL_EXT_draw_buffers GL_EXT_instanced_arrays GL_EXT_occlusion_query_boolean GL_EXT_read_format_bgra GL_EXT_texture_filter_anisotropic GL_EXT_texture_format_BGRA8888 GL_EXT_texture_rg GL_ANGLE_framebuffer_blit GL_ANGLE_framebuffer_multisample GL_ANGLE_instanced_arrays GL_CHROMIUM_texture_filtering_hint GL_NV_fence GL_NV_framebuffer_blit GL_NV_read_depth 
05-28 06:06:05.607 I/SurfaceFlinger(  276): GL_MAX_TEXTURE_SIZE = 8192
05-28 06:06:05.607 I/SurfaceFlinger(  276): GL_MAX_VIEWPORT_DIMS = 8192
05-28 06:06:05.607 E/cutils-trace(  276): Error opening trace file: Permission denied (13)
05-28 06:06:05.795 I/surfaceflinger(  276): type=1400 audit(0.0:218): avc: denied { execmem } for scontext=u:r:surfaceflinger:s0 tcontext=u:r:surfaceflinger:s0 tclass=process permissive=1
05-28 06:06:05.855 I/BootAnimation(  575): type=1400 audit(0.0:219): avc: denied { sendto } for path="/dev/socket/logdw" scontext=u:r:bootanim:s0 tcontext=u:r:init:s0 tclass=unix_dgram_socket permissive=1
05-28 06:06:05.856 E/libEGL  (  572): load_driver(/vendor/lib64/egl/libGLES_swiftshader.so): dlopen failed: library "/vendor/lib64/egl/libGLES_swiftshader.so" not found
05-28 06:06:05.863 I/BootAnimation(  575): type=1400 audit(0.0:220): avc: denied { read } for name="fb0" dev="tmpfs" ino=725 scontext=u:r:bootanim:s0 tcontext=u:object_r:graphics_device:s0 tclass=chr_file permissive=1
05-28 06:06:05.863 I/BootAnimation(  575): type=1400 audit(0.0:221): avc: denied { open } for path="/dev/graphics/fb0" dev="tmpfs" ino=725 scontext=u:r:bootanim:s0 tcontext=u:object_r:graphics_device:s0 tclass=chr_file permissive=1
05-28 06:06:05.863 I/BootAnimation(  575): type=1400 audit(0.0:222): avc: denied { ioctl } for path="/dev/graphics/fb0" dev="tmpfs" ino=725 ioctlcmd=4600 scontext=u:r:bootanim:s0 tcontext=u:object_r:graphics_device:s0 tclass=chr_file permissive=1
05-28 06:06:05.867 E/cutils-trace(  572): Error opening trace file: Permission denied (13)
05-28 06:06:06.167 I/BootAnimation(  575): type=1400 audit(0.0:223): avc: denied { execmem } for scontext=u:r:bootanim:s0 tcontext=u:r:bootanim:s0 tclass=process permissive=1
05-28 06:06:06.259 I/CameraFlashlight(  280): Destroying camera 0
05-28 06:06:06.260 I/CameraFlashlight(  280): Opening camera 1
05-28 06:06:06.260 I/CameraFlashlight(  280): Destroying camera 1
05-28 06:06:06.260 I/ServiceManager(  280): Waiting for service media.camera.proxy...
05-28 06:06:07.155 I/zygote  (  278): type=1400 audit(0.0:224): avc: denied { sendto } for path="/dev/socket/logdw" scontext=u:r:zygote:s0 tcontext=u:r:init:s0 tclass=unix_dgram_socket permissive=1
05-28 06:06:07.263 I/cameraserver(  280): type=1400 audit(0.0:225): avc: denied { sendto } for path="/dev/socket/logdw" scontext=u:r:cameraserver:s0 tcontext=u:r:init:s0 tclass=unix_dgram_socket permissive=1
05-28 06:06:07.263 I/ServiceManager(  280): Waiting for service media.camera.proxy...
05-28 06:06:07.403 I/AudioOut_D(  558): type=1400 audit(0.0:226): avc: denied { sendto } for path="/dev/socket/logdw" scontext=u:r:audioserver:s0 tcontext=u:r:init:s0 tclass=unix_dgram_socket permissive=1
05-28 06:06:07.404 W/BatteryNotifier(  279): batterystats service unavailable!
05-28 06:06:07.515 I/zygote  (  278): type=1400 audit(0.0:227): avc: denied { write } for name="trace_marker" dev="tracefs" ino=1054 scontext=u:r:zygote:s0 tcontext=u:object_r:debugfs_tracing:s0 tclass=file permissive=1
05-28 06:06:07.515 I/zygote  (  278): type=1400 audit(0.0:228): avc: denied { open } for path="/sys/kernel/debug/tracing/trace_marker" dev="tracefs" ino=1054 scontext=u:r:zygote:s0 tcontext=u:object_r:debugfs_tracing:s0 tclass=file permissive=1
05-28 06:06:07.732 I/art     (  278): option[0]=-Xzygote
05-28 06:06:07.732 I/art     (  278): option[1]=-Xstacktracefile:/data/anr/traces.txt
05-28 06:06:07.732 I/art     (  278): option[2]=exit
05-28 06:06:07.732 I/art     (  278): option[3]=vfprintf
05-28 06:06:07.732 I/art     (  278): option[4]=sensitiveThread
05-28 06:06:07.732 I/art     (  278): option[5]=-verbose:gc
05-28 06:06:07.732 I/art     (  278): option[6]=-Xms8m
05-28 06:06:07.732 I/art     (  278): option[7]=-Xmx512m
05-28 06:06:07.732 I/art     (  278): option[8]=-XX:HeapGrowthLimit=192m
05-28 06:06:07.732 I/art     (  278): option[9]=-XX:HeapMinFree=512k
05-28 06:06:07.732 I/art     (  278): option[10]=-XX:HeapMaxFree=8m
05-28 06:06:07.732 I/art     (  278): option[11]=-XX:HeapTargetUtilization=0.75
05-28 06:06:07.732 I/art     (  278): option[12]=-Xusejit:true
05-28 06:06:07.732 I/art     (  278): option[13]=-Xjitsaveprofilinginfo
05-28 06:06:07.732 I/art     (  278): option[14]=-agentlib:jdwp=transport=dt_android_adb,suspend=n,server=y
05-28 06:06:07.732 I/art     (  278): option[15]=-Xlockprofthreshold:500
05-28 06:06:07.732 I/art     (  278): option[16]=-Ximage-compiler-option
05-28 06:06:07.732 I/art     (  278): option[17]=--runtime-arg
05-28 06:06:07.732 I/art     (  278): option[18]=-Ximage-compiler-option
05-28 06:06:07.732 I/art     (  278): option[19]=-Xms64m
05-28 06:06:07.732 I/art     (  278): option[20]=-Ximage-compiler-option
05-28 06:06:07.732 I/art     (  278): option[21]=--runtime-arg
05-28 06:06:07.732 I/art     (  278): option[22]=-Ximage-compiler-option
05-28 06:06:07.732 I/art     (  278): option[23]=-Xmx64m
05-28 06:06:07.732 I/art     (  278): option[24]=-Ximage-compiler-option
05-28 06:06:07.732 I/art     (  278): option[25]=--image-classes=/system/etc/preloaded-classes
05-28 06:06:07.732 I/art     (  278): option[26]=-Ximage-compiler-option
05-28 06:06:07.732 I/art     (  278): option[27]=--compiled-classes=/system/etc/compiled-classes
05-28 06:06:07.732 I/art     (  278): option[28]=-Xcompiler-option
05-28 06:06:07.732 I/art     (  278): option[29]=--runtime-arg
05-28 06:06:07.732 I/art     (  278): option[30]=-Xcompiler-option
05-28 06:06:07.732 I/art     (  278): option[31]=-Xms64m
05-28 06:06:07.732 I/art     (  278): option[32]=-Xcompiler-option
05-28 06:06:07.732 I/art     (  278): option[33]=--runtime-arg
05-28 06:06:07.732 I/art     (  278): option[34]=-Xcompiler-option
05-28 06:06:07.732 I/art     (  278): option[35]=-Xmx512m
05-28 06:06:07.732 I/art     (  278): option[36]=-Ximage-compiler-option
05-28 06:06:07.732 I/art     (  278): option[37]=--instruction-set-variant=x86
05-28 06:06:07.732 I/art     (  278): option[38]=-Xcompiler-option
05-28 06:06:07.732 I/art     (  278): option[39]=--instruction-set-variant=x86
05-28 06:06:07.732 I/art     (  278): option[40]=-Ximage-compiler-option
05-28 06:06:07.732 I/art     (  278): option[41]=--instruction-set-features=default
05-28 06:06:07.732 I/art     (  278): option[42]=-Xcompiler-option
05-28 06:06:07.732 I/art     (  278): option[43]=--instruction-set-features=default
05-28 06:06:07.732 I/art     (  278): option[44]=-Duser.locale=en-US
05-28 06:06:07.732 I/art     (  278): option[45]=--cpu-abilist=x86
05-28 06:06:07.732 I/art     (  278): option[46]=-Xfingerprint:Android/cloud/cloud:7.0/NBD92Y/1313:userdebug/test-keys
05-28 06:06:07.913 I/art     (  277): option[0]=-Xzygote
05-28 06:06:07.913 I/art     (  277): option[1]=-Xstacktracefile:/data/anr/traces.txt
05-28 06:06:07.913 I/art     (  277): option[2]=exit
05-28 06:06:07.913 I/art     (  277): option[3]=vfprintf
05-28 06:06:07.913 I/art     (  277): option[4]=sensitiveThread
05-28 06:06:07.913 I/art     (  277): option[5]=-verbose:gc
05-28 06:06:07.913 I/art     (  277): option[6]=-Xms8m
05-28 06:06:07.913 I/art     (  277): option[7]=-Xmx512m
05-28 06:06:07.913 I/art     (  277): option[8]=-XX:HeapGrowthLimit=192m
05-28 06:06:07.913 I/art     (  277): option[9]=-XX:HeapMinFree=512k
05-28 06:06:07.913 I/art     (  277): option[10]=-XX:HeapMaxFree=8m
05-28 06:06:07.913 I/art     (  277): option[11]=-XX:HeapTargetUtilization=0.75
05-28 06:06:07.913 I/art     (  277): option[12]=-Xusejit:true
05-28 06:06:07.913 I/art     (  277): option[13]=-Xjitsaveprofilinginfo
05-28 06:06:07.913 I/art     (  277): option[14]=-agentlib:jdwp=transport=dt_android_adb,suspend=n,server=y
05-28 06:06:07.913 I/art     (  277): option[15]=-Xlockprofthreshold:500
05-28 06:06:07.913 I/art     (  277): option[16]=-Ximage-compiler-option
05-28 06:06:07.913 I/art     (  277): option[17]=--runtime-arg
05-28 06:06:07.913 I/art     (  277): option[18]=-Ximage-compiler-option
05-28 06:06:07.913 I/art     (  277): option[19]=-Xms64m
05-28 06:06:07.913 I/art     (  277): option[20]=-Ximage-compiler-option
05-28 06:06:07.913 I/art     (  277): option[21]=--runtime-arg
05-28 06:06:07.913 I/art     (  277): option[22]=-Ximage-compiler-option
05-28 06:06:07.913 I/art     (  277): option[23]=-Xmx64m
05-28 06:06:07.913 I/art     (  277): option[24]=-Ximage-compiler-option
05-28 06:06:07.913 I/art     (  277): option[25]=--image-classes=/system/etc/preloaded-classes
05-28 06:06:07.913 I/art     (  277): option[26]=-Ximage-compiler-option
05-28 06:06:07.913 I/art     (  277): option[27]=--compiled-classes=/system/etc/compiled-classes
05-28 06:06:07.913 I/art     (  277): option[28]=-Xcompiler-option
05-28 06:06:07.913 I/art     (  277): option[29]=--runtime-arg
05-28 06:06:07.913 I/art     (  277): option[30]=-Xcompiler-option
05-28 06:06:07.913 I/art     (  277): option[31]=-Xms64m
05-28 06:06:07.913 I/art     (  277): option[32]=-Xcompiler-option
05-28 06:06:07.913 I/art     (  277): option[33]=--runtime-arg
05-28 06:06:07.913 I/art     (  277): option[34]=-Xcompiler-option
05-28 06:06:07.913 I/art     (  277): option[35]=-Xmx512m
05-28 06:06:07.913 I/art     (  277): option[36]=-Ximage-compiler-option
05-28 06:06:07.913 I/art     (  277): option[37]=--instruction-set-variant=x86_64
05-28 06:06:07.913 I/art     (  277): option[38]=-Xcompiler-option
05-28 06:06:07.913 I/art     (  277): option[39]=--instruction-set-variant=x86_64
05-28 06:06:07.913 I/art     (  277): option[40]=-Ximage-compiler-option
