05-28 06:06:33.679 W/StatusBar(  673): 	at com.android.systemui.statusbar.BaseStatusBar.isKeyguardSecure(BaseStatusBar.java:2609)
05-28 06:06:33.679 W/StatusBar(  673): 	at com.android.systemui.statusbar.BaseStatusBar.isCameraAllowedByAdmin(BaseStatusBar.java:2632)
05-28 06:06:33.679 W/StatusBar(  673): 	at com.android.systemui.statusbar.phone.KeyguardBottomAreaView.updateCameraVisibility(KeyguardBottomAreaView.java:302)
05-28 06:06:33.679 W/StatusBar(  673): 	at com.android.systemui.statusbar.phone.KeyguardBottomAreaView.setPhoneStatusBar(KeyguardBottomAreaView.java:269)
05-28 06:06:33.679 W/StatusBar(  673): 	at com.android.systemui.statusbar.phone.PhoneStatusBar.makeStatusBarView(PhoneStatusBar.java:874)
05-28 06:06:33.679 W/StatusBar(  673): 	at com.android.systemui.statusbar.phone.PhoneStatusBar.addStatusBarWindow(PhoneStatusBar.java:3248)
05-28 06:06:33.679 W/StatusBar(  673): 	at com.android.systemui.statusbar.phone.PhoneStatusBar.createAndAddWindows(PhoneStatusBar.java:3244)
05-28 06:06:33.679 W/StatusBar(  673): 	at com.android.systemui.statusbar.BaseStatusBar.start(BaseStatusBar.java:752)
05-28 06:06:33.679 W/StatusBar(  673): 	at com.android.systemui.statusbar.phone.PhoneStatusBar.start(PhoneStatusBar.java:657)
05-28 06:06:33.679 W/StatusBar(  673): 	at com.android.systemui.statusbar.SystemBars.createStatusBarFromConfig(SystemBars.java:106)
05-28 06:06:33.679 W/StatusBar(  673): 	at com.android.systemui.statusbar.SystemBars.onNoService(SystemBars.java:58)
05-28 06:06:33.679 W/StatusBar(  673): 	at com.android.systemui.statusbar.ServiceMonitor.startService(ServiceMonitor.java:230)
05-28 06:06:33.679 W/StatusBar(  673): 	at com.android.systemui.statusbar.ServiceMonitor.-wrap5(ServiceMonitor.java)
05-28 06:06:33.679 W/StatusBar(  673): 	at com.android.systemui.statusbar.ServiceMonitor$1.handleMessage(ServiceMonitor.java:73)
05-28 06:06:33.679 W/StatusBar(  673): 	at android.os.Handler.dispatchMessage(Handler.java:102)
05-28 06:06:33.679 W/StatusBar(  673): 	at android.os.Looper.loop(Looper.java:154)
05-28 06:06:33.679 W/StatusBar(  673): 	at android.app.ActivityThread.main(ActivityThread.java:6077)
05-28 06:06:33.679 W/StatusBar(  673): 	at java.lang.reflect.Method.invoke(Native Method)
05-28 06:06:33.679 W/StatusBar(  673): 	at com.android.internal.os.ZygoteInit$MethodAndArgsCaller.run(ZygoteInit.java:865)
05-28 06:06:33.679 W/StatusBar(  673): 	at com.android.internal.os.ZygoteInit.main(ZygoteInit.java:755)
05-28 06:06:33.679 I/StatusBar(  673): isKeyguardShowing() called before startKeyguard(), returning true
05-28 06:06:33.679 W/StatusBar(  673): isKeyguardSecure() called before startKeyguard(), returning false
05-28 06:06:33.679 W/StatusBar(  673): java.lang.Throwable
05-28 06:06:33.679 W/StatusBar(  673): 	at com.android.systemui.statusbar.BaseStatusBar.isKeyguardSecure(BaseStatusBar.java:2609)
05-28 06:06:33.679 W/StatusBar(  673): 	at com.android.systemui.statusbar.BaseStatusBar.isCameraAllowedByAdmin(BaseStatusBar.java:2632)
05-28 06:06:33.679 W/StatusBar(  673): 	at com.android.systemui.statusbar.phone.KeyguardBottomAreaView.updateCameraVisibility(KeyguardBottomAreaView.java:302)
05-28 06:06:33.679 W/StatusBar(  673): 	at com.android.systemui.statusbar.phone.KeyguardBottomAreaView.setUserSetupComplete(KeyguardBottomAreaView.java:274)
05-28 06:06:33.679 W/StatusBar(  673): 	at com.android.systemui.statusbar.phone.PhoneStatusBar.makeStatusBarView(PhoneStatusBar.java:875)
05-28 06:06:33.679 W/StatusBar(  673): 	at com.android.systemui.statusbar.phone.PhoneStatusBar.addStatusBarWindow(PhoneStatusBar.java:3248)
05-28 06:06:33.679 W/StatusBar(  673): 	at com.android.systemui.statusbar.phone.PhoneStatusBar.createAndAddWindows(PhoneStatusBar.java:3244)
05-28 06:06:33.679 W/StatusBar(  673): 	at com.android.systemui.statusbar.BaseStatusBar.start(BaseStatusBar.java:752)
05-28 06:06:33.679 W/StatusBar(  673): 	at com.android.systemui.statusbar.phone.PhoneStatusBar.start(PhoneStatusBar.java:657)
05-28 06:06:33.679 W/StatusBar(  673): 	at com.android.systemui.statusbar.SystemBars.createStatusBarFromConfig(SystemBars.java:106)
05-28 06:06:33.679 W/StatusBar(  673): 	at com.android.systemui.statusbar.SystemBars.onNoService(SystemBars.java:58)
05-28 06:06:33.679 W/StatusBar(  673): 	at com.android.systemui.statusbar.ServiceMonitor.startService(ServiceMonitor.java:230)
05-28 06:06:33.679 W/StatusBar(  673): 	at com.android.systemui.statusbar.ServiceMonitor.-wrap5(ServiceMonitor.java)
05-28 06:06:33.679 W/StatusBar(  673): 	at com.android.systemui.statusbar.ServiceMonitor$1.handleMessage(ServiceMonitor.java:73)
05-28 06:06:33.679 W/StatusBar(  673): 	at android.os.Handler.dispatchMessage(Handler.java:102)
05-28 06:06:33.679 W/StatusBar(  673): 	at android.os.Looper.loop(Looper.java:154)
05-28 06:06:33.679 W/StatusBar(  673): 	at android.app.ActivityThread.main(ActivityThread.java:6077)
05-28 06:06:33.679 W/StatusBar(  673): 	at java.lang.reflect.Method.invoke(Native Method)
05-28 06:06:33.679 W/StatusBar(  673): 	at com.android.internal.os.ZygoteInit$MethodAndArgsCaller.run(ZygoteInit.java:865)
05-28 06:06:33.679 W/StatusBar(  673): 	at com.android.internal.os.ZygoteInit.main(ZygoteInit.java:755)
05-28 06:06:33.687 I/lmkd    (  271): type=1400 audit(0.0:398): avc: denied { read } for path="socket:[12269]" dev="sockfs" ino=12269 scontext=u:r:lmkd:s0 tcontext=u:r:init:s0 tclass=unix_stream_socket permissive=1
05-28 06:06:33.691 I/JDWP    ( 1287): type=1400 audit(0.0:399): avc: denied { connectto } for path=006A6477702D636F6E74726F6C scontext=u:r:untrusted_app:s0:c512,c768 tcontext=u:r:init:s0 tclass=unix_stream_socket permissive=1
05-28 06:06:33.700 I/ActivityManager(  593): Displayed com.android.launcher3/.Launcher: +1s453ms
05-28 06:06:33.703 I/StatusBar(  673): isKeyguardShowing() called before startKeyguard(), returning true
05-28 06:06:33.703 W/StatusBar(  673): isKeyguardSecure() called before startKeyguard(), returning false
05-28 06:06:33.703 W/StatusBar(  673): java.lang.Throwable
05-28 06:06:33.703 W/StatusBar(  673): 	at com.android.systemui.statusbar.BaseStatusBar.isKeyguardSecure(BaseStatusBar.java:2609)
05-28 06:06:33.703 W/StatusBar(  673): 	at com.android.systemui.statusbar.BaseStatusBar.isCameraAllowedByAdmin(BaseStatusBar.java:2632)
05-28 06:06:33.703 W/StatusBar(  673): 	at com.android.systemui.statusbar.phone.KeyguardBottomAreaView.updateCameraVisibility(KeyguardBottomAreaView.java:302)
05-28 06:06:33.703 W/StatusBar(  673): 	at com.android.systemui.statusbar.phone.KeyguardBottomAreaView.setUserSetupComplete(KeyguardBottomAreaView.java:274)
05-28 06:06:33.703 W/StatusBar(  673): 	at com.android.systemui.statusbar.phone.PhoneStatusBar$1.onChange(PhoneStatusBar.java:421)
05-28 06:06:33.703 W/StatusBar(  673): 	at com.android.systemui.statusbar.phone.PhoneStatusBar.resetUserSetupObserver(PhoneStatusBar.java:3474)
05-28 06:06:33.703 W/StatusBar(  673): 	at com.android.systemui.statusbar.phone.PhoneStatusBar.makeStatusBarView(PhoneStatusBar.java:948)
05-28 06:06:33.703 W/StatusBar(  673): 	at com.android.systemui.statusbar.phone.PhoneStatusBar.addStatusBarWindow(PhoneStatusBar.java:3248)
05-28 06:06:33.703 W/StatusBar(  673): 	at com.android.systemui.statusbar.phone.PhoneStatusBar.createAndAddWindows(PhoneStatusBar.java:3244)
05-28 06:06:33.703 W/StatusBar(  673): 	at com.android.systemui.statusbar.BaseStatusBar.start(BaseStatusBar.java:752)
05-28 06:06:33.703 W/StatusBar(  673): 	at com.android.systemui.statusbar.phone.PhoneStatusBar.start(PhoneStatusBar.java:657)
05-28 06:06:33.703 W/StatusBar(  673): 	at com.android.systemui.statusbar.SystemBars.createStatusBarFromConfig(SystemBars.java:106)
05-28 06:06:33.703 W/StatusBar(  673): 	at com.android.systemui.statusbar.SystemBars.onNoService(SystemBars.java:58)
05-28 06:06:33.703 W/StatusBar(  673): 	at com.android.systemui.statusbar.ServiceMonitor.startService(ServiceMonitor.java:230)
05-28 06:06:33.703 W/StatusBar(  673): 	at com.android.systemui.statusbar.ServiceMonitor.-wrap5(ServiceMonitor.java)
05-28 06:06:33.703 W/StatusBar(  673): 	at com.android.systemui.statusbar.ServiceMonitor$1.handleMessage(ServiceMonitor.java:73)
05-28 06:06:33.703 W/StatusBar(  673): 	at android.os.Handler.dispatchMessage(Handler.java:102)
05-28 06:06:33.703 W/StatusBar(  673): 	at android.os.Looper.loop(Looper.java:154)
05-28 06:06:33.703 W/StatusBar(  673): 	at android.app.ActivityThread.main(ActivityThread.java:6077)
05-28 06:06:33.703 W/StatusBar(  673): 	at java.lang.reflect.Method.invoke(Native Method)
05-28 06:06:33.703 W/StatusBar(  673): 	at com.android.internal.os.ZygoteInit$MethodAndArgsCaller.run(ZygoteInit.java:865)
05-28 06:06:33.703 W/StatusBar(  673): 	at com.android.internal.os.ZygoteInit.main(ZygoteInit.java:755)
05-28 06:06:33.730 I/GnssLocationProvider(  593): WakeLock acquired by sendMessage(12, 0, null)
05-28 06:06:33.730 E/GnssLocationProvider(  593): no AGPS interface in set_agps_server
05-28 06:06:33.730 I/GnssLocationProvider(  593): WakeLock released by handleMessage(12, 0, null)
05-28 06:06:33.755 I/wpa_supplicant(  807): type=1400 audit(0.0:400): avc: denied { read } for path="/dev/socket/wpa_wlan0" scontext=u:r:wpa:s0 tcontext=u:r:init:s0 tclass=unix_dgram_socket permissive=1
05-28 06:06:33.755 I/wpa_supplicant(  807): type=1400 audit(0.0:401): avc: denied { getopt } for path="/dev/socket/wpa_wlan0" scontext=u:r:wpa:s0 tcontext=u:r:init:s0 tclass=unix_dgram_socket permissive=1
05-28 06:06:33.755 I/wpa_supplicant(  807): type=1400 audit(0.0:402): avc: denied { ioctl } for path="socket:[13090]" dev="sockfs" ino=13090 ioctlcmd=5411 scontext=u:r:wpa:s0 tcontext=u:r:init:s0 tclass=unix_dgram_socket permissive=1
05-28 06:06:33.763 I/GnssLocationProvider(  593): WakeLock acquired by sendMessage(12, 0, null)
05-28 06:06:33.764 E/GnssLocationProvider(  593): no AGPS interface in set_agps_server
05-28 06:06:33.764 I/GnssLocationProvider(  593): WakeLock released by handleMessage(12, 0, null)
05-28 06:06:33.773 W/System  ( 1269): ClassLoader referenced unknown path: /system/app/QuickSearchBox/lib/x86_64
05-28 06:06:33.782 W/FingerprintManager(  673): isFingerprintHardwareDetected(): Service not connected!
05-28 06:06:33.806 E/GnssLocationProvider(  593): no AGPS interface in set_agps_server
05-28 06:06:33.814 I/Telephony(  743): PstnIncomingCallNotifier: Unregistering: Handler (com.android.internal.telephony.GsmCdmaPhone) {f265b68}
05-28 06:06:33.816 W/KeyguardUpdateMonitor(  673): invalid subId in handleSimStateChange()
05-28 06:06:33.816 I/Choreographer(  673): Skipped 32 frames!  The application may be doing too much work on its main thread.
05-28 06:06:33.828 I/Telecom (  593): PhoneAccountRegistrar: New phone account registered: [[ ] PhoneAccount: ComponentInfo{com.android.phone/com.android.services.telephony.TelephonyConnectionService}, [5fef04621e9a9b41849c3df35e75799299008300], UserHandle{0} Capabilities: CallProvider MultiUser PlaceEmerg SimSub  Schemes: tel voicemail  Extras: null]: TSI.rPA@ABg
05-28 06:06:33.828 I/Telecom (  593): : Sending phone-account registered intent as user: TSI.rPA@ABg
05-28 06:06:33.828 I/Telephony(  743): AccountEntry: Registered phoneAccount: [[ ] PhoneAccount: ComponentInfo{com.android.phone/com.android.services.telephony.TelephonyConnectionService}, [5fef04621e9a9b41849c3df35e75799299008300], UserHandle{0} Capabilities: CallProvider MultiUser PlaceEmerg SimSub  Schemes: tel voicemail  Extras: null] with handle: ComponentInfo{com.android.phone/com.android.services.telephony.TelephonyConnectionService}, [5fef04621e9a9b41849c3df35e75799299008300], UserHandle{0}
05-28 06:06:33.828 I/Telephony(  743): PstnIncomingCallNotifier: Registering: Handler (com.android.internal.telephony.GsmCdmaPhone) {f265b68}
05-28 06:06:33.829 I/Telephony(  743): TelecomAccountRegistry: Unregistering phone account ComponentInfo{com.android.phone/com.android.services.telephony.TelephonyConnectionService}, [e0184adedf913b076626646d3f52c3b49c39ad6d], UserHandle{0}.
05-28 06:06:33.829 I/Telecom (  593): : Sending phone-account unregistered intent as user: TSI.uPA@ABo
05-28 06:06:33.897 I/WindowManager(  593): Destroying surface Surface(name=KeyguardScrim) called by com.android.server.wm.WindowStateAnimator.destroySurface:2016 com.android.server.wm.WindowStateAnimator.destroySurfaceLocked:882 com.android.server.wm.WindowState.destroyOrSaveSurface:2100 com.android.server.wm.WindowSurfacePlacer.performSurfacePlacementInner:429 com.android.server.wm.WindowSurfacePlacer.performSurfacePlacementLoop:232 com.android.server.wm.WindowSurfacePlacer.performSurfacePlacement:180 com.android.server.wm.WindowManagerService$H.handleMessage:8092 android.os.Handler.dispatchMessage:102 
05-28 06:06:33.925 W/IInputConnectionWrapper(  593): reportFullscreenMode on inexistent InputConnection
05-28 06:06:33.959 I/AndroidLoggerFactory(  758): Logger name 'io.swagger.v3.parser.processors.ExternalRefProcessor' exceeds maximum length of 23 characters, using 'i*.s*.v*.p*.p*.Externa*' instead.
05-28 06:06:33.964 I/Webrtcd.Service(  758): Webrtc server started on port 6443
05-28 06:06:34.079 I/LatinIME(  668): Timeout waiting for dictionary load
05-28 06:06:34.184 I/GnssLocationProvider(  593): WakeLock acquired by sendMessage(12, 0, null)
05-28 06:06:34.185 E/GnssLocationProvider(  593): no AGPS interface in set_agps_server
05-28 06:06:34.185 I/GnssLocationProvider(  593): WakeLock released by handleMessage(12, 0, null)
05-28 06:06:34.190 I/GnssLocationProvider(  593): WakeLock acquired by sendMessage(12, 0, null)
05-28 06:06:34.191 E/GnssLocationProvider(  593): no AGPS interface in set_agps_server
05-28 06:06:34.191 I/GnssLocationProvider(  593): WakeLock released by handleMessage(12, 0, null)
05-28 06:06:34.215 I/OpenGLRenderer(  673): Initialized EGL, version 1.4
05-28 06:06:34.269 I/Telephony(  743): PstnIncomingCallNotifier: Unregistering: Handler (com.android.internal.telephony.GsmCdmaPhone) {f265b68}
05-28 06:06:34.272 I/Telecom (  593): PhoneAccountRegistrar: [ComponentInfo{com.android.phone/com.android.services.telephony.TelephonyConnectionService}, [5fef04621e9a9b41849c3df35e75799299008300], UserHandle{0}(icon: Icon(typ=BITMAP size=19x24) -> Icon(typ=BITMAP size=19x24))]: TSI.rPA@ABw
05-28 06:06:34.272 I/Telecom (  593): : Sending phone-account registered intent as user: TSI.rPA@ABw
05-28 06:06:34.273 I/Telephony(  743): AccountEntry: Registered phoneAccount: [[ ] PhoneAccount: ComponentInfo{com.android.phone/com.android.services.telephony.TelephonyConnectionService}, [5fef04621e9a9b41849c3df35e75799299008300], UserHandle{0} Capabilities: CallProvider MultiUser PlaceEmerg SimSub  Schemes: tel voicemail  Extras: null] with handle: ComponentInfo{com.android.phone/com.android.services.telephony.TelephonyConnectionService}, [5fef04621e9a9b41849c3df35e75799299008300], UserHandle{0}
05-28 06:06:34.273 I/Telephony(  743): PstnIncomingCallNotifier: Registering: Handler (com.android.internal.telephony.GsmCdmaPhone) {f265b68}
05-28 06:06:34.281 W/WindowManager(  593): App freeze timeout expired.
05-28 06:06:34.331 I/Telephony(  743): PstnIncomingCallNotifier: Unregistering: Handler (com.android.internal.telephony.GsmCdmaPhone) {f265b68}
05-28 06:06:34.361 I/Telecom (  593): PhoneAccountRegistrar: [ComponentInfo{com.android.phone/com.android.services.telephony.TelephonyConnectionService}, [5fef04621e9a9b41849c3df35e75799299008300], UserHandle{0}(icon: Icon(typ=BITMAP size=19x24) -> Icon(typ=BITMAP size=19x24))]: TSI.rPA@AB8
05-28 06:06:34.362 I/Telecom (  593): : Sending phone-account registered intent as user: TSI.rPA@AB8
05-28 06:06:34.362 I/Telephony(  743): AccountEntry: Registered phoneAccount: [[ ] PhoneAccount: ComponentInfo{com.android.phone/com.android.services.telephony.TelephonyConnectionService}, [5fef04621e9a9b41849c3df35e75799299008300], UserHandle{0} Capabilities: CallProvider MultiUser PlaceEmerg SimSub  Schemes: tel voicemail  Extras: null] with handle: ComponentInfo{com.android.phone/com.android.services.telephony.TelephonyConnectionService}, [5fef04621e9a9b41849c3df35e75799299008300], UserHandle{0}
05-28 06:06:34.362 I/Telephony(  743): PstnIncomingCallNotifier: Registering: Handler (com.android.internal.telephony.GsmCdmaPhone) {f265b68}
05-28 06:06:34.373 W/KeyguardUpdateMonitor(  673): invalid subId in handleServiceStateChange()
05-28 06:06:34.379 W/KeyguardUpdateMonitor(  673): invalid subId in handleServiceStateChange()
05-28 06:06:34.379 W/KeyguardUpdateMonitor(  673): invalid subId in handleSimStateChange()
05-28 06:06:34.379 W/KeyguardUpdateMonitor(  673): invalid subId in handleSimStateChange()
05-28 06:06:34.379 I/Choreographer(  673): Skipped 33 frames!  The application may be doing too much work on its main thread.
05-28 06:06:34.383 I/Telephony(  743): PstnIncomingCallNotifier: Unregistering: Handler (com.android.internal.telephony.GsmCdmaPhone) {f265b68}
05-28 06:06:34.390 I/Telecom (  593): PhoneAccountRegistrar: [ComponentInfo{com.android.phone/com.android.services.telephony.TelephonyConnectionService}, [5fef04621e9a9b41849c3df35e75799299008300], UserHandle{0}(icon: Icon(typ=BITMAP size=19x24) -> Icon(typ=BITMAP size=19x24))]: TSI.rPA@ACI
05-28 06:06:34.390 I/Telecom (  593): : Sending phone-account registered intent as user: TSI.rPA@ACI
05-28 06:06:34.390 I/Telephony(  743): AccountEntry: Registered phoneAccount: [[ ] PhoneAccount: ComponentInfo{com.android.phone/com.android.services.telephony.TelephonyConnectionService}, [5fef04621e9a9b41849c3df35e75799299008300], UserHandle{0} Capabilities: CallProvider MultiUser PlaceEmerg SimSub  Schemes: tel voicemail  Extras: null] with handle: ComponentInfo{com.android.phone/com.android.services.telephony.TelephonyConnectionService}, [5fef04621e9a9b41849c3df35e75799299008300], UserHandle{0}
05-28 06:06:34.390 I/Telephony(  743): PstnIncomingCallNotifier: Registering: Handler (com.android.internal.telephony.GsmCdmaPhone) {f265b68}
05-28 06:06:34.398 I/Telecom (  593): PhoneAccountRegistrar: [ComponentInfo{com.android.phone/com.android.services.telephony.TelephonyConnectionService}, [5fef04621e9a9b41849c3df35e75799299008300], UserHandle{0}(icon: Icon(typ=BITMAP size=19x24) -> Icon(typ=BITMAP size=19x24))]: TSI.rPA@ACY
05-28 06:06:34.399 I/Telecom (  593): : Sending phone-account registered intent as user: TSI.rPA@ACY
05-28 06:06:34.414 I/Telephony(  743): PstnIncomingCallNotifier: Unregistering: Handler (com.android.internal.telephony.GsmCdmaPhone) {f265b68}
05-28 06:06:34.419 I/healthd (  291): type=1400 audit(0.0:421): avc: denied { read } for name="capacity" dev="fuse" ino=8 scontext=u:r:init:s0 tcontext=u:object_r:fuse:s0 tclass=file permissive=1
05-28 06:06:34.419 I/healthd (  291): type=1400 audit(0.0:422): avc: denied { open } for path="/dev/pipe/battery/BAT0/capacity" dev="fuse" ino=8 scontext=u:r:init:s0 tcontext=u:object_r:fuse:s0 tclass=file permissive=1
05-28 06:06:34.427 I/healthd (  291): type=1400 audit(0.0:423): avc: denied { call } for scontext=u:r:init:s0 tcontext=u:r:system_server:s0 tclass=binder permissive=1
05-28 06:06:34.435 I/Telecom (  593): PhoneAccountRegistrar: [ComponentInfo{com.android.phone/com.android.services.telephony.TelephonyConnectionService}, [5fef04621e9a9b41849c3df35e75799299008300], UserHandle{0}(icon: Icon(typ=BITMAP size=19x24) -> Icon(typ=BITMAP size=19x24))]: TSI.rPA@ACc
05-28 06:06:34.435 I/Telecom (  593): : Sending phone-account registered intent as user: TSI.rPA@ACc
05-28 06:06:34.436 I/Telephony(  743): AccountEntry: Registered phoneAccount: [[ ] PhoneAccount: ComponentInfo{com.android.phone/com.android.services.telephony.TelephonyConnectionService}, [5fef04621e9a9b41849c3df35e75799299008300], UserHandle{0} Capabilities: CallProvider MultiUser PlaceEmerg SimSub  Schemes: tel voicemail  Extras: null] with handle: ComponentInfo{com.android.phone/com.android.services.telephony.TelephonyConnectionService}, [5fef04621e9a9b41849c3df35e75799299008300], UserHandle{0}
05-28 06:06:34.436 I/Telephony(  743): PstnIncomingCallNotifier: Registering: Handler (com.android.internal.telephony.GsmCdmaPhone) {f265b68}
05-28 06:06:34.442 I/Telephony(  743): PstnIncomingCallNotifier: Unregistering: Handler (com.android.internal.telephony.GsmCdmaPhone) {f265b68}
05-28 06:06:34.444 I/Telecom (  593): PhoneAccountRegistrar: [ComponentInfo{com.android.phone/com.android.services.telephony.TelephonyConnectionService}, [5fef04621e9a9b41849c3df35e75799299008300], UserHandle{0}(icon: Icon(typ=BITMAP size=19x24) -> Icon(typ=BITMAP size=19x24))]: TSI.rPA@ACo
05-28 06:06:34.445 I/Telecom (  593): : Sending phone-account registered intent as user: TSI.rPA@ACo
05-28 06:06:34.445 I/Telephony(  743): AccountEntry: Registered phoneAccount: [[ ] PhoneAccount: ComponentInfo{com.android.phone/com.android.services.telephony.TelephonyConnectionService}, [5fef04621e9a9b41849c3df35e75799299008300], UserHandle{0} Capabilities: CallProvider MultiUser PlaceEmerg SimSub  Schemes: tel voicemail  Extras: null] with handle: ComponentInfo{com.android.phone/com.android.services.telephony.TelephonyConnectionService}, [5fef04621e9a9b41849c3df35e75799299008300], UserHandle{0}
05-28 06:06:34.445 I/Telephony(  743): PstnIncomingCallNotifier: Registering: Handler (com.android.internal.telephony.GsmCdmaPhone) {f265b68}
05-28 06:06:34.446 I/NotificationMgr(  743): updateMwi(): subId 1 update to false
05-28 06:06:34.447 I/Telecom (  593): PhoneAccountRegistrar: [ComponentInfo{com.android.phone/com.android.services.telephony.TelephonyConnectionService}, [5fef04621e9a9b41849c3df35e75799299008300], UserHandle{0}(icon: Icon(typ=BITMAP size=19x24) -> Icon(typ=BITMAP size=19x24))]: TSI.rPA@AC4
05-28 06:06:34.447 I/Telecom (  593): : Sending phone-account registered intent as user: TSI.rPA@AC4
05-28 06:06:34.448 I/Telecom (  593): PhoneAccountRegistrar: [ComponentInfo{com.android.phone/com.android.services.telephony.TelephonyConnectionService}, [5fef04621e9a9b41849c3df35e75799299008300], UserHandle{0}(icon: Icon(typ=BITMAP size=19x24) -> Icon(typ=BITMAP size=19x24))]: TSI.rPA@ADA
05-28 06:06:34.448 I/Telecom (  593): : Sending phone-account registered intent as user: TSI.rPA@ADA
05-28 06:06:34.449 I/Telecom (  593): PhoneAccountRegistrar: [ComponentInfo{com.android.phone/com.android.services.telephony.TelephonyConnectionService}, [5fef04621e9a9b41849c3df35e75799299008300], UserHandle{0}(icon: Icon(typ=BITMAP size=19x24) -> Icon(typ=BITMAP size=19x24))]: TSI.rPA@ADI
05-28 06:06:34.449 I/Telecom (  593): : Sending phone-account registered intent as user: TSI.rPA@ADI
05-28 06:06:34.451 I/Telecom (  593): PhoneAccountRegistrar: SimCallManager queried, returning: null: TSI.gSCMFU@ADM
05-28 06:06:34.451 I/Telecom (  593): PhoneAccountRegistrar: [ComponentInfo{com.android.phone/com.android.services.telephony.TelephonyConnectionService}, [5fef04621e9a9b41849c3df35e75799299008300], UserHandle{0}(icon: Icon(typ=BITMAP size=19x24) -> Icon(typ=BITMAP size=19x24))]: TSI.rPA@ADU
05-28 06:06:34.451 I/Telecom (  593): : Sending phone-account registered intent as user: TSI.rPA@ADU
05-28 06:06:34.452 I/Telecom (  593): PhoneAccountRegistrar: [ComponentInfo{com.android.phone/com.android.services.telephony.TelephonyConnectionService}, [5fef04621e9a9b41849c3df35e75799299008300], UserHandle{0}(icon: Icon(typ=BITMAP size=19x24) -> Icon(typ=BITMAP size=19x24))]: TSI.rPA@ADc
05-28 06:06:34.452 I/Telecom (  593): : Sending phone-account registered intent as user: TSI.rPA@ADc
05-28 06:06:34.759 I/wpa_supplicant(  807): type=1400 audit(0.0:424): avc: denied { sendto } for path="/data/misc/wifi/sockets/wpa_ctrl_593-2" scontext=u:r:init:s0 tcontext=u:r:system_server:s0 tclass=unix_dgram_socket permissive=1
05-28 06:06:34.763 W/WifiMode(  593): WiredSSID, Invalid SupportedRates!!!
05-28 06:06:34.763 W/WifiMode(  593): WiredSSID, Invalid SupportedRates!!!
05-28 06:06:34.769 W/WifiMode(  593): WiredSSID, Invalid SupportedRates!!!
05-28 06:06:34.783 I/wpa_supplicant(  807): type=1400 audit(0.0:425): avc: denied { sendto } for path="/dev/socket/logdw" scontext=u:r:wpa:s0 tcontext=u:r:init:s0 tclass=unix_dgram_socket permissive=1
05-28 06:06:34.786 I/wpa_supplicant(  807): wlan0: Trying to associate with SSID 'WiredSSID'
05-28 06:06:34.786 I/wpa_supplicant(  807): wlan0: Associated with 01:80:c2:00:00:03
05-28 06:06:34.786 I/wpa_supplicant(  807): wlan0: CTRL-EVENT-CONNECTED - Connection to 01:80:c2:00:00:03 completed [id=0 id_str=%7B%22creatorUid%22%3A%22-1%22%2C%22configKey%22%3A%22%5C%22WiredSSID%5C%22NONE%22%7D]
05-28 06:06:34.788 E/WifiScanner(  593): listener cannot be found
05-28 06:06:34.795 I/Binder:289_2(  552): type=1400 audit(0.0:426): avc: denied { read } for path="socket:[12858]" dev="sockfs" ino=12858 scontext=u:r:netd:s0 tcontext=u:r:init:s0 tclass=unix_stream_socket permissive=1
05-28 06:06:34.795 I/Binder:289_2(  552): type=1400 audit(0.0:427): avc: denied { write } for path="socket:[12858]" dev="sockfs" ino=12858 scontext=u:r:netd:s0 tcontext=u:r:init:s0 tclass=unix_stream_socket permissive=1
05-28 06:06:34.815 I/Binder:289_2(  552): type=1400 audit(0.0:428): avc: denied { sendto } for path="/dev/socket/logdw" scontext=u:r:netd:s0 tcontext=u:r:init:s0 tclass=unix_dgram_socket permissive=1
05-28 06:06:34.817 E/WifiNative-HAL(  593): setBssidBlacklist cmd 0 size 0
05-28 06:06:34.819 W/AlarmManager(  593): Unrecognized alarm listener com.android.server.wifi.WifiConnectivityManager$3@8a724ae
05-28 06:06:34.819 E/WifiScanner(  593): listener cannot be found
05-28 06:06:34.875 I/netd    (  547): type=1400 audit(0.0:429): avc: denied { accept } for path="/dev/socket/dnsproxyd" scontext=u:r:netd:s0 tcontext=u:r:init:s0 tclass=unix_stream_socket permissive=1
05-28 06:06:34.875 I/netd    (  547): type=1400 audit(0.0:430): avc: denied { getopt } for path="/dev/socket/dnsproxyd" scontext=u:r:netd:s0 tcontext=u:r:init:s0 tclass=unix_stream_socket permissive=1
05-28 06:06:34.975 I/main    (  277): type=1400 audit(0.0:431): avc: denied { read } for path="/dev/socket/zygote" scontext=u:r:zygote:s0 tcontext=u:r:init:s0 tclass=unix_stream_socket permissive=1
05-28 06:06:34.975 I/main    (  277): type=1400 audit(0.0:432): avc: denied { getattr } for path="socket:[13474]" dev="sockfs" ino=13474 scontext=u:r:zygote:s0 tcontext=u:r:init:s0 tclass=unix_stream_socket permissive=1
05-28 06:06:34.990 I/ActivityManager(  593): Start proc 1337:com.android.dialer/u0a8 for broadcast com.android.dialer/.calllog.CallLogReceiver
05-28 06:06:34.994 I/RecoverySystem(  593): No recovery log file
05-28 06:06:34.995 I/logd.writer(  115): type=1400 audit(0.0:433): avc: denied { read } for path="/dev/socket/logdw" scontext=u:r:logd:s0 tcontext=u:r:init:s0 tclass=unix_dgram_socket permissive=1
05-28 06:06:34.996 W/art     ( 1337): Unexpected CPU variant for X86 using defaults: x86_64
05-28 06:06:35.006 I/BootReceiver(  593): Copying audit failures to DropBox
05-28 06:06:35.006 I/BootReceiver(  593): Checking for fsck errors
05-28 06:06:35.023 I/JDWP    ( 1345): type=1400 audit(0.0:434): avc: denied { connectto } for path=006A6477702D636F6E74726F6C scontext=u:r:priv_app:s0:c512,c768 tcontext=u:r:init:s0 tclass=unix_stream_socket permissive=1
05-28 06:06:35.050 I/GnssLocationProvider(  593): WakeLock acquired by sendMessage(5, 0, null)
05-28 06:06:35.050 I/GnssLocationProvider(  593): WakeLock acquired by sendMessage(6, 0, null)
05-28 06:06:35.050 I/GnssLocationProvider(  593): WakeLock acquired by handleInjectNtpTime()
05-28 06:06:35.050 I/GnssLocationProvider(  593): WakeLock released by handleMessage(5, 0, null)
05-28 06:06:35.050 I/GnssLocationProvider(  593): WakeLock released by handleMessage(6, 0, null)
05-28 06:06:35.064 W/System  ( 1337): ClassLoader referenced unknown path: /system/priv-app/Dialer/lib/x86_64
05-28 06:06:35.072 I/GnssLocationProvider(  593): WakeLock acquired by sendMessage(10, 0, null)
05-28 06:06:35.072 I/GnssLocationProvider(  593): WakeLock released by handleInjectNtpTime()
05-28 06:06:35.072 I/GnssLocationProvider(  593): WakeLock released by handleMessage(10, 0, null)
05-28 06:06:35.463 I/main    (  277): type=1400 audit(0.0:435): avc: denied { getattr } for path="/sys/kernel/debug/tracing/trace_marker" dev="tracefs" ino=1054 scontext=u:r:zygote:s0 tcontext=u:object_r:debugfs_tracing:s0 tclass=file permissive=1
05-28 06:06:35.463 I/main    ( 1358): type=1400 audit(0.0:436): avc: denied { write } for name="trace_marker" dev="tracefs" ino=1054 scontext=u:r:zygote:s0 tcontext=u:object_r:debugfs_tracing:s0 tclass=file permissive=1
05-28 06:06:35.463 I/main    ( 1358): type=1400 audit(0.0:437): avc: denied { open } for path="/sys/kernel/debug/tracing/trace_marker" dev="tracefs" ino=1054 scontext=u:r:zygote:s0 tcontext=u:object_r:debugfs_tracing:s0 tclass=file permissive=1
05-28 06:06:35.467 W/art     ( 1358): Unexpected CPU variant for X86 using defaults: x86_64
05-28 06:06:35.470 W/CountryDetector( 1337): No location permissions, not registering for location updates.
05-28 06:06:35.473 I/ActivityManager(  593): Start proc 1358:com.android.calendar/u0a31 for broadcast com.android.calendar/.alerts.AlertReceiver
05-28 06:06:35.483 W/System  ( 1358): ClassLoader referenced unknown path: /system/app/Calendar/lib/x86_64
05-28 06:06:35.556 I/AlarmClock(  871): AlarmInitReceiver android.intent.action.BOOT_COMPLETED
05-28 06:06:35.565 W/art     ( 1379): Unexpected CPU variant for X86 using defaults: x86_64
05-28 06:06:35.572 I/ActivityManager(  593): Start proc 1379:com.android.providers.calendar/u0a2 for content provider com.android.providers.calendar/.CalendarProvider2
05-28 06:06:35.578 W/art     ( 1394): Unexpected CPU variant for X86 using defaults: x86_64
05-28 06:06:35.580 W/System  ( 1379): ClassLoader referenced unknown path: /system/priv-app/CalendarProvider/lib/x86_64
05-28 06:06:35.586 I/ActivityManager(  593): Start proc 1394:com.android.email/u0a42 for broadcast com.android.email/.service.EmailBroadcastReceiver
05-28 06:06:35.594 W/System  ( 1394): ClassLoader referenced unknown path: /system/app/Email/lib/x86_64
05-28 06:06:35.598 I/CalendarProvider2( 1379): Created com.android.providers.calendar.CalendarAlarmManager@775c6a8(com.android.providers.calendar.CalendarProvider2@d9cf5c1)
05-28 06:06:36.194 W/AlarmManagerService(  593): Unable to set rtc to 1653732396: No such device
05-28 06:06:36.411 W/ActivityManager(  593): Unable to start service Intent { act=com.android.email.EXCHANGE_INTENT pkg=com.android.exchange } U=0: not found
05-28 06:06:36.415 W/ActivityManager(  593): Unable to start service Intent { act=com.android.email.EXCHANGE_INTENT pkg=com.android.exchange } U=0: not found
05-28 06:06:36.416 W/ActivityManager(  593): Unable to start service Intent { act=com.android.email.EXCHANGE_INTENT pkg=com.android.exchange } U=0: not found
05-28 06:06:36.424 I/SystemBroadcastReceiver(  668): Boot has been completed
05-28 06:06:36.424 I/SystemBroadcastReceiver(  668): toggleAppIcon() : FLAG_SYSTEM = true
05-28 06:06:36.426 W/ActivityManager(  593): Unable to start service Intent { act=com.android.email.EXCHANGE_INTENT pkg=com.android.exchange } U=0: not found
05-28 06:06:36.427 W/ActivityManager(  593): Unable to start service Intent { cmp=com.android.email/.service.AttachmentService } U=0: not found
05-28 06:06:36.430 I/JDWP    ( 1426): type=1400 audit(0.0:438): avc: denied { connectto } for path=006A6477702D636F6E74726F6C scontext=u:r:platform_app:s0:c512,c768 tcontext=u:r:init:s0 tclass=unix_stream_socket permissive=1
05-28 06:06:36.431 W/art     ( 1419): Unexpected CPU variant for X86 using defaults: x86_64
05-28 06:06:36.446 I/Binder:593_7(  980): type=1400 audit(0.0:439): avc: denied { sendto } for path="/dev/socket/logdw" scontext=u:r:system_server:s0 tcontext=u:r:init:s0 tclass=unix_dgram_socket permissive=1
05-28 06:06:36.449 I/ActivityManager(  593): Start proc 1419:com.android.managedprovisioning/u0a15 for broadcast com.android.managedprovisioning/.BootReminder
05-28 06:06:36.449 W/ActivityManager(  593): Unable to start service Intent { cmp=com.android.email/.service.AttachmentService } U=0: not found
05-28 06:06:36.450 W/ActivityManager(  593): Unable to start service Intent { act=com.android.email.EXCHANGE_INTENT pkg=com.android.exchange } U=0: not found
05-28 06:06:36.451 W/ActivityManager(  593): Unable to start service Intent { act=com.android.email.EXCHANGE_INTENT pkg=com.android.exchange } U=0: not found
05-28 06:06:36.453 W/ActivityManager(  593): Unable to start service Intent { act=com.android.email.EXCHANGE_INTENT pkg=com.android.exchange } U=0: not found
05-28 06:06:36.454 W/ActivityManager(  593): Unable to start service Intent { cmp=com.android.email/.service.AttachmentService } U=0: not found
05-28 06:06:36.455 W/System  ( 1419): ClassLoader referenced unknown path: /system/priv-app/ManagedProvisioning/lib/x86_64
05-28 06:06:36.458 W/ActivityManager(  593): Unable to start service Intent { act=com.android.email.EXCHANGE_INTENT pkg=com.android.exchange } U=0: not found
05-28 06:06:36.460 I/Email   ( 1394): Observing account changes for notifications
05-28 06:06:36.460 E/ActivityThread( 1394): Service com.android.email.service.EmailBroadcastProcessorService has leaked ServiceConnection com.android.emailcommon.service.ServiceProxy$ProxyConnection@25d4f6d that was originally bound here
05-28 06:06:36.460 E/ActivityThread( 1394): android.app.ServiceConnectionLeaked: Service com.android.email.service.EmailBroadcastProcessorService has leaked ServiceConnection com.android.emailcommon.service.ServiceProxy$ProxyConnection@25d4f6d that was originally bound here
05-28 06:06:36.460 E/ActivityThread( 1394): 	at android.app.LoadedApk$ServiceDispatcher.<init>(LoadedApk.java:1336)
05-28 06:06:36.460 E/ActivityThread( 1394): 	at android.app.LoadedApk.getServiceDispatcher(LoadedApk.java:1231)
05-28 06:06:36.460 E/ActivityThread( 1394): 	at android.app.ContextImpl.bindServiceCommon(ContextImpl.java:1478)
05-28 06:06:36.460 E/ActivityThread( 1394): 	at android.app.ContextImpl.bindService(ContextImpl.java:1450)
05-28 06:06:36.460 E/ActivityThread( 1394): 	at android.content.ContextWrapper.bindService(ContextWrapper.java:636)
05-28 06:06:36.460 E/ActivityThread( 1394): 	at com.android.emailcommon.service.ServiceProxy.setTask(ServiceProxy.java:181)
05-28 06:06:36.460 E/ActivityThread( 1394): 	at com.android.emailcommon.service.ServiceProxy.test(ServiceProxy.java:224)
05-28 06:06:36.460 E/ActivityThread( 1394): 	at com.android.email.service.EmailServiceUtils.isServiceAvailable(EmailServiceUtils.java:160)
05-28 06:06:36.460 E/ActivityThread( 1394): 	at com.android.email.provider.AccountReconciler.reconcileAccountsInternal(AccountReconciler.java:171)
05-28 06:06:36.460 E/ActivityThread( 1394): 	at com.android.email.provider.AccountReconciler.reconcileAccounts(AccountReconciler.java:115)
05-28 06:06:36.460 E/ActivityThread( 1394): 	at com.android.email.service.EmailBroadcastProcessorService.reconcileAndStartServices(EmailBroadcastProcessorService.java:305)
05-28 06:06:36.460 E/ActivityThread( 1394): 	at com.android.email.service.EmailBroadcastProcessorService.onBootCompleted(EmailBroadcastProcessorService.java:295)
05-28 06:06:36.460 E/ActivityThread( 1394): 	at com.android.email.service.EmailBroadcastProcessorService.onHandleIntent(EmailBroadcastProcessorService.java:130)
05-28 06:06:36.460 E/ActivityThread( 1394): 	at android.app.IntentService$ServiceHandler.handleMessage(IntentService.java:67)
05-28 06:06:36.460 E/ActivityThread( 1394): 	at android.os.Handler.dispatchMessage(Handler.java:102)
05-28 06:06:36.460 E/ActivityThread( 1394): 	at android.os.Looper.loop(Looper.java:154)
05-28 06:06:36.460 E/ActivityThread( 1394): 	at android.os.HandlerThread.run(HandlerThread.java:61)
05-28 06:06:36.460 W/ActivityManager(  593): Unbind failed: could not find connection for android.os.BinderProxy@7c3840f
05-28 06:06:36.469 W/art     ( 1433): Unexpected CPU variant for X86 using defaults: x86_64
05-28 06:06:36.476 I/ActivityManager(  593): Start proc 1433:com.android.messaging/u0a59 for broadcast com.android.messaging/.receiver.BootAndPackageReplacedReceiver
05-28 06:06:36.481 W/System  ( 1433): ClassLoader referenced unknown path: /system/app/messaging/lib/x86_64
05-28 06:06:36.733 I/CalendarProvider2( 1379): Sending notification intent: Intent { act=android.intent.action.PROVIDER_CHANGED dat=content://com.android.calendar flg=0x20000000 }
05-28 06:06:36.733 W/ContentResolver( 1379): Failed to get type for: content://com.android.calendar (Unknown URL content://com.android.calendar)
05-28 06:06:37.122 W/art     ( 1451): Unexpected CPU variant for X86 using defaults: x86_64
05-28 06:06:37.128 I/ActivityManager(  593): Start proc 1451:com.android.onetimeinitializer/u0a17 for broadcast com.android.onetimeinitializer/.OneTimeInitializerReceiver
05-28 06:06:37.130 I/MessagingApp( 1433): Carrier config changed. Reloading MMS config.
05-28 06:06:37.133 W/System  ( 1451): ClassLoader referenced unknown path: /system/priv-app/OneTimeInitializer/lib/x86_64
05-28 06:06:37.134 I/MessagingAppDataModel( 1433): Fixup: Send failed - 0 Download failed - 0
05-28 06:06:37.138 W/MessagingApp( 1433): canonicalizeMccMnc: invalid mccmnc:null ,null
05-28 06:06:37.144 W/MmsServiceBroker(  593): MmsService not connected. Try connecting...
05-28 06:06:37.144 I/MmsServiceBroker(  593): Connecting to MmsService
05-28 06:06:37.144 W/ContextImpl(  593): Calling a method in the system process without a qualified user: android.app.ContextImpl.bindService:1449 com.android.server.MmsServiceBroker.tryConnecting:240 com.android.server.MmsServiceBroker.-wrap3:-1 com.android.server.MmsServiceBroker$1.handleMessage:82 android.os.Handler.dispatchMessage:102 
05-28 06:06:37.155 W/System  (  743): ClassLoader referenced unknown path: /system/priv-app/MmsService/lib/x86_64
05-28 06:06:37.161 I/MmsServiceBroker(  593): MmsService connected
05-28 06:06:37.161 I/MmsService(  743): mms config for sub 1: null
05-28 06:06:37.162 I/MmsService(  743): MmsConfigManager receiver action: android.intent.action.SIM_STATE_CHANGED
05-28 06:06:37.162 I/MessagingApp( 1433): Carrier configs loaded: Bundle[{smsToMmsTextThreshold=-1, maxMessageTextSize=-1, recipientLimit=-1, maxImageHeight=480, maxMessageSize=307200, maxImageWidth=640, enabledMMS=true, enableMultipartSMS=true}] from resources+system for subId=1
05-28 06:06:37.162 I/MmsService(  743): MmsConfigManager receiver action: android.telephony.action.CARRIER_CONFIG_CHANGED
05-28 06:06:37.162 I/MmsService(  743): MmsConfigManager loads in background mcc/mnc: 310/270
05-28 06:06:37.165 I/MmsService(  743): MmsConfigManager loads in background mcc/mnc: 310/270
05-28 06:06:37.165 I/MmsService(  743): MmsConfigManager loads in background mcc/mnc: 310/270
05-28 06:06:37.168 W/MessagingApp( 1433): canonicalizeMccMnc: invalid mccmnc:null ,null
05-28 06:06:37.173 I/MessagingAppDataModel( 1433): SyncMessagesAction: Starting batch for messages from 1646714763786 to 1653732397113 (message update limit = 80, message scan limit = 4000)
05-28 06:06:37.173 I/MmsService(  743): mms config for sub 1: Bundle[{httpSocketTimeout=60000, aliasMinChars=2, smsToMmsTextThreshold=-1, enableSMSDeliveryReports=true, maxMessageTextSize=-1, supportMmsContentDisposition=true, enabledTransID=false, aliasEnabled=false, supportHttpCharsetHeader=false, allowAttachAudio=true, smsToMmsTextLengthThreshold=-1, recipientLimit=2147483647, uaProfTagName=x-wap-profile, aliasMaxChars=48, maxImageHeight=1944, enableMMSDeliveryReports=false, userAgent=, config_cellBroadcastAppLinks=true, maxSubjectLength=40, httpParams=, enableGroupMms=true, emailGatewayNumber=, maxMessageSize=1048576, naiSuffix=, enableMMSReadReports=false, maxImageWidth=2592, uaProfUrl=, enabledMMS=true, enabledNotifyWapMMSC=false, sendMultipartSmsAsSeparateMessages=false, enableMultipartSMS=true}]
05-28 06:06:37.173 I/MessagingApp( 1433): Carrier configs loaded: Bundle[{httpSocketTimeout=60000, aliasMinChars=2, smsToMmsTextThreshold=-1, enableSMSDeliveryReports=true, maxMessageTextSize=-1, supportMmsContentDisposition=true, enabledTransID=false, aliasEnabled=false, supportHttpCharsetHeader=false, allowAttachAudio=true, smsToMmsTextLengthThreshold=-1, recipientLimit=2147483647, uaProfTagName=x-wap-profile, aliasMaxChars=48, maxImageHeight=1944, enableMMSDeliveryReports=false, userAgent=, config_cellBroadcastAppLinks=true, maxSubjectLength=40, httpParams=, enableGroupMms=true, emailGatewayNumber=, maxMessageSize=1048576, naiSuffix=, enableMMSReadReports=false, maxImageWidth=2592, uaProfUrl=, enabledMMS=true, enabledNotifyWapMMSC=false, sendMultipartSmsAsSeparateMessages=false, enableMultipartSMS=true}] from resources+system for subId=1
05-28 06:06:37.177 W/MessagingApp( 1433): canonicalizeMccMnc: invalid mccmnc:null ,null
05-28 06:06:37.179 I/MmsService(  743): mms config for sub 1: Bundle[{httpSocketTimeout=60000, aliasMinChars=2, smsToMmsTextThreshold=-1, enableSMSDeliveryReports=true, maxMessageTextSize=-1, supportMmsContentDisposition=true, enabledTransID=false, aliasEnabled=false, supportHttpCharsetHeader=false, allowAttachAudio=true, smsToMmsTextLengthThreshold=-1, recipientLimit=2147483647, uaProfTagName=x-wap-profile, aliasMaxChars=48, maxImageHeight=1944, enableMMSDeliveryReports=false, userAgent=, config_cellBroadcastAppLinks=true, maxSubjectLength=40, httpParams=, enableGroupMms=true, emailGatewayNumber=, maxMessageSize=1048576, naiSuffix=, enableMMSReadReports=false, maxImageWidth=2592, uaProfUrl=, enabledMMS=true, enabledNotifyWapMMSC=false, sendMultipartSmsAsSeparateMessages=false, enableMultipartSMS=true}]
05-28 06:06:37.179 I/MessagingApp( 1433): Carrier configs loaded: Bundle[{httpSocketTimeout=60000, aliasMinChars=2, smsToMmsTextThreshold=-1, enableSMSDeliveryReports=true, maxMessageTextSize=-1, supportMmsContentDisposition=true, enabledTransID=false, aliasEnabled=false, supportHttpCharsetHeader=false, allowAttachAudio=true, smsToMmsTextLengthThreshold=-1, recipientLimit=2147483647, uaProfTagName=x-wap-profile, aliasMaxChars=48, maxImageHeight=1944, enableMMSDeliveryReports=false, userAgent=, config_cellBroadcastAppLinks=true, maxSubjectLength=40, httpParams=, enableGroupMms=true, emailGatewayNumber=, maxMessageSize=1048576, naiSuffix=, enableMMSReadReports=false, maxImageWidth=2592, uaProfUrl=, enabledMMS=true, enabledNotifyWapMMSC=false, sendMultipartSmsAsSeparateMessages=false, enableMultipartSMS=true}] from resources+system for subId=1
05-28 06:06:37.203 I/MessagingAppDataModel( 1433): SyncMessagesAction: All messages now in sync
05-28 06:06:37.218 I/Binder:743_2(  757): type=1400 audit(0.0:440): avc: denied { sendto } for path="/dev/socket/logdw" scontext=u:r:radio:s0 tcontext=u:r:init:s0 tclass=unix_dgram_socket permissive=1
05-28 06:06:37.270 I/otion.superuse( 1479): type=1400 audit(0.0:441): avc: denied { sendto } for path="/dev/socket/logdw" scontext=u:r:system_app:s0 tcontext=u:r:init:s0 tclass=unix_dgram_socket permissive=1
05-28 06:06:37.272 W/art     ( 1479): Unexpected CPU variant for X86 using defaults: x86_64
05-28 06:06:37.282 I/ActivityManager(  593): Start proc 1479:com.genymotion.superuser/1000 for broadcast com.genymotion.superuser/com.koushikdutta.superuser.SuCheckerReceiver
05-28 06:06:37.287 W/System  ( 1479): ClassLoader referenced unknown path: /system/app/Superuser/lib/x86_64
05-28 06:06:37.378 I/oadcastreceive( 1494): type=1400 audit(0.0:442): avc: denied { sendto } for path="/dev/socket/logdw" scontext=u:r:platform_app:s0:c512,c768 tcontext=u:r:init:s0 tclass=unix_dgram_socket permissive=1
05-28 06:06:37.378 I/Thread-2( 1499): type=1400 audit(0.0:443): avc: denied { execute } for name="su" dev="xvda5" ino=3656 scontext=u:r:system_app:s0 tcontext=u:object_r:su_exec:s0 tclass=file permissive=1
05-28 06:06:37.378 I/Thread-2( 1499): type=1400 audit(0.0:444): avc: denied { read open } for path="/system/xbin/su" dev="xvda5" ino=3656 scontext=u:r:system_app:s0 tcontext=u:object_r:su_exec:s0 tclass=file permissive=1
05-28 06:06:37.378 I/Thread-2( 1499): type=1400 audit(0.0:445): avc: denied { execute_no_trans } for path="/system/xbin/su" dev="xvda5" ino=3656 scontext=u:r:system_app:s0 tcontext=u:object_r:su_exec:s0 tclass=file permissive=1
05-28 06:06:37.378 I/JDWP    ( 1504): type=1400 audit(0.0:446): avc: denied { connectto } for path=006A6477702D636F6E74726F6C scontext=u:r:platform_app:s0:c512,c768 tcontext=u:r:init:s0 tclass=unix_stream_socket permissive=1
05-28 06:06:37.379 W/art     ( 1494): Unexpected CPU variant for X86 using defaults: x86_64
05-28 06:06:37.380 I/Superuser( 1479): Result: 16 com.genymotion.superuser
05-28 06:06:37.385 I/ActivityManager(  593): Start proc 1494:com.android.cellbroadcastreceiver/u0a4 for broadcast com.android.cellbroadcastreceiver/.CellBroadcastReceiver
05-28 06:06:37.386 I/lmkd    (  271): type=1400 audit(0.0:447): avc: denied { read } for path="socket:[12269]" dev="sockfs" ino=12269 scontext=u:r:lmkd:s0 tcontext=u:r:init:s0 tclass=unix_stream_socket permissive=1
05-28 06:06:37.411 W/MediaScanner( 1171): Error opening directory '/oem/media/', skipping: No such file or directory.
05-28 06:06:37.415 W/System  ( 1494): ClassLoader referenced unknown path: /system/priv-app/CellBroadcastReceiver/lib/x86_64
05-28 06:06:37.462 I/rild    (  293): type=1400 audit(0.0:448): avc: denied { sendto } for path="/dev/socket/logdw" scontext=u:r:rild:s0 tcontext=u:r:init:s0 tclass=unix_dgram_socket permissive=1
05-28 06:06:37.477 I/OmtpVvmCarrierCfgHlpr(  743): Requesting VVM activation for subId: 1
05-28 06:06:37.478 I/genybaseband(  296): type=1400 audit(0.0:449): avc: denied { sendto } for path="/dev/socket/logdw" scontext=u:r:logwrapper:s0 tcontext=u:r:init:s0 tclass=unix_dgram_socket permissive=1
05-28 06:06:37.494 I/genybaseband(  296): type=1400 audit(0.0:450): avc: denied { write } for path="socket:[9383]" dev="sockfs" ino=9383 scontext=u:r:logwrapper:s0 tcontext=u:r:logwrapper:s0 tclass=tcp_socket permissive=1
05-28 06:06:37.494 I/genybaseband(  296): type=1400 audit(0.0:451): avc: denied { read } for path="socket:[9383]" dev="sockfs" ino=9383 scontext=u:r:logwrapper:s0 tcontext=u:r:logwrapper:s0 tclass=tcp_socket permissive=1
05-28 06:06:37.530 I/droid.deskclock(  871): type=1400 audit(0.0:452): avc: denied { sendto } for path="/dev/socket/logdw" scontext=u:r:untrusted_app:s0:c512,c768 tcontext=u:r:init:s0 tclass=unix_dgram_socket permissive=1
05-28 06:06:37.534 I/AlarmClock(  871): AlarmInitReceiver android.intent.action.TIME_SET
05-28 06:06:37.554 I/OmtpVvmCarrierCfgHlpr(  743): Requesting VVM activation for subId: 1
05-28 06:06:37.942 I/wpa_supplicant(  807): type=1400 audit(0.0:453): avc: denied { read } for path="/dev/socket/wpa_wlan0" scontext=u:r:wpa:s0 tcontext=u:r:init:s0 tclass=unix_dgram_socket permissive=1
05-28 06:06:37.942 I/wpa_supplicant(  807): type=1400 audit(0.0:454): avc: denied { getopt } for path="/dev/socket/wpa_wlan0" scontext=u:r:wpa:s0 tcontext=u:r:init:s0 tclass=unix_dgram_socket permissive=1
05-28 06:06:37.942 I/wpa_supplicant(  807): type=1400 audit(0.0:455): avc: denied { ioctl } for path="socket:[13090]" dev="sockfs" ino=13090 ioctlcmd=5411 scontext=u:r:wpa:s0 tcontext=u:r:init:s0 tclass=unix_dgram_socket permissive=1
05-28 06:06:37.942 I/wpa_supplicant(  807): type=1400 audit(0.0:456): avc: denied { write } for path="/dev/socket/wpa_wlan0" scontext=u:r:wpa:s0 tcontext=u:r:init:s0 tclass=unix_dgram_socket permissive=1
05-28 06:06:42.563 I/GlobalDismissManager( 1358): no sender configured
05-28 06:06:50.699 I/ActivityManager(  593): Waited long enough for: ServiceRecord{1a5151f u0 com.android.calendar/.alerts.InitAlarmsService}
05-28 06:06:52.888 W/WifiMode(  593): WiredSSID, Invalid SupportedRates!!!
05-28 06:06:52.888 W/WifiMode(  593): WiredSSID, Invalid SupportedRates!!!
05-28 06:06:52.888 W/WifiMode(  593): WiredSSID, Invalid SupportedRates!!!
05-28 06:06:57.998 I/diskeventd(  259): type=1400 audit(0.0:457): avc: denied { read } for scontext=u:r:init:s0 tcontext=u:r:init:s0 tclass=netlink_kobject_uevent_socket permissive=1
05-28 06:07:01.338 I/crond   (  268): type=1400 audit(0.0:458): avc: denied { read } for name="crontab" dev="xvda7" ino=119043 scontext=u:r:vbox86-setup:s0 tcontext=u:object_r:system_data_file:s0 tclass=dir permissive=1
05-28 06:07:01.338 I/crond   (  268): type=1400 audit(0.0:459): avc: denied { open } for path="/data/crontab" dev="xvda7" ino=119043 scontext=u:r:vbox86-setup:s0 tcontext=u:object_r:system_data_file:s0 tclass=dir permissive=1
05-28 06:07:01.338 I/crond   (  268): type=1400 audit(0.0:460): avc: denied { read } for name="root" dev="xvda7" ino=119044 scontext=u:r:vbox86-setup:s0 tcontext=u:object_r:system_data_file:s0 tclass=file permissive=1
05-28 06:07:01.338 I/crond   (  268): type=1400 audit(0.0:461): avc: denied { open } for path="/data/crontab/root" dev="xvda7" ino=119044 scontext=u:r:vbox86-setup:s0 tcontext=u:object_r:system_data_file:s0 tclass=file permissive=1
05-28 06:07:01.338 I/crond   (  268): type=1400 audit(0.0:462): avc: denied { getattr } for path="/data/crontab/root" dev="xvda7" ino=119044 scontext=u:r:vbox86-setup:s0 tcontext=u:object_r:system_data_file:s0 tclass=file permissive=1
05-28 06:07:12.888 W/WifiMode(  593): WiredSSID, Invalid SupportedRates!!!
05-28 06:07:12.888 W/WifiMode(  593): WiredSSID, Invalid SupportedRates!!!
05-28 06:07:12.888 W/WifiMode(  593): WiredSSID, Invalid SupportedRates!!!
05-28 06:07:47.342 I//sbin/adbd(  146): type=1400 audit(0.0:463): avc: denied { setopt } for comm=73657276657220736F636B6574 laddr=::ffff:172.20.24.20 lport=5555 faddr=::ffff:172.20.122.204 fport=35856 scontext=u:r:init:s0 tcontext=u:r:init:s0 tclass=tcp_socket permissive=1
05-28 06:07:47.342 I//sbin/adbd(  146): type=1400 audit(0.0:464): avc: denied { accept } for comm=73657276657220736F636B6574 lport=5555 scontext=u:r:init:s0 tcontext=u:r:init:s0 tclass=tcp_socket permissive=1
05-28 06:07:47.362 I/<-0.0.0.04236( 1550): type=1400 audit(0.0:465): avc: denied { read } for path="socket:[569]" dev="sockfs" ino=569 scontext=u:r:init:s0 tcontext=u:r:init:s0 tclass=tcp_socket permissive=1
