05-28 06:06:07.913 I/art     (  277): option[41]=--instruction-set-features=default
05-28 06:06:07.913 I/art     (  277): option[42]=-Xcompiler-option
05-28 06:06:07.913 I/art     (  277): option[43]=--instruction-set-features=default
05-28 06:06:07.913 I/art     (  277): option[44]=-Duser.locale=en-US
05-28 06:06:07.913 I/art     (  277): option[45]=--cpu-abilist=x86_64
05-28 06:06:07.913 I/art     (  277): option[46]=-Xfingerprint:Android/cloud/cloud:7.0/NBD92Y/1313:userdebug/test-keys
05-28 06:06:08.264 I/ServiceManager(  280): Waiting for service media.camera.proxy...
05-28 06:06:09.264 I/ServiceManager(  280): Waiting for service media.camera.proxy...
05-28 06:06:10.264 I/ServiceManager(  280): Waiting for service media.camera.proxy...
05-28 06:06:13.022 E/memtrack(  278): Couldn't load memtrack module (No such file or directory)
05-28 06:06:13.022 E/android.os.Debug(  278): failed to load memtrack module: -2
05-28 06:06:13.023 I/Radio-JNI(  278): register_android_hardware_Radio DONE
05-28 06:06:13.220 I/SamplingProfilerIntegration(  278): Profiling disabled.
05-28 06:06:13.281 E/memtrack(  277): Couldn't load memtrack module (No such file or directory)
05-28 06:06:13.281 E/android.os.Debug(  277): failed to load memtrack module: -2
05-28 06:06:13.283 I/Radio-JNI(  277): register_android_hardware_Radio DONE
05-28 06:06:13.351 I/main    (  278): type=1400 audit(0.0:229): avc: denied { listen } for path="/dev/socket/zygote_secondary" scontext=u:r:zygote:s0 tcontext=u:r:init:s0 tclass=unix_stream_socket permissive=1
05-28 06:06:13.355 I/Zygote  (  278): Installing ICU cache reference pinning...
05-28 06:06:13.355 I/Zygote  (  278): Preloading ICU data...
05-28 06:06:13.593 I/SamplingProfilerIntegration(  277): Profiling disabled.
05-28 06:06:13.593 I/Zygote  (  277): Installing ICU cache reference pinning...
05-28 06:06:13.640 I/Zygote  (  278): Preloading classes...
05-28 06:06:13.662 I/Zygote  (  277): Preloading ICU data...
05-28 06:06:13.982 I/Zygote  (  277): Preloading classes...
05-28 06:06:16.074 E/Typeface(  278): Error mapping font file /system/fonts/DroidSansFallback.ttf
05-28 06:06:16.074 E/Typeface(  277): Error mapping font file /system/fonts/DroidSansFallback.ttf
05-28 06:06:16.633 I/art     (  278): Thread[1,tid=278,Native,Thread*=0xeda0b400,peer=0x12c060d0,"main"] recursive attempt to load library "/system/lib/libmedia_jni.so"
05-28 06:06:16.634 I/art     (  278): Thread[1,tid=278,Native,Thread*=0xeda0b400,peer=0x12c060d0,"main"] recursive attempt to load library "/system/lib/libmedia_jni.so"
05-28 06:06:16.634 I/art     (  278): Thread[1,tid=278,Native,Thread*=0xeda0b400,peer=0x12c060d0,"main"] recursive attempt to load library "/system/lib/libmedia_jni.so"
05-28 06:06:16.635 I/art     (  277): Thread[1,tid=277,Native,Thread*=0x7ffbf3095a00,peer=0x12c060d0,"main"] recursive attempt to load library "/system/lib64/libmedia_jni.so"
05-28 06:06:16.635 I/art     (  277): Thread[1,tid=277,Native,Thread*=0x7ffbf3095a00,peer=0x12c060d0,"main"] recursive attempt to load library "/system/lib64/libmedia_jni.so"
05-28 06:06:16.635 I/art     (  277): Thread[1,tid=277,Native,Thread*=0x7ffbf3095a00,peer=0x12c060d0,"main"] recursive attempt to load library "/system/lib64/libmedia_jni.so"
05-28 06:06:16.773 E/linker  (  278): library /system/lib/libavcodec.so with text relocation is whitelisted
05-28 06:06:16.773 W/linker  (  278): /system/lib/libavcodec.so has text relocations. This is wasting memory and prevents security hardening. Please fix.
05-28 06:06:16.773 E/linker  (  278): library /system/lib/libavcodec.so with text relocation is whitelisted
05-28 06:06:16.827 I/main    (  278): type=1400 audit(0.0:230): avc: denied { execmod } for path="/system/lib/libavcodec.so" dev="xvda5" ino=2166 scontext=u:r:zygote:s0 tcontext=u:object_r:system_file:s0 tclass=file permissive=1
05-28 06:06:16.842 E/linker  (  278): library /system/lib/libswresample.so with text relocation is whitelisted
05-28 06:06:16.842 W/linker  (  278): /system/lib/libswresample.so has text relocations. This is wasting memory and prevents security hardening. Please fix.
05-28 06:06:16.842 E/linker  (  278): library /system/lib/libswresample.so with text relocation is whitelisted
05-28 06:06:17.429 I/System  (  278): Loaded time zone names for "" in 104ms (104ms in ICU)
05-28 06:06:17.517 I/System  (  278): Loaded time zone names for "en_US" in 87ms (87ms in ICU)
05-28 06:06:17.531 I/Zygote  (  278): ...preloaded 4161 classes in 3891ms.
05-28 06:06:17.531 I/art     (  278): VMRuntime.preloadDexCaches starting
05-28 06:06:17.538 I/System  (  277): Loaded time zone names for "" in 6ms (5ms in ICU)
05-28 06:06:17.550 I/System  (  277): Loaded time zone names for "en_US" in 11ms (10ms in ICU)
05-28 06:06:17.561 I/Zygote  (  277): ...preloaded 4161 classes in 3579ms.
05-28 06:06:17.561 I/art     (  277): VMRuntime.preloadDexCaches starting
05-28 06:06:17.718 I/art     (  277): VMRuntime.preloadDexCaches strings total=282418 before=39296 after=39296
05-28 06:06:17.718 I/art     (  277): VMRuntime.preloadDexCaches types total=23493 before=7835 after=7862
05-28 06:06:17.718 I/art     (  277): VMRuntime.preloadDexCaches fields total=111426 before=40635 after=40849
05-28 06:06:17.718 I/art     (  277): VMRuntime.preloadDexCaches methods total=196896 before=82193 after=82753
05-28 06:06:17.718 I/art     (  277): VMRuntime.preloadDexCaches finished
05-28 06:06:17.729 I/art     (  278): VMRuntime.preloadDexCaches strings total=282418 before=39296 after=39296
05-28 06:06:17.729 I/art     (  278): VMRuntime.preloadDexCaches types total=23493 before=7835 after=7862
05-28 06:06:17.729 I/art     (  278): VMRuntime.preloadDexCaches fields total=111426 before=40635 after=40849
05-28 06:06:17.729 I/art     (  278): VMRuntime.preloadDexCaches methods total=196896 before=82193 after=82753
05-28 06:06:17.729 I/art     (  278): VMRuntime.preloadDexCaches finished
05-28 06:06:18.687 I/Zygote  (  277): Preloading resources...
05-28 06:06:18.687 I/Zygote  (  278): Preloading resources...
05-28 06:06:18.769 W/Resources(  277): Preloaded drawable resource #0x1080298 (android:drawable/editbox_dropdown_background_dark) that varies with configuration!!
05-28 06:06:18.773 W/Resources(  277): Preloaded drawable resource #0x108030a (android:drawable/ic_clear_disabled) that varies with configuration!!
05-28 06:06:18.773 W/Resources(  277): Preloaded drawable resource #0x108030f (android:drawable/ic_clear_normal) that varies with configuration!!
05-28 06:06:18.773 W/Resources(  277): Preloaded drawable resource #0x1080344 (android:drawable/ic_go) that varies with configuration!!
05-28 06:06:18.813 W/Resources(  278): Preloaded drawable resource #0x1080298 (android:drawable/editbox_dropdown_background_dark) that varies with configuration!!
05-28 06:06:18.815 W/Resources(  278): Preloaded drawable resource #0x108030a (android:drawable/ic_clear_disabled) that varies with configuration!!
05-28 06:06:18.815 W/Resources(  278): Preloaded drawable resource #0x108030f (android:drawable/ic_clear_normal) that varies with configuration!!
05-28 06:06:18.816 W/Resources(  278): Preloaded drawable resource #0x1080344 (android:drawable/ic_go) that varies with configuration!!
05-28 06:06:18.818 W/Resources(  278): Preloaded drawable resource #0x1080038 (android:drawable/ic_menu_close_clear_cancel) that varies with configuration!!
05-28 06:06:18.819 W/Resources(  277): Preloaded drawable resource #0x1080038 (android:drawable/ic_menu_close_clear_cancel) that varies with configuration!!
05-28 06:06:18.819 W/Resources(  277): Preloaded drawable resource #0x1080045 (android:drawable/ic_menu_more) that varies with configuration!!
05-28 06:06:18.821 W/Resources(  278): Preloaded drawable resource #0x1080045 (android:drawable/ic_menu_more) that varies with configuration!!
05-28 06:06:18.823 W/Resources(  278): Preloaded drawable resource #0x10804d2 (android:drawable/menu_background_fill_parent_width) that varies with configuration!!
05-28 06:06:18.823 W/Resources(  277): Preloaded drawable resource #0x10804d2 (android:drawable/menu_background_fill_parent_width) that varies with configuration!!
05-28 06:06:18.835 W/Resources(  277): Preloaded drawable resource #0x1080765 (android:drawable/text_edit_paste_window) that varies with configuration!!
05-28 06:06:18.836 W/Resources(  278): Preloaded drawable resource #0x1080765 (android:drawable/text_edit_paste_window) that varies with configuration!!
05-28 06:06:18.837 W/Resources(  278): Preloaded drawable resource #0x1080096 (android:drawable/toast_frame) that varies with configuration!!
05-28 06:06:18.837 I/Zygote  (  278): ...preloaded 114 resources in 151ms.
05-28 06:06:18.842 W/Resources(  277): Preloaded drawable resource #0x1080096 (android:drawable/toast_frame) that varies with configuration!!
05-28 06:06:18.842 I/Zygote  (  277): ...preloaded 114 resources in 156ms.
05-28 06:06:18.842 I/Zygote  (  278): ...preloaded 41 resources in 5ms.
05-28 06:06:18.843 E/libEGL  (  278): load_driver(/vendor/lib/egl/libGLES_swiftshader.so): dlopen failed: library "/vendor/lib/egl/libGLES_swiftshader.so" not found
05-28 06:06:18.844 I/Zygote  (  277): ...preloaded 41 resources in 1ms.
05-28 06:06:18.844 E/libEGL  (  277): load_driver(/vendor/lib64/egl/libGLES_swiftshader.so): dlopen failed: library "/vendor/lib64/egl/libGLES_swiftshader.so" not found
05-28 06:06:18.856 I/Zygote  (  277): Preloading shared libraries...
05-28 06:06:18.925 I/Zygote  (  277): Uninstalled ICU cache reference pinning...
05-28 06:06:18.927 I/Zygote  (  277): Installed AndroidKeyStoreProvider in 2ms.
05-28 06:06:18.930 I/Zygote  (  277): Warmed up JCA providers in 4ms.
05-28 06:06:18.930 I/art     (  277): Starting a blocking GC Explicit
05-28 06:06:18.934 I/art     (  277): Explicit concurrent mark sweep GC freed 7096(401KB) AllocSpace objects, 0(0B) LOS objects, 39% free, 2MB/4MB, paused 32us total 3.977ms
05-28 06:06:18.935 I/art     (  277): Starting a blocking GC Explicit
05-28 06:06:18.937 I/art     (  277): Explicit concurrent mark sweep GC freed 838(34KB) AllocSpace objects, 0(0B) LOS objects, 39% free, 2MB/3MB, paused 29us total 2.825ms
05-28 06:06:18.947 I/art     (  277): Starting a blocking GC HeapTrim
05-28 06:06:18.948 I/art     (  277): Starting a blocking GC Background
05-28 06:06:18.955 I/main    (  277): type=1400 audit(0.0:231): avc: denied { getattr } for path="/sys/kernel/debug/tracing/trace_marker" dev="tracefs" ino=1054 scontext=u:r:zygote:s0 tcontext=u:object_r:debugfs_tracing:s0 tclass=file permissive=1
05-28 06:06:18.955 I/main    (  277): type=1400 audit(0.0:232): avc: denied { getattr } for path="socket:[8938]" dev="sockfs" ino=8938 scontext=u:r:zygote:s0 tcontext=u:r:init:s0 tclass=unix_stream_socket permissive=1
05-28 06:06:18.958 I/Zygote  (  277): System server process 593 has been created
05-28 06:06:18.958 I/Zygote  (  277): Accepting command socket connections
05-28 06:06:19.403 I/Zygote  (  278): Preloading shared libraries...
05-28 06:06:19.493 I/Zygote  (  278): Uninstalled ICU cache reference pinning...
05-28 06:06:19.560 I/Zygote  (  278): Installed AndroidKeyStoreProvider in 67ms.
05-28 06:06:19.564 I/Zygote  (  278): Warmed up JCA providers in 5ms.
05-28 06:06:19.564 I/art     (  278): Starting a blocking GC Explicit
05-28 06:06:19.569 I/art     (  278): Explicit concurrent mark sweep GC freed 6592(373KB) AllocSpace objects, 0(0B) LOS objects, 39% free, 2MB/3MB, paused 44us total 4.044ms
05-28 06:06:19.569 I/art     (  278): Starting a blocking GC Explicit
05-28 06:06:19.572 I/art     (  278): Explicit concurrent mark sweep GC freed 541(15KB) AllocSpace objects, 0(0B) LOS objects, 39% free, 2MB/3MB, paused 36us total 3.400ms
05-28 06:06:19.583 I/main    (  278): type=1400 audit(0.0:233): avc: denied { accept } for path="/dev/socket/zygote_secondary" scontext=u:r:zygote:s0 tcontext=u:r:init:s0 tclass=unix_stream_socket permissive=1
05-28 06:06:19.583 I/main    (  278): type=1400 audit(0.0:234): avc: denied { getopt } for path="/dev/socket/zygote_secondary" scontext=u:r:zygote:s0 tcontext=u:r:init:s0 tclass=unix_stream_socket permissive=1
05-28 06:06:19.583 I/Zygote  (  278): Accepting command socket connections
05-28 06:06:19.591 I/main    (  278): type=1400 audit(0.0:235): avc: denied { setopt } for path="/dev/socket/zygote_secondary" scontext=u:r:zygote:s0 tcontext=u:r:init:s0 tclass=unix_stream_socket permissive=1
05-28 06:06:19.603 I/main    (  278): type=1400 audit(0.0:236): avc: denied { read } for path="/dev/socket/zygote_secondary" scontext=u:r:zygote:s0 tcontext=u:r:init:s0 tclass=unix_stream_socket permissive=1
05-28 06:06:19.603 I/main    (  278): type=1400 audit(0.0:237): avc: denied { write } for path="/dev/socket/zygote_secondary" scontext=u:r:zygote:s0 tcontext=u:r:init:s0 tclass=unix_stream_socket permissive=1
05-28 06:06:19.611 I/main    (  593): type=1400 audit(0.0:238): avc: denied { sendto } for path="/dev/socket/logdw" scontext=u:r:system_server:s0 tcontext=u:r:init:s0 tclass=unix_dgram_socket permissive=1
05-28 06:06:19.615 I/installd(  283): type=1400 audit(0.0:239): avc: denied { sendto } for path="/dev/socket/logdw" scontext=u:r:installd:s0 tcontext=u:r:init:s0 tclass=unix_dgram_socket permissive=1
05-28 06:06:19.615 I/installd(  283): type=1400 audit(0.0:240): avc: denied { read } for path="socket:[9036]" dev="sockfs" ino=9036 scontext=u:r:installd:s0 tcontext=u:r:init:s0 tclass=unix_stream_socket permissive=1
05-28 06:06:19.615 I/installd(  283): type=1400 audit(0.0:241): avc: denied { write } for path="socket:[9036]" dev="sockfs" ino=9036 scontext=u:r:installd:s0 tcontext=u:r:init:s0 tclass=unix_stream_socket permissive=1
05-28 06:06:19.615 I/Zygote  (  593): Process: zygote socket opened, supported ABIS: x86
05-28 06:06:19.615 I/InstallerConnection(  593): connecting...
05-28 06:06:19.615 I/        (  283): new connection
05-28 06:06:19.851 I/installd(  283): type=1400 audit(0.0:242): avc: denied { accept } for path="/dev/socket/installd" scontext=u:r:installd:s0 tcontext=u:r:init:s0 tclass=unix_stream_socket permissive=1
05-28 06:06:19.853 I/InstallerConnection(  593): disconnecting...
05-28 06:06:19.853 E/        (  283): eof
05-28 06:06:19.853 E/        (  283): failed to read size
05-28 06:06:19.853 I/        (  283): closing connection
05-28 06:06:20.298 I/SystemServer(  593): Entered the Android system server!
05-28 06:06:21.322 I/SystemServiceManager(  593): Starting com.android.server.pm.Installer
05-28 06:06:21.375 I/Installer(  593): Waiting for installd to be ready.
05-28 06:06:21.375 I/InstallerConnection(  593): connecting...
05-28 06:06:21.375 I/        (  283): new connection
05-28 06:06:21.375 I/SystemServiceManager(  593): Starting com.android.server.am.ActivityManagerService$Lifecycle
05-28 06:06:21.633 I/ActivityManager(  593): Memory class: 192
05-28 06:06:21.635 I/ServiceThread(  593): Enabled StrictMode logging for ActivityManager looper.
05-28 06:06:21.635 I/ServiceThread(  593): Enabled StrictMode logging for android.ui looper.
05-28 06:06:21.816 I/IntentFirewall(  593): Read new rules (A:0 B:0 S:0)
05-28 06:06:21.819 I/ServiceThread(  593): Enabled StrictMode logging for android.display looper.
05-28 06:06:21.898 I/SystemServiceManager(  593): Starting com.android.server.power.PowerManagerService
05-28 06:06:21.968 I/ServiceThread(  593): Enabled StrictMode logging for PowerManagerService looper.
05-28 06:06:21.968 W/libsuspend(  593): Error writing 'on' to /sys/power/state: Function not implemented
05-28 06:06:21.968 I/libsuspend(  593): Selected autosleep
05-28 06:06:21.970 I/SystemServiceManager(  593): Starting com.android.server.lights.LightsService
05-28 06:06:21.972 I/SystemServiceManager(  593): Starting com.android.server.display.DisplayManagerService
05-28 06:06:21.974 I/SystemServiceManager(  593): Starting phase 100
05-28 06:06:21.975 I/surfaceflinger(  276): type=1400 audit(0.0:243): avc: denied { sendto } for path="/dev/socket/logdw" scontext=u:r:surfaceflinger:s0 tcontext=u:r:init:s0 tclass=unix_dgram_socket permissive=1
05-28 06:06:21.976 I/DisplayManagerService(  593): Display device added: DisplayDeviceInfo{"Built-in Screen": uniqueId="local:0", 600 x 1024, modeId 1, defaultModeId 1, supportedModes [{id=1, width=600, height=1024, fps=60.000004}], colorTransformId 1, defaultColorTransformId 1, supportedColorTransforms [{id=1, colorTransform=0}], HdrCapabilities android.view.Display$HdrCapabilities@775c6a8, density 160, 160.0 x 160.0 dpi, appVsyncOff 0, presDeadline 17666666, touch INTERNAL, rotation 0, type BUILT_IN, state UNKNOWN, FLAG_DEFAULT_DISPLAY, FLAG_ROTATES_WITH_CONTENT, FLAG_SECURE, FLAG_SUPPORTS_PROTECTED_BUFFERS}
05-28 06:06:21.993 I/DisplayManagerService(  593): Display device changed state: "Built-in Screen", ON
05-28 06:06:21.993 I/SystemServer(  593): StartPackageManagerService
05-28 06:06:22.074 W/SystemConfig(  593): No directory /system/etc/sysconfig, skipping
05-28 06:06:22.297 E/art     (  593): DexFile_getDexOptNeeded file '/system/framework/org.apache.http.legacy.jar' does not exist
05-28 06:06:22.297 W/PackageManager(  593): Library not found: /system/framework/org.apache.http.legacy.jar
05-28 06:06:22.416 E/art     (  593): DexFile_getDexOptNeeded file '/system/framework/org.apache.http.legacy.jar' does not exist
05-28 06:06:22.416 W/PackageManager(  593): Library not found: /system/framework/org.apache.http.legacy.jar
05-28 06:06:22.428 W/PackageManager(  593): Failed to parse /system/framework/oat: Missing base APK in /system/framework/oat
05-28 06:06:22.428 W/PackageManager(  593): Failed to parse /system/framework/x86: Missing base APK in /system/framework/x86
05-28 06:06:22.428 W/PackageManager(  593): Failed to parse /system/framework/x86_64: Missing base APK in /system/framework/x86_64
05-28 06:06:23.029 W/PackageParser(  593): No actions in intent filter at /system/priv-app/Contacts/Contacts.apk Binary XML file line #403
05-28 06:06:23.509 W/PackageParser(  593): No actions in intent filter at /system/priv-app/Dialer/Dialer.apk Binary XML file line #185
05-28 06:06:23.574 W/PackageManager(  593): Permission android.permission.DOWNLOAD_WITHOUT_NOTIFICATION from package com.android.providers.downloads in an unknown group android.permission-group.NETWORK
05-28 06:06:23.916 W/PackageManager(  593): Permission com.android.launcher.permission.INSTALL_SHORTCUT from package com.android.launcher3 in an unknown group android.permission-group.SYSTEM_TOOLS
05-28 06:06:23.916 W/PackageManager(  593): Permission com.android.launcher3.permission.READ_SETTINGS from package com.android.launcher3 in an unknown group android.permission-group.SYSTEM_TOOLS
05-28 06:06:23.916 W/PackageManager(  593): Permission com.android.launcher3.permission.WRITE_SETTINGS from package com.android.launcher3 in an unknown group android.permission-group.SYSTEM_TOOLS
05-28 06:06:25.226 W/PackageParser(  593): Ignoring duplicate uses-permissions/uses-permissions-sdk-m: android.permission.USE_CREDENTIALS in package: com.android.settings at: Binary XML file line #53
05-28 06:06:25.227 W/PackageParser(  593): Ignoring duplicate uses-permissions/uses-permissions-sdk-m: android.permission.READ_SYNC_SETTINGS in package: com.android.settings at: Binary XML file line #58
05-28 06:06:25.227 W/PackageParser(  593): Ignoring duplicate uses-permissions/uses-permissions-sdk-m: android.permission.WRITE_SYNC_SETTINGS in package: com.android.settings at: Binary XML file line #59
05-28 06:06:25.238 W/PackageParser(  593): Ignoring duplicate uses-permissions/uses-permissions-sdk-m: android.permission.INSTALL_GRANT_RUNTIME_PERMISSIONS in package: com.android.shell at: Binary XML file line #102
05-28 06:06:25.529 W/PackageParser(  593): Ignoring duplicate uses-permissions/uses-permissions-sdk-m: android.permission.CONFIGURE_WIFI_DISPLAY in package: com.android.systemui at: Binary XML file line #123
05-28 06:06:26.382 W/PackageParser(  593): Ignoring duplicate uses-permissions/uses-permissions-sdk-m: android.permission.READ_CONTACTS in package: com.android.bluetooth at: Binary XML file line #61
05-28 06:06:26.382 W/PackageParser(  593): No actions in intent filter at /system/app/Bluetooth/Bluetooth.apk Binary XML file line #222
05-28 06:06:26.531 W/PackageManager(  593): Non-privileged app; cap priority to 0; package: com.android.calendar activity: com.android.calendar.GoogleCalendarUriIntentFilter origPrio: 50
05-28 06:06:26.967 W/PackageManager(  593): Non-privileged app; cap priority to 0; package: com.android.cts.ctsshim activity: com.android.cts.ctsshim.InstallPriority origPrio: 100
05-28 06:06:26.967 W/PackageManager(  593): Non-privileged app; cap priority to 0; package: com.android.cts.ctsshim activity: com.android.cts.ctsshim.InstallPriority origPrio: 100
05-28 06:06:26.967 W/PackageManager(  593): Non-privileged app; cap priority to 0; package: com.android.cts.ctsshim activity: com.android.cts.ctsshim.InstallPriority origPrio: 100
05-28 06:06:26.967 W/PackageManager(  593): Non-privileged app; cap priority to 0; package: com.android.cts.ctsshim activity: com.android.cts.ctsshim.InstallPriority origPrio: 100
05-28 06:06:26.967 W/PackageManager(  593): Non-privileged app; cap priority to 0; package: com.android.cts.ctsshim activity: com.android.cts.ctsshim.InstallPriority origPrio: 100
05-28 06:06:27.687 W/PackageParser(  593): Ignoring duplicate uses-permissions/uses-permissions-sdk-m: android.permission.WRITE_CONTACTS in package: com.android.email at: Binary XML file line #40
05-28 06:06:27.943 W/PackageParser(  593): Unknown element under <application>: permission at /system/app/Gallery2/Gallery2.apk Binary XML file line #238
05-28 06:06:27.943 W/PackageParser(  593): Unknown element under <application>: permission at /system/app/Gallery2/Gallery2.apk Binary XML file line #241
05-28 06:06:29.405 W/PackageParser(  593): No actions in intent filter at /data/app/ApiDemos/ApiDemos.apk Binary XML file line #3144
05-28 06:06:29.405 W/PackageParser(  593): No actions in intent filter at /data/app/ApiDemos/ApiDemos.apk Binary XML file line #3150
05-28 06:06:29.406 W/PackageManager(  593): Package com.example.android.apis desires unavailable shared library com.example.will.never.exist; ignoring!
05-28 06:06:29.406 I/SELinux (  593): SELinux: Loaded file_contexts contexts from /file_contexts.bin.
05-28 06:06:29.487 W/PackageManager(  593): Protected action; cap priority to 0; package: com.android.cts.priv.ctsshim activity: com.android.cts.priv.ctsshim.InstallPriority origPrio: 100
05-28 06:06:29.487 W/PackageManager(  593): Protected action; cap priority to 0; package: com.android.cts.priv.ctsshim activity: com.android.cts.priv.ctsshim.InstallPriority origPrio: 100
05-28 06:06:29.487 W/PackageManager(  593): Protected action; cap priority to 0; package: com.android.cts.priv.ctsshim activity: com.android.cts.priv.ctsshim.InstallPriority origPrio: 100
05-28 06:06:29.487 W/PackageManager(  593): Protected action; cap priority to 0; package: com.android.cts.priv.ctsshim activity: com.android.cts.priv.ctsshim.InstallPriority origPrio: 100
05-28 06:06:29.487 W/PackageManager(  593): Protected action; cap priority to 0; package: com.android.packageinstaller activity: com.android.packageinstaller.PackageInstallerActivity origPrio: 1
05-28 06:06:29.487 W/PackageManager(  593): Package com.android.gallery3d desires unavailable shared library com.google.android.media.effects; ignoring!
05-28 06:06:29.487 W/PackageManager(  593): Package com.android.gallery3d desires unavailable shared library com.google.android.media.effects; ignoring!
05-28 06:06:29.487 W/PackageManager(  593): Package com.example.android.apis desires unavailable shared library com.example.will.never.exist; ignoring!
05-28 06:06:29.487 I/PackageManager(  593): Adjusting ABI for com.android.providers.settings to x86_64 (requirer=com.genymobile.webrtcd, scannedPackage=null)
05-28 06:06:29.487 I/PackageManager(  593): Adjusting ABI for com.android.server.telecom to x86_64 (requirer=com.genymobile.webrtcd, scannedPackage=null)
05-28 06:06:29.487 I/PackageManager(  593): Adjusting ABI for com.android.keychain to x86_64 (requirer=com.genymobile.webrtcd, scannedPackage=null)
05-28 06:06:29.487 I/PackageManager(  593): Adjusting ABI for com.android.location.fused to x86_64 (requirer=com.genymobile.webrtcd, scannedPackage=null)
05-28 06:06:29.487 I/PackageManager(  593): Adjusting ABI for com.genymotion.systempatcher to x86_64 (requirer=com.genymobile.webrtcd, scannedPackage=null)
05-28 06:06:29.487 I/PackageManager(  593): Adjusting ABI for com.android.settings to x86_64 (requirer=com.genymobile.webrtcd, scannedPackage=null)
05-28 06:06:29.487 I/PackageManager(  593): Adjusting ABI for com.android.wallpaperbackup to x86_64 (requirer=com.genymobile.webrtcd, scannedPackage=null)
05-28 06:06:29.487 I/PackageManager(  593): Adjusting ABI for com.genymotion.genyd to x86_64 (requirer=com.genymobile.webrtcd, scannedPackage=null)
05-28 06:06:29.488 I/PackageManager(  593): Adjusting ABI for com.android.inputdevices to x86_64 (requirer=com.genymobile.webrtcd, scannedPackage=null)
05-28 06:06:29.488 I/PackageManager(  593): Adjusting ABI for com.genymotion.superuser to x86_64 (requirer=com.genymobile.webrtcd, scannedPackage=null)
05-28 06:06:29.488 I/PackageManager(  593): Adjusting ABI for com.genymobile.genymotionacme to x86_64 (requirer=com.genymobile.webrtcd, scannedPackage=null)
05-28 06:06:29.488 I/PackageManager(  593): Time to scan packages: 7.331 seconds
05-28 06:06:29.488 W/PackageManager(  593): Unknown permission com.google.android.googleapps.permission.GOOGLE_AUTH in package com.android.providers.calendar
05-28 06:06:29.488 W/PackageManager(  593): Unknown permission com.google.android.googleapps.permission.GOOGLE_AUTH.cl in package com.android.providers.calendar
05-28 06:06:29.488 W/PackageManager(  593): Not granting permission android.permission.GLOBAL_SEARCH to package com.android.quicksearchbox (protectionLevel=18 flags=0x3808be45)
05-28 06:06:29.488 W/PackageManager(  593): Not granting permission android.permission.WRITE_EXTERNAL_STORAGE to package gov.nasa.arc.astrobee.android.gs.manager because it was previously installed without
05-28 06:06:29.488 W/PackageManager(  593): Not granting permission android.permission.READ_EXTERNAL_STORAGE to package gov.nasa.arc.astrobee.android.gs.manager because it was previously installed without
05-28 06:06:29.488 W/PackageManager(  593): Not granting permission android.permission.BIND_WALLPAPER to package com.android.camera2 (protectionLevel=18 flags=0x3058bc45)
05-28 06:06:29.488 W/PackageManager(  593): Unknown permission com.android.launcher.permission.READ_SETTINGS in package com.android.launcher3
05-28 06:06:29.488 W/PackageManager(  593): Unknown permission com.android.launcher.permission.WRITE_SETTINGS in package com.android.launcher3
05-28 06:06:29.488 W/PackageManager(  593): Unknown permission com.google.android.googleapps.permission.GOOGLE_AUTH.mail in package com.android.calendar
05-28 06:06:29.488 W/PackageManager(  593): Unknown permission com.android.launcher.permission.READ_SETTINGS in package com.android.onetimeinitializer
05-28 06:06:29.488 W/PackageManager(  593): Unknown permission com.android.launcher.permission.WRITE_SETTINGS in package com.android.onetimeinitializer
05-28 06:06:29.488 W/PackageManager(  593): Unknown permission com.google.android.permission.INSTALL_WEARABLE_PACKAGES in package com.android.packageinstaller
05-28 06:06:29.488 W/PackageManager(  593): Not granting permission android.permission.DELETE_PACKAGES to package com.svox.pico (protectionLevel=18 flags=0x3808be45)
05-28 06:06:29.488 W/PackageManager(  593): Not granting permission android.permission.READ_CONTACTS to package com.example.android.apis because it was previously installed without
05-28 06:06:29.488 W/PackageManager(  593): Not granting permission android.permission.WRITE_CONTACTS to package com.example.android.apis because it was previously installed without
05-28 06:06:29.488 W/PackageManager(  593): Not granting permission android.permission.ACCESS_COARSE_LOCATION to package com.example.android.apis because it was previously installed without
05-28 06:06:29.488 W/PackageManager(  593): Not granting permission android.permission.WRITE_EXTERNAL_STORAGE to package com.example.android.apis because it was previously installed without
05-28 06:06:29.488 W/PackageManager(  593): Not granting permission android.permission.SEND_SMS to package com.example.android.apis because it was previously installed without
05-28 06:06:29.488 W/PackageManager(  593): Not granting permission android.permission.RECEIVE_SMS to package com.example.android.apis because it was previously installed without
05-28 06:06:29.488 W/PackageManager(  593): Not granting permission android.permission.RECEIVE_MMS to package com.example.android.apis because it was previously installed without
05-28 06:06:29.488 W/PackageManager(  593): Not granting permission android.permission.READ_SMS to package com.example.android.apis because it was previously installed without
05-28 06:06:29.488 W/PackageManager(  593): Not granting permission android.permission.READ_PHONE_STATE to package com.example.android.apis because it was previously installed without
05-28 06:06:29.488 W/PackageManager(  593): Not granting permission android.permission.RECORD_AUDIO to package com.example.android.apis because it was previously installed without
05-28 06:06:29.488 W/PackageManager(  593): Not granting permission android.permission.CAMERA to package com.example.android.apis because it was previously installed without
05-28 06:06:29.488 W/PackageManager(  593): Not granting permission android.permission.READ_EXTERNAL_STORAGE to package com.example.android.apis because it was previously installed without
05-28 06:06:29.488 W/PackageManager(  593): Unknown permission android.permission.RUN_INSTRUMENTATION in package org.chromium.webview_shell
05-28 06:06:29.488 W/PackageManager(  593): Unknown permission com.google.android.gallery3d.permission.PICASA_STORE in package com.android.dreams.phototable
05-28 06:06:29.489 W/PackageManager(  593): Unknown permission com.google.android.googleapps.permission.GOOGLE_AUTH in package com.android.settings
05-28 06:06:29.489 W/PackageManager(  593): Unknown permission com.android.launcher.permission.READ_SETTINGS in package com.android.settings
05-28 06:06:29.489 W/PackageManager(  593): Unknown permission com.android.launcher.permission.WRITE_SETTINGS in package com.android.settings
05-28 06:06:29.489 W/PackageManager(  593): Unknown permission com.google.android.gallery3d.permission.GALLERY_PROVIDER in package com.android.bluetooth
05-28 06:06:29.489 W/PackageManager(  593): Unknown permission com.google.android.googleapps.permission.ACCESS_GOOGLE_PASSWORD in package com.android.development
05-28 06:06:29.489 W/PackageManager(  593): Unknown permission com.google.android.googleapps.permission.GOOGLE_AUTH in package com.android.development
05-28 06:06:29.489 W/PackageManager(  593): Unknown permission com.google.android.googleapps.permission.GOOGLE_AUTH.ALL_SERVICES in package com.android.development
05-28 06:06:29.489 W/PackageManager(  593): Unknown permission com.google.android.googleapps.permission.GOOGLE_AUTH.YouTubeUser in package com.android.development
05-28 06:06:29.670 E/PackageManager(  593): There should probably be exactly one verifier; found []
05-28 06:06:29.680 I/art     (  593): Starting a blocking GC Explicit
05-28 06:06:29.687 I/art     (  593): Explicit concurrent mark sweep GC freed 1991(252KB) AllocSpace objects, 4(80KB) LOS objects, 33% free, 3MB/5MB, paused 70us total 6.442ms
05-28 06:06:29.688 I/SystemServer(  593): StartOtaDexOptService
05-28 06:06:29.691 I/lmkd    (  271): type=1400 audit(0.0:244): avc: denied { accept } for path="/dev/socket/lmkd" scontext=u:r:lmkd:s0 tcontext=u:r:init:s0 tclass=unix_stream_socket permissive=1
05-28 06:06:29.691 I/lmkd    (  271): type=1400 audit(0.0:245): avc: denied { sendto } for path="/dev/socket/logdw" scontext=u:r:lmkd:s0 tcontext=u:r:init:s0 tclass=unix_dgram_socket permissive=1
05-28 06:06:29.691 I/lmkd    (  271): type=1400 audit(0.0:246): avc: denied { read } for path="socket:[12269]" dev="sockfs" ino=12269 scontext=u:r:lmkd:s0 tcontext=u:r:init:s0 tclass=unix_stream_socket permissive=1
05-28 06:06:29.691 I/SystemServer(  593): StartUserManagerService
05-28 06:06:29.691 I/SystemServiceManager(  593): Starting com.android.server.pm.UserManagerService$LifeCycle
05-28 06:06:29.694 I/lowmemorykiller(  271): ActivityManager connected
05-28 06:06:29.695 I/Sensors (  593): Redis connect
05-28 06:06:29.699 I/netd    (  550): type=1400 audit(0.0:247): avc: denied { accept } for path="/dev/socket/fwmarkd" scontext=u:r:netd:s0 tcontext=u:r:init:s0 tclass=unix_stream_socket permissive=1
05-28 06:06:29.699 I/netd    (  550): type=1400 audit(0.0:248): avc: denied { getopt } for path="/dev/socket/fwmarkd" scontext=u:r:netd:s0 tcontext=u:r:init:s0 tclass=unix_stream_socket permissive=1
05-28 06:06:29.699 I/netd    (  550): type=1400 audit(0.0:249): avc: denied { read } for path="/dev/socket/fwmarkd" scontext=u:r:netd:s0 tcontext=u:r:init:s0 tclass=unix_stream_socket permissive=1
05-28 06:06:29.699 I/netd    (  550): type=1400 audit(0.0:250): avc: denied { write } for path="socket:[13322]" dev="sockfs" ino=13322 scontext=u:r:netd:s0 tcontext=u:r:init:s0 tclass=unix_stream_socket permissive=1
05-28 06:06:29.699 I/system_server(  593): type=1400 audit(0.0:251): avc: denied { call } for scontext=u:r:system_server:s0 tcontext=u:r:init:s0 tclass=binder permissive=1
05-28 06:06:29.699 I/system_server(  593): type=1400 audit(0.0:252): avc: denied { transfer } for scontext=u:r:system_server:s0 tcontext=u:r:init:s0 tclass=binder permissive=1
05-28 06:06:29.699 I/healthd (  291): type=1400 audit(0.0:253): avc: denied { call } for scontext=u:r:init:s0 tcontext=u:r:system_server:s0 tclass=binder permissive=1
05-28 06:06:29.699 I/Sensors (  593): Redis read thread
05-28 06:06:29.700 I/Sensors (  593): Redis read wait
05-28 06:06:29.700 W/Sensors (  593): message not properly formated
05-28 06:06:29.700 E/        (  593): Reporting Mode incorrect: sensor Genymotion Pressure handle=0x00000006 type=6 actual=1 expected=0
05-28 06:06:29.701 I/SystemServiceManager(  593): Starting com.android.server.BatteryService
05-28 06:06:29.703 I/SystemServiceManager(  593): Starting com.android.server.usage.UsageStatsService
05-28 06:06:29.711 I/SystemServiceManager(  593): Starting com.android.server.webkit.WebViewUpdateService
05-28 06:06:29.714 I/SystemServer(  593): Reading configuration...
05-28 06:06:29.714 I/SystemServer(  593): StartSchedulingPolicyService
05-28 06:06:29.714 I/SystemServiceManager(  593): Starting com.android.server.telecom.TelecomLoaderService
05-28 06:06:29.714 I/SystemServer(  593): StartTelephonyRegistry
05-28 06:06:29.715 I/SystemServer(  593): StartEntropyMixer
05-28 06:06:29.716 I/EntropyMixer(  593): Writing entropy...
05-28 06:06:29.722 I/SystemServer(  593): Camera Service
05-28 06:06:29.722 I/SystemServiceManager(  593): Starting com.android.server.camera.CameraService
05-28 06:06:29.723 I/ServiceThread(  593): Enabled StrictMode logging for CameraService_proxy looper.
05-28 06:06:29.723 I/SystemServer(  593): StartAccountManagerService
05-28 06:06:29.724 I/SystemServiceManager(  593): Starting com.android.server.accounts.AccountManagerService$Lifecycle
05-28 06:06:29.725 I/SystemServer(  593): StartContentService
05-28 06:06:29.726 I/SystemServiceManager(  593): Starting com.android.server.content.ContentService$Lifecycle
05-28 06:06:29.734 I/SystemServer(  593): InstallSystemProviders
05-28 06:06:29.737 W/System  (  593): ClassLoader referenced unknown path: /system/priv-app/SettingsProvider/lib/x86_64
05-28 06:06:29.825 I/SystemServer(  593): StartVibratorService
05-28 06:06:29.825 E/        (  593): Vibrator file does not exist : -1
05-28 06:06:29.825 E/        (  593): Vibrator device does not exist. Cannot start vibrator
05-28 06:06:29.825 W/VibratorService(  593): Tried to stop vibrating but there is no vibrator device.
05-28 06:06:29.826 I/SystemServer(  593): StartConsumerIrService
05-28 06:06:29.826 E/ConsumerIrService(  593): Can't open consumer IR HW Module, error: -2
05-28 06:06:29.826 I/SystemServer(  593): StartAlarmManagerService
05-28 06:06:29.826 I/SystemServiceManager(  593): Starting com.android.server.AlarmManagerService
05-28 06:06:29.827 W/AlarmManagerService(  593): no wall clock RTC found
05-28 06:06:29.828 I/SystemServer(  593): InitWatchdog
05-28 06:06:29.828 I/SystemServer(  593): StartInputManagerService
05-28 06:06:29.828 I/InputManager(  593): Initializing input manager, mUseDevInputEventForAudioJack=false
05-28 06:06:29.829 I/SystemServer(  593): StartWindowManagerService
05-28 06:06:30.051 I/WindowManager(  593): No existing display settings /data/system/display_settings.xml; starting empty
05-28 06:06:30.068 I/SystemServer(  593): StartVrManagerService
05-28 06:06:30.068 I/SystemServiceManager(  593): Starting com.android.server.vr.VrManagerService
05-28 06:06:30.069 W/VrManagerService(  593): init_native: Could not open VR hardware module, error No such file or directory (-2).
05-28 06:06:30.070 I/VrManagerService(  593): No VR packages found, disabling VR components
05-28 06:06:30.071 I/InputManager(  593): Starting input manager
05-28 06:06:30.072 I/SystemServer(  593): No Bluetooth Service (emulator)
05-28 06:06:30.072 I/SystemServer(  593): ConnectivityMetricsLoggerService
05-28 06:06:30.072 I/SystemServiceManager(  593): Starting com.android.server.connectivity.MetricsLoggerService
05-28 06:06:30.073 I/SystemServer(  593): PinnerService
05-28 06:06:30.074 I/SystemServiceManager(  593): Starting com.android.server.PinnerService
05-28 06:06:30.074 E/PinnerService(  593): Starting PinnerService
05-28 06:06:30.074 I/SystemServiceManager(  593): Starting com.android.server.InputMethodManagerService$Lifecycle
05-28 06:06:30.074 W/EventHub(  593): Unable to disable kernel key repeat for /dev/input/event1: Function not implemented
05-28 06:06:30.074 I/EventHub(  593): New device: id=1, fd=96, path='/dev/input/event1', name='Sleep Button', classes=0x1, configuration='', keyLayout='/system/usr/keylayout/Generic.kl', keyCharacterMap='/system/usr/keychars/Generic.kcm', builtinKeyboard=false, wakeMechanism=EPOLLWAKEUP, usingClockIoctl=true
05-28 06:06:30.075 W/EventHub(  593): Unable to disable kernel key repeat for /dev/input/event0: Function not implemented
05-28 06:06:30.075 I/EventHub(  593): New device: id=2, fd=97, path='/dev/input/event0', name='Power Button', classes=0x1, configuration='', keyLayout='/system/usr/keylayout/Generic.kl', keyCharacterMap='/system/usr/keychars/Generic.kcm', builtinKeyboard=false, wakeMechanism=EPOLLWAKEUP, usingClockIoctl=true
05-28 06:06:30.076 I/EventHub(  593): New device: id=3, fd=98, path='/dev/input/event2', name='AT Translated Set 2 keyboard', classes=0x3, configuration='', keyLayout='/system/usr/keylayout/AT_Translated_Set_2_keyboard.kl', keyCharacterMap='/system/usr/keychars/Generic.kcm', builtinKeyboard=false, wakeMechanism=EPOLLWAKEUP, usingClockIoctl=true
05-28 06:06:30.076 E/EventHub(  593): could not get driver version for /dev/input/mice, Not a typewriter
05-28 06:06:30.103 I/EventHub(  593): ignoring event id /dev/input/event3 driver ImExPS/2 Generic Explorer Mouse
05-28 06:06:30.135 E/EventHub(  593): could not get driver version for /dev/input/mouse0, Not a typewriter
05-28 06:06:30.167 I/lmkd    (  271): type=1400 audit(0.0:254): avc: denied { read } for path="socket:[12269]" dev="sockfs" ino=12269 scontext=u:r:lmkd:s0 tcontext=u:r:init:s0 tclass=unix_stream_socket permissive=1
05-28 06:06:30.168 I/InputReader(  593): Device added: id=-1, name='Virtual', sources=0x00000301
05-28 06:06:30.168 I/InputReader(  593): Device added: id=3, name='AT Translated Set 2 keyboard', sources=0x00000101
05-28 06:06:30.168 I/InputReader(  593): Device added: id=2, name='Power Button', sources=0x00000101
05-28 06:06:30.168 I/InputReader(  593): Device added: id=1, name='Sleep Button', sources=0x00000101
05-28 06:06:30.246 I/SystemServer(  593): StartAccessibilityManagerService
05-28 06:06:30.248 I/ActivityManager(  593): Config changes=1df8 {1.0 ?mcc?mnc [en_US] ldltr sw600dp w600dp h1024dp 160dpi lrg long port ?uimode ?night -touch qwerty/v/v -nav/h s.2}
05-28 06:06:30.250 I/ActivityManager(  593): Config changes=500 {1.0 ?mcc?mnc [en_US] ldltr sw600dp w600dp h952dp 160dpi lrg port ?uimode ?night -touch qwerty/v/v -nav/h s.3}
05-28 06:06:30.250 I/UsageStatsService(  593): User[0] Rollover scheduled @ 2022-05-29 06:06:30(1653818790249)
05-28 06:06:30.250 E/AppIdleHistory(  593): Unable to read app idle file for user 0
05-28 06:06:30.264 I/SystemServiceManager(  593): Starting com.android.server.MountService$Lifecycle
05-28 06:06:30.264 I/InputReader(  593): Reconfiguring input devices.  changes=0x00000004
05-28 06:06:30.264 I/InputReader(  593): Reconfiguring input devices.  changes=0x00000004
05-28 06:06:30.267 I/vold    (  127): type=1400 audit(0.0:255): avc: denied { accept } for path="/dev/socket/cryptd" scontext=u:r:vold:s0 tcontext=u:r:init:s0 tclass=unix_stream_socket permissive=1
05-28 06:06:30.267 I/vold    (  127): type=1400 audit(0.0:256): avc: denied { getopt } for path="/dev/socket/cryptd" scontext=u:r:vold:s0 tcontext=u:r:init:s0 tclass=unix_stream_socket permissive=1
05-28 06:06:30.267 I/SystemServiceManager(  593): Starting com.android.server.UiModeManagerService
05-28 06:06:30.268 I/ActivityManager(  593): Config changes=200 {1.0 ?mcc?mnc [en_US] ldltr sw600dp w600dp h952dp 160dpi lrg port -touch qwerty/v/v -nav/h s.4}
05-28 06:06:30.271 W/PackageManager(  593): No disk maintenance in 7017636271; running immediately
05-28 06:06:30.272 I/MountService(  593): fstrim requested, but no daemon connection yet; trying again
05-28 06:06:30.272 I/SystemServer(  593): StartLockSettingsService
05-28 06:06:30.272 I/SystemServiceManager(  593): Starting com.android.server.LockSettingsService$Lifecycle
05-28 06:06:30.275 I/SystemServiceManager(  593): Starting com.android.server.DeviceIdleController
05-28 06:06:30.279 I/vold    (  127): type=1400 audit(0.0:257): avc: denied { read } for path="socket:[12855]" dev="sockfs" ino=12855 scontext=u:r:vold:s0 tcontext=u:r:init:s0 tclass=unix_stream_socket permissive=1
05-28 06:06:30.279 I/vold    (  127): type=1400 audit(0.0:258): avc: denied { write } for path="socket:[12855]" dev="sockfs" ino=12855 scontext=u:r:vold:s0 tcontext=u:r:init:s0 tclass=unix_stream_socket permissive=1
05-28 06:06:30.349 W/art     (  593): Suspending all threads took: 69.062ms
05-28 06:06:30.351 W/MountService(  593): No primary storage mounted!
05-28 06:06:30.351 I/PackageManager(  593): No secure containers found
05-28 06:06:30.352 W/PackageManager(  593): Unknown permission com.google.android.googleapps.permission.GOOGLE_AUTH in package com.android.providers.calendar
05-28 06:06:30.352 W/PackageManager(  593): Unknown permission com.google.android.googleapps.permission.GOOGLE_AUTH.cl in package com.android.providers.calendar
05-28 06:06:30.352 I/art     (  593): Background sticky concurrent mark sweep GC freed 10840(655KB) AllocSpace objects, 3(60KB) LOS objects, 15% free, 4MB/5MB, paused 70.674ms total 76.964ms
05-28 06:06:30.352 W/PackageManager(  593): Not granting permission android.permission.GLOBAL_SEARCH to package com.android.quicksearchbox (protectionLevel=18 flags=0x3888be45)
05-28 06:06:30.352 W/PackageManager(  593): Not granting permission android.permission.WRITE_EXTERNAL_STORAGE to package gov.nasa.arc.astrobee.android.gs.manager because it was previously installed without
05-28 06:06:30.352 W/PackageManager(  593): Not granting permission android.permission.READ_EXTERNAL_STORAGE to package gov.nasa.arc.astrobee.android.gs.manager because it was previously installed without
05-28 06:06:30.352 W/PackageManager(  593): Not granting permission android.permission.BIND_WALLPAPER to package com.android.camera2 (protectionLevel=18 flags=0x30d8bc45)
05-28 06:06:30.352 W/PackageManager(  593): Unknown permission com.android.launcher.permission.READ_SETTINGS in package com.android.launcher3
05-28 06:06:30.352 W/PackageManager(  593): Unknown permission com.android.launcher.permission.WRITE_SETTINGS in package com.android.launcher3
05-28 06:06:30.352 W/PackageManager(  593): Unknown permission com.google.android.googleapps.permission.GOOGLE_AUTH.mail in package com.android.calendar
05-28 06:06:30.352 W/PackageManager(  593): Unknown permission com.android.launcher.permission.READ_SETTINGS in package com.android.onetimeinitializer
05-28 06:06:30.352 W/PackageManager(  593): Unknown permission com.android.launcher.permission.WRITE_SETTINGS in package com.android.onetimeinitializer
05-28 06:06:30.352 I/SystemServiceManager(  593): Starting com.android.server.devicepolicy.DevicePolicyManagerService$Lifecycle
05-28 06:06:30.352 W/PackageManager(  593): Unknown permission com.google.android.permission.INSTALL_WEARABLE_PACKAGES in package com.android.packageinstaller
05-28 06:06:30.352 W/PackageManager(  593): Not granting permission android.permission.DELETE_PACKAGES to package com.svox.pico (protectionLevel=18 flags=0x3888be45)
05-28 06:06:30.352 W/PackageManager(  593): Not granting permission android.permission.READ_CONTACTS to package com.example.android.apis because it was previously installed without
05-28 06:06:30.352 W/PackageManager(  593): Not granting permission android.permission.WRITE_CONTACTS to package com.example.android.apis because it was previously installed without
05-28 06:06:30.352 W/PackageManager(  593): Not granting permission android.permission.ACCESS_COARSE_LOCATION to package com.example.android.apis because it was previously installed without
05-28 06:06:30.352 W/PackageManager(  593): Not granting permission android.permission.WRITE_EXTERNAL_STORAGE to package com.example.android.apis because it was previously installed without
05-28 06:06:30.352 W/PackageManager(  593): Not granting permission android.permission.SEND_SMS to package com.example.android.apis because it was previously installed without
05-28 06:06:30.352 W/PackageManager(  593): Not granting permission android.permission.RECEIVE_SMS to package com.example.android.apis because it was previously installed without
05-28 06:06:30.352 W/PackageManager(  593): Not granting permission android.permission.RECEIVE_MMS to package com.example.android.apis because it was previously installed without
05-28 06:06:30.352 W/PackageManager(  593): Not granting permission android.permission.READ_SMS to package com.example.android.apis because it was previously installed without
05-28 06:06:30.352 W/PackageManager(  593): Not granting permission android.permission.READ_PHONE_STATE to package com.example.android.apis because it was previously installed without
05-28 06:06:30.352 W/PackageManager(  593): Not granting permission android.permission.RECORD_AUDIO to package com.example.android.apis because it was previously installed without
05-28 06:06:30.352 W/PackageManager(  593): Not granting permission android.permission.CAMERA to package com.example.android.apis because it was previously installed without
05-28 06:06:30.352 W/PackageManager(  593): Not granting permission android.permission.READ_EXTERNAL_STORAGE to package com.example.android.apis because it was previously installed without
05-28 06:06:30.352 W/PackageManager(  593): Unknown permission android.permission.RUN_INSTRUMENTATION in package org.chromium.webview_shell
05-28 06:06:30.352 W/PackageManager(  593): Unknown permission com.google.android.gallery3d.permission.PICASA_STORE in package com.android.dreams.phototable
05-28 06:06:30.352 W/PackageManager(  593): Unknown permission com.google.android.googleapps.permission.GOOGLE_AUTH in package com.android.settings
05-28 06:06:30.352 W/PackageManager(  593): Unknown permission com.android.launcher.permission.READ_SETTINGS in package com.android.settings
05-28 06:06:30.352 W/PackageManager(  593): Unknown permission com.android.launcher.permission.WRITE_SETTINGS in package com.android.settings
05-28 06:06:30.352 W/PackageManager(  593): Unknown permission com.google.android.gallery3d.permission.GALLERY_PROVIDER in package com.android.bluetooth
05-28 06:06:30.352 W/PackageManager(  593): Unknown permission com.google.android.googleapps.permission.ACCESS_GOOGLE_PASSWORD in package com.android.development
05-28 06:06:30.352 W/PackageManager(  593): Unknown permission com.google.android.googleapps.permission.GOOGLE_AUTH in package com.android.development
05-28 06:06:30.352 W/PackageManager(  593): Unknown permission com.google.android.googleapps.permission.GOOGLE_AUTH.ALL_SERVICES in package com.android.development
05-28 06:06:30.352 W/PackageManager(  593): Unknown permission com.google.android.googleapps.permission.GOOGLE_AUTH.YouTubeUser in package com.android.development
05-28 06:06:30.369 W/MountService(  593): No primary storage defined yet; hacking together a stub
05-28 06:06:30.369 W/MountService(  593): No primary storage defined yet; hacking together a stub
05-28 06:06:30.369 I/SystemServer(  593): StartStatusBarManagerService
05-28 06:06:30.369 W/MountService(  593): No primary storage mounted!
05-28 06:06:30.370 I/SystemServer(  593): StartClipboardService
05-28 06:06:30.370 I/SystemServer(  593): StartNetworkManagementService
05-28 06:06:30.375 I/NetworkManagement(  593): onDaemonConnected()
05-28 06:06:30.376 I/SystemServiceManager(  593): Starting com.android.server.TextServicesManagerService$Lifecycle
05-28 06:06:30.378 I/SystemServer(  593): StartNetworkScoreService
05-28 06:06:30.379 I/SystemServer(  593): StartNetworkStatsService
05-28 06:06:30.382 I/SystemServer(  593): StartNetworkPolicyManagerService
05-28 06:06:30.385 I/SystemServer(  593): No Wi-Fi NAN Service (NAN support Not Present)
